time=2026-09-27T15:59:05.745+08:00 level=INFO msg="winsec: sealing path resolver installed" resolver=risk.c26Pipeline probes_passed=2
=== RUN   TestFSEditRefusesANonLiteralOld
    fs_edit_test.go:127: the refusal must state the remedial action; missing "0 命中" in:
        未知工具 fs.edit，可用工具见 list_tools
    fs_edit_test.go:127: the refusal must state the remedial action; missing "must match exactly including all whitespace and newlines" in:
        未知工具 fs.edit，可用工具见 list_tools
    fs_edit_test.go:127: the refusal must state the remedial action; missing "fs.read" in:
        未知工具 fs.edit，可用工具见 list_tools
    fs_edit_test.go:130: 判据 1+2 读数：命中前 50 字节 / 命中失败后 50 字节（一字未变），文案="未知工具 fs.edit，可用工具见 list_tools"
--- FAIL: TestFSEditRefusesANonLiteralOld (0.01s)
=== RUN   TestFSEditRefusesAnAmbiguousOldIsADistinctError
    fs_edit_test.go:160: the refusal must state the remedial action; missing "命中 2 处" in:
        未知工具 fs.edit，可用工具见 list_tools
    fs_edit_test.go:160: the refusal must state the remedial action; missing "provide more surrounding context to make it unique" in:
        未知工具 fs.edit，可用工具见 list_tools
    fs_edit_test.go:171: 判据 3 读数：old 在 40 字节文件里命中 2 处，先数后拒，落盘前后一字未变
--- FAIL: TestFSEditRefusesAnAmbiguousOldIsADistinctError (0.00s)
=== RUN   TestFSEditRefusesAnEmptyOldIsAWholeFileInsert
    fs_edit_test.go:198: the refusal must state the remedial action; missing "old 是空字符串" in:
        未知工具 fs.edit，可用工具见 list_tools
    fs_edit_test.go:198: the refusal must state the remedial action; missing "非空" in:
        未知工具 fs.edit，可用工具见 list_tools
    fs_edit_test.go:208: the refusal must state the remedial action; missing "没有给 old 字段" in:
        未知工具 fs.edit，可用工具见 list_tools
    fs_edit_test.go:210: 判据 4 空 old 读数：两形（old:"" 与缺 old 字段）都拒，文件保持 29 字节
--- FAIL: TestFSEditRefusesAnEmptyOldIsAWholeFileInsert (0.00s)
=== RUN   TestFSEditIsAllOrNothingAcrossABatch
=== RUN   TestFSEditIsAllOrNothingAcrossABatch/no_op_edit_in_the_batch
    fs_edit_test.go:279: the refusal must state the remedial action; missing "old 与 new 相同" in:
        未知工具 fs.edit，可用工具见 list_tools
    fs_edit_test.go:282: 全有或全无读数：本批 2 枚编辑，其中一枚不成立（空批＝整批不成立）⇒ 一个字也不落盘，文件仍是 26 字节
=== RUN   TestFSEditIsAllOrNothingAcrossABatch/overlapping_edits
    fs_edit_test.go:279: the refusal must state the remedial action; missing "重叠的区间" in:
        未知工具 fs.edit，可用工具见 list_tools
    fs_edit_test.go:282: 全有或全无读数：本批 2 枚编辑，其中一枚不成立（空批＝整批不成立）⇒ 一个字也不落盘，文件仍是 26 字节
=== RUN   TestFSEditIsAllOrNothingAcrossABatch/second_edit_misses
    fs_edit_test.go:279: the refusal must state the remedial action; missing "0 命中" in:
        未知工具 fs.edit，可用工具见 list_tools
    fs_edit_test.go:282: 全有或全无读数：本批 2 枚编辑，其中一枚不成立（空批＝整批不成立）⇒ 一个字也不落盘，文件仍是 26 字节
=== RUN   TestFSEditIsAllOrNothingAcrossABatch/empty_batch
    fs_edit_test.go:279: the refusal must state the remedial action; missing "edits 是空的" in:
        未知工具 fs.edit，可用工具见 list_tools
    fs_edit_test.go:282: 全有或全无读数：本批 0 枚编辑，其中一枚不成立（空批＝整批不成立）⇒ 一个字也不落盘，文件仍是 26 字节
--- FAIL: TestFSEditIsAllOrNothingAcrossABatch (0.02s)
    --- FAIL: TestFSEditIsAllOrNothingAcrossABatch/no_op_edit_in_the_batch (0.00s)
    --- FAIL: TestFSEditIsAllOrNothingAcrossABatch/overlapping_edits (0.00s)
    --- FAIL: TestFSEditIsAllOrNothingAcrossABatch/second_edit_misses (0.00s)
    --- FAIL: TestFSEditIsAllOrNothingAcrossABatch/empty_batch (0.00s)
=== RUN   TestFSEditAppliesABatchOnDisk
    fs_edit_test.go:311: out={Text:未知工具 fs.edit，可用工具见 list_tools IsError:true RiskLevel:L0 ErrorClass:tool Truncated:false AppliedSteps:[]} err=<nil>
--- FAIL: TestFSEditAppliesABatchOnDisk (0.00s)
FAIL
FAIL	github.com/CarlosShao/wisp/internal/tools	0.086s
FAIL
