time=2026-09-27T15:53:26.191+08:00 level=INFO msg="winsec: sealing path resolver installed" resolver=risk.c26Pipeline probes_passed=2
=== RUN   TestFSEditKeepsABOMItWasNotAskedToTouch
    fs_edit_ac34_test.go:103: AC#3 BOM 正向读数：31 字节 → 31 字节，前三字节仍为 EF BB BF，BOM 出现 1 次，文案="fs.edit 已改写 C:\\Users\\swq\\AppData\\Local\\Temp\\TestFSEditKeepsABOMItWasNotAskedToTouch276037225\\001\\report.md：1 枚编辑全部生效，31 字节 / 2 行 → 31 字节 / 2 行（临时文件+原子重命名）"
--- PASS: TestFSEditKeepsABOMItWasNotAskedToTouch (0.03s)
=== RUN   TestFSEditOnACRLFFileRefusesAnLFSpelledOld
    fs_edit_ac34_test.go:161: AC#3 CRLF 反向读数：23 字节的纯 CRLF 文件里 LF 写法的 old 被响亮拒绝（文案含文件长度 23，证明读到了整文件），同一文件上不含换行的 old 立即命中并落盘 ⇒ 这是正确拒绝，不是读不到
--- PASS: TestFSEditOnACRLFFileRefusesAnLFSpelledOld (0.02s)
=== RUN   TestFSEditOnACRLFFileAppliesACRLFSpelledOldAndStaysCRLF
    fs_edit_ac34_test.go:202: AC#3 CRLF 正向读数：23 字节 → 30 字节，CRLF 对 3→4，裸 CR/裸 LF 均为 0（行尾未被改写），文案="fs.edit 已改写 C:\\Users\\swq\\AppData\\Local\\Temp\\TestFSEditOnACRLFFileAppliesACRLFSpelledOldAndStaysCRLF170652278\\001\\crlf-hit.txt：1 枚编辑全部生效，23 字节 / 3 行 → 30 字节 / 4 行（临时文件+原子重命名）"
--- PASS: TestFSEditOnACRLFFileAppliesACRLFSpelledOldAndStaysCRLF (0.02s)
=== RUN   TestFSEditDoesNotRewriteAnLFFilesLineEndings
    fs_edit_ac34_test.go:250: AC#3 LF 双向读数：20 字节 → 27 字节，裸 LF 4 条、CR 0 枚（LF 文件的行尾没被改）
--- PASS: TestFSEditDoesNotRewriteAnLFFilesLineEndings (0.02s)
=== RUN   TestFSEditLineEndingForensicsRefusesRealSpellings
=== RUN   TestFSEditLineEndingForensicsRefusesRealSpellings/crlf_file_lf_spelled_old
    fs_edit_ac34_test.go:330: 归一取证：23 字节文件（行尾形 纯 CRLF）被 0 命中拒掉一枚归一后可命中 1 次的 old；落盘前后一字未变
=== RUN   TestFSEditLineEndingForensicsRefusesRealSpellings/cr_only_file_lf_spelled_old
    fs_edit_ac34_test.go:330: 归一取证：20 字节文件（行尾形 纯 CR）被 0 命中拒掉一枚归一后可命中 1 次的 old；落盘前后一字未变
=== RUN   TestFSEditLineEndingForensicsRefusesRealSpellings/mixed_file_old_over_the_crlf_line_lf_spelled
    fs_edit_ac34_test.go:330: 归一取证：22 字节文件（行尾形 混合(CRLF=2 CR=0 LF=1)）被 0 命中拒掉一枚归一后可命中 1 次的 old；落盘前后一字未变
=== RUN   TestFSEditLineEndingForensicsRefusesRealSpellings/mixed_file_old_over_the_lf_line_crlf_spelled
    fs_edit_ac34_test.go:330: 归一取证：22 字节文件（行尾形 混合(CRLF=2 CR=0 LF=1)）被 0 命中拒掉一枚归一后可命中 1 次的 old；落盘前后一字未变
=== RUN   TestFSEditLineEndingForensicsRefusesRealSpellings/lf_file_crlf_spelled_old
    fs_edit_ac34_test.go:330: 归一取证：20 字节文件（行尾形 纯 LF）被 0 命中拒掉一枚归一后可命中 1 次的 old；落盘前后一字未变
--- PASS: TestFSEditLineEndingForensicsRefusesRealSpellings (0.05s)
    --- PASS: TestFSEditLineEndingForensicsRefusesRealSpellings/crlf_file_lf_spelled_old (0.01s)
    --- PASS: TestFSEditLineEndingForensicsRefusesRealSpellings/cr_only_file_lf_spelled_old (0.01s)
    --- PASS: TestFSEditLineEndingForensicsRefusesRealSpellings/mixed_file_old_over_the_crlf_line_lf_spelled (0.01s)
    --- PASS: TestFSEditLineEndingForensicsRefusesRealSpellings/mixed_file_old_over_the_lf_line_crlf_spelled (0.01s)
    --- PASS: TestFSEditLineEndingForensicsRefusesRealSpellings/lf_file_crlf_spelled_old (0.01s)
=== RUN   TestFSEditSilentShapeChangesLandToday
=== RUN   TestFSEditSilentShapeChangesLandToday/an_old_that_carries_the_bom_deletes_it
    fs_edit_ac34_test.go:372: 缺陷读数①（钉住今天的行为，不是批准它）：14 字节带 BOM 的文件，old 从偏移 0 起并含 BOM ⇒ BOM 被当普通字节替换掉，落盘 11 字节、前三字节 41 4c 50，答复无任何提示（IsError=false）
=== RUN   TestFSEditSilentShapeChangesLandToday/an_lf_spelled_new_in_a_crlf_file_lands_mixed_endings
    fs_edit_ac34_test.go:413: 缺陷读数②（同上，不是批准）：纯 CRLF 文件里插入一段 LF 写法的 new ⇒ 落盘后 3 组 CRLF + 1 条裸 LF，答复（"fs.edit 已改写 C:\\Users\\swq\\AppData\\Local\\Temp\\TestFSEditSilentShapeChangesLandTodayan_lf_spelled_new_in_a_crl3040738805\\001\\crlf-mixed.txt：1 枚编辑全部生效，23 字节 / 3 行 → 30 字节 / 4 行（临时文件+原子重命名）"）里没有任何行尾提示 ⇒ 票面 :34「CRLF 文件改完还是 CRLF」今天只在 new 也按 CRLF 拼写时成立
--- PASS: TestFSEditSilentShapeChangesLandToday (0.03s)
    --- PASS: TestFSEditSilentShapeChangesLandToday/an_old_that_carries_the_bom_deletes_it (0.01s)
    --- PASS: TestFSEditSilentShapeChangesLandToday/an_lf_spelled_new_in_a_crlf_file_lands_mixed_endings (0.02s)
=== RUN   TestFSEditKilledMidWriteLeavesTheTargetByteIdentical
    fs_edit_ac34_test.go:497: AC#4(a)(b) 读数：改前 26 字节 → 杀点 write:16（边界在下一块落笔前触发，暂存件里此刻 8 字节）→ 目标仍是 26 字节原字节；目录内 .wisp-tmp-* 残件 0 枚，台账 ["在 C:\\Users\\swq\\AppData\\Local\\Temp\\TestFSEditKilledMidWriteLeavesTheTargetByteIdentical3062268196\\001 创建临时文件 .wisp-tmp-08d9b1d9-64476-906945019" "在步骤「write:16」前停止：模拟进程在此刻被杀" "向临时文件写入 8 字节" "写入未完成：已停止于 write:16：模拟进程在此刻被杀" "删除临时文件 .wisp-tmp-08d9b1d9-64476-906945019（目标从头到尾未被改动）"]
--- PASS: TestFSEditKilledMidWriteLeavesTheTargetByteIdentical (0.01s)
=== RUN   TestFSEditWithoutTheStagedWriterWouldCorruptTheTarget
    fs_edit_ac34_test.go:600: AC#4(c) 反面实验读数：同一批字节、同一道 write:16 杀点，摘掉 temp+rename 之后目标从 26 字节变成 8 字节（"ALPHA-LO"），既不是原文也不是要落的内容；事后 fs.read 返回 IsError=false ErrorClass="" Truncated=false，把损坏原文照读照回 ⇒ 这发损坏从此看不见。装回 temp+rename（上一枚用例）则目标一字未动。
--- PASS: TestFSEditWithoutTheStagedWriterWouldCorruptTheTarget (0.02s)
=== RUN   TestFSEditRefusesANonLiteralOld
    fs_edit_test.go:130: 判据 1+2 读数：命中前 50 字节 / 命中失败后 50 字节（一字未变），文案="fs.edit 拒绝执行：第 1 枚编辑的 old 在文件里找不到（0 命中，文件 50 字节）。old 必须与文件内容逐字一致，包含全部空白与换行（the old string must match exactly including all whitespace and newlines）；先用 fs.read 读回原文再照抄那一段。本次调用一个字也没有写，目标文件保持原状。"
--- PASS: TestFSEditRefusesANonLiteralOld (0.01s)
=== RUN   TestFSEditRefusesAnAmbiguousOldIsADistinctError
    fs_edit_test.go:171: 判据 3 读数：old 在 40 字节文件里命中 2 处，先数后拒，落盘前后一字未变
--- PASS: TestFSEditRefusesAnAmbiguousOldIsADistinctError (0.01s)
=== RUN   TestFSEditRefusesAnEmptyOldIsAWholeFileInsert
    fs_edit_test.go:210: 判据 4 空 old 读数：两形（old:"" 与缺 old 字段）都拒，文件保持 29 字节
--- PASS: TestFSEditRefusesAnEmptyOldIsAWholeFileInsert (0.01s)
=== RUN   TestFSEditIsAllOrNothingAcrossABatch
=== RUN   TestFSEditIsAllOrNothingAcrossABatch/no_op_edit_in_the_batch
    fs_edit_test.go:282: 全有或全无读数：本批 2 枚编辑，其中一枚不成立（空批＝整批不成立）⇒ 一个字也不落盘，文件仍是 26 字节
=== RUN   TestFSEditIsAllOrNothingAcrossABatch/overlapping_edits
--- FAIL: TestFSEditIsAllOrNothingAcrossABatch (0.02s)
    --- PASS: TestFSEditIsAllOrNothingAcrossABatch/no_op_edit_in_the_batch (0.01s)
    --- FAIL: TestFSEditIsAllOrNothingAcrossABatch/overlapping_edits (0.01s)
panic: runtime error: slice bounds out of range [:-2] [recovered, repanicked]

goroutine 28 [running]:
testing.tRunner.func1.2({0x7ff7c0d05908, 0x84eb479e060})
	D:/work/base/go/src/testing/testing.go:2123 +0x239
testing.tRunner.func1()
	D:/work/base/go/src/testing/testing.go:2126 +0x329
panic({0x7ff7c0d05908?, 0x84eb479e060?})
	D:/work/base/go/src/runtime/panic.go:859 +0x125
github.com/CarlosShao/wisp/internal/tools.fsEdit.Execute({{0x84eb4633cb0, 0x0, 0x0, 0x0, 0x0, 0x0, {0x0, 0x0}}}, {0x7ff7c0d2eb60, 0x84eb4647200}, ...)
	D:/work/workspace/projects plans/Wisp/internal/tools/fs_edit.go:209 +0x1fef
github.com/CarlosShao/wisp/internal/tools.(*Bridge).run(_, {_, _}, {{0x7ff7c05c4e11, 0x6}, {0x7ff7c05c4e17, 0x6}, {0x7ff7c05c4e1d, 0x6}, {0x7ff7c05c54ab, ...}, ...}, ...)
	D:/work/workspace/projects plans/Wisp/internal/tools/bridge.go:463 +0x4f2
github.com/CarlosShao/wisp/internal/tools.(*Bridge).Execute(0x84eb4623860, {0x7ff7c0d2eb98, 0x84eb4666410}, {{0x7ff7c05c4e11, 0x6}, {0x7ff7c05c4e17, 0x6}, {0x7ff7c05c4e1d, 0x6}, {0x7ff7c05c54ab, ...}, ...})
	D:/work/workspace/projects plans/Wisp/internal/tools/bridge.go:315 +0x10c5
github.com/CarlosShao/wisp/internal/tools.TestFSEditIsAllOrNothingAcrossABatch.func1(0x84eb44f3600)
	D:/work/workspace/projects plans/Wisp/internal/tools/fs_edit_test.go:274 +0x4e5
testing.tRunner(0x84eb44f3600, 0x84eb46663c0)
	D:/work/base/go/src/testing/testing.go:2193 +0xc3
created by testing.(*T).Run in goroutine 26
	D:/work/base/go/src/testing/testing.go:2258 +0x4b4
FAIL	github.com/CarlosShao/wisp/internal/tools	0.322s
FAIL
