time=2026-09-27T17:03:46.053+08:00 level=INFO msg="winsec: sealing path resolver installed" resolver=risk.c26Pipeline probes_passed=2
=== RUN   TestFSEditKeepsABOMItWasNotAskedToTouch
    fs_edit_ac34_test.go:103: AC#3 BOM 正向读数：31 字节 → 31 字节，前三字节仍为 EF BB BF，BOM 出现 1 次，文案="fs.edit 已改写 C:\\Users\\swq\\AppData\\Local\\Temp\\TestFSEditKeepsABOMItWasNotAskedToTouch491102791\\001\\report.md：1 枚编辑全部生效，31 字节 / 2 行 → 31 字节 / 2 行（临时文件+原子重命名）"
--- PASS: TestFSEditKeepsABOMItWasNotAskedToTouch (0.02s)
=== RUN   TestFSEditOnACRLFFileRefusesAnLFSpelledOld
    fs_edit_ac34_test.go:161: AC#3 CRLF 反向读数：23 字节的纯 CRLF 文件里 LF 写法的 old 被响亮拒绝（文案含文件长度 23，证明读到了整文件），同一文件上不含换行的 old 立即命中并落盘 ⇒ 这是正确拒绝，不是读不到
--- PASS: TestFSEditOnACRLFFileRefusesAnLFSpelledOld (0.01s)
=== RUN   TestFSEditOnACRLFFileAppliesACRLFSpelledOldAndStaysCRLF
    fs_edit_ac34_test.go:202: AC#3 CRLF 正向读数：23 字节 → 30 字节，CRLF 对 3→4，裸 CR/裸 LF 均为 0（行尾未被改写），文案="fs.edit 已改写 C:\\Users\\swq\\AppData\\Local\\Temp\\TestFSEditOnACRLFFileAppliesACRLFSpelledOldAndStaysCRLF341840355\\001\\crlf-hit.txt：1 枚编辑全部生效，23 字节 / 3 行 → 30 字节 / 4 行（临时文件+原子重命名）"
--- PASS: TestFSEditOnACRLFFileAppliesACRLFSpelledOldAndStaysCRLF (0.01s)
=== RUN   TestFSEditDoesNotRewriteAnLFFilesLineEndings
    fs_edit_ac34_test.go:250: AC#3 LF 双向读数：20 字节 → 27 字节，裸 LF 4 条、CR 0 枚（LF 文件的行尾没被改）
--- PASS: TestFSEditDoesNotRewriteAnLFFilesLineEndings (0.01s)
=== RUN   TestFSEditLineEndingForensicsRefusesRealSpellings
=== RUN   TestFSEditLineEndingForensicsRefusesRealSpellings/crlf_file_lf_spelled_old
    fs_edit_ac34_test.go:330: 归一取证：23 字节文件（行尾形 纯 CRLF）被 0 命中拒掉一枚归一后可命中 1 次的 old；落盘前后一字未变
=== RUN   TestFSEditLineEndingForensicsRefusesRealSpellings/cr_only_file_lf_spelled_old
    fs_edit_ac34_test.go:330: 归一取证：20 字节文件（行尾形 纯 CR）被 0 命中拒掉一枚归一后可命中 1 次的 old；落盘前后一字未变
=== RUN   TestFSEditLineEndingForensicsRefusesRealSpellings/mixed_file_old_over_the_crlf_line_lf_spelled
    fs_edit_ac34_test.go:330: 归一取证：22 字节文件（行尾形 混合(CRLF=2 CR=0 LF=1)）被 0 命中拒掉一枚归一后可命中 1 次的 old；落盘前后一字未变
=== RUN   TestFSEditLineEndingForensicsRefusesRealSpellings/mixed_file_old_over_the_lf_line_crlf_spelled
    fs_edit_ac34_test.go:330: 归一取证：22 字节文件（行尾形 混合(CRLF=2 CR=0 LF=1)）被 0 命中拒掉一枚归一后可命中 1 次的 old；落盘前后一字未变
=== RUN   TestFSEditLineEndingForensicsRefusesRealSpellings/lf_file_crlf_spelled_old
    fs_edit_ac34_test.go:330: 归一取证：20 字节文件（行尾形 纯 LF）被 0 命中拒掉一枚归一后可命中 1 次的 old；落盘前后一字未变
--- PASS: TestFSEditLineEndingForensicsRefusesRealSpellings (0.04s)
    --- PASS: TestFSEditLineEndingForensicsRefusesRealSpellings/crlf_file_lf_spelled_old (0.01s)
    --- PASS: TestFSEditLineEndingForensicsRefusesRealSpellings/cr_only_file_lf_spelled_old (0.01s)
    --- PASS: TestFSEditLineEndingForensicsRefusesRealSpellings/mixed_file_old_over_the_crlf_line_lf_spelled (0.01s)
    --- PASS: TestFSEditLineEndingForensicsRefusesRealSpellings/mixed_file_old_over_the_lf_line_crlf_spelled (0.01s)
    --- PASS: TestFSEditLineEndingForensicsRefusesRealSpellings/lf_file_crlf_spelled_old (0.01s)
=== RUN   TestFSEditSilentShapeChangesLandToday
=== RUN   TestFSEditSilentShapeChangesLandToday/an_old_that_carries_the_bom_is_refused_r3
    fs_edit_ac34_test.go:368: expected a hard error, got a success: {Text:fs.edit 已改写 C:\Users\swq\AppData\Local\Temp\TestFSEditSilentShapeChangesLandTodayan_old_that_carries_the_bo693241095\001\bom-zero.txt：1 枚编辑全部生效，14 字节 / 2 行 → 11 字节 / 2 行（临时文件+原子重命名） IsError:false RiskLevel:L2 ErrorClass: Truncated:false AppliedSteps:[在 C:\Users\swq\AppData\Local\Temp\TestFSEditSilentShapeChangesLandTodayan_old_that_carries_the_bo693241095\001 创建临时文件 .wisp-tmp-288dbaf8-69216-2929294234 向临时文件写入 11 字节 临时文件已落盘并关闭 原子重命名 .wisp-tmp-288dbaf8-69216-2929294234 → C:\Users\swq\AppData\Local\Temp\TestFSEditSilentShapeChangesLandTodayan_old_that_carries_the_bo693241095\001\bom-zero.txt（目标此刻起为新内容）]}
=== RUN   TestFSEditSilentShapeChangesLandToday/an_lf_spelled_new_in_a_crlf_file_is_refused_r3
    fs_edit_ac34_test.go:397: expected a hard error, got a success: {Text:fs.edit 已改写 C:\Users\swq\AppData\Local\Temp\TestFSEditSilentShapeChangesLandTodayan_lf_spelled_new_in_a_crl1958032674\001\crlf-mixed.txt：1 枚编辑全部生效，23 字节 / 3 行 → 30 字节 / 4 行（临时文件+原子重命名） IsError:false RiskLevel:L2 ErrorClass: Truncated:false AppliedSteps:[在 C:\Users\swq\AppData\Local\Temp\TestFSEditSilentShapeChangesLandTodayan_lf_spelled_new_in_a_crl1958032674\001 创建临时文件 .wisp-tmp-288dbaf8-69216-4218583235 向临时文件写入 30 字节 临时文件已落盘并关闭 原子重命名 .wisp-tmp-288dbaf8-69216-4218583235 → C:\Users\swq\AppData\Local\Temp\TestFSEditSilentShapeChangesLandTodayan_lf_spelled_new_in_a_crl1958032674\001\crlf-mixed.txt（目标此刻起为新内容）]}
--- FAIL: TestFSEditSilentShapeChangesLandToday (0.03s)
    --- FAIL: TestFSEditSilentShapeChangesLandToday/an_old_that_carries_the_bom_is_refused_r3 (0.02s)
    --- FAIL: TestFSEditSilentShapeChangesLandToday/an_lf_spelled_new_in_a_crlf_file_is_refused_r3 (0.01s)
=== RUN   TestFSEditKilledMidWriteLeavesTheTargetByteIdentical
    fs_edit_ac34_test.go:495: AC#4(a)(b) 读数：改前 26 字节 → 杀点 write:16（边界在下一块落笔前触发，暂存件里此刻 8 字节）→ 目标仍是 26 字节原字节（字节断言现在跑在边界探针之前）；目录内 .wisp-tmp-* 残件 0 枚，台账 ["在 C:\\Users\\swq\\AppData\\Local\\Temp\\TestFSEditKilledMidWriteLeavesTheTargetByteIdentical1677218716\\001 创建临时文件 .wisp-tmp-288dbaf8-69216-2282385707" "在步骤「write:16」前停止：模拟进程在此刻被杀" "向临时文件写入 8 字节" "写入未完成：已停止于 write:16：模拟进程在此刻被杀" "删除临时文件 .wisp-tmp-288dbaf8-69216-2282385707（目标从头到尾未被改动）"]
--- PASS: TestFSEditKilledMidWriteLeavesTheTargetByteIdentical (0.01s)
=== RUN   TestFSEditWithoutTheStagedWriterWouldCorruptTheTarget
    fs_edit_ac34_test.go:598: AC#4(c) 反面实验读数：同一批字节、同一道 write:16 杀点，摘掉 temp+rename 之后目标从 26 字节变成 8 字节（"ALPHA-LO"），既不是原文也不是要落的内容；事后 fs.read 返回 IsError=false ErrorClass="" Truncated=false，把损坏原文照读照回 ⇒ 这发损坏从此看不见。装回 temp+rename（上一枚用例）则目标一字未动。
--- PASS: TestFSEditWithoutTheStagedWriterWouldCorruptTheTarget (0.02s)
=== RUN   TestFSEditRefusesAnOldThatSwallowsTheFileBOM
    fs_edit_ac3b_test.go:129: expected a hard error, got a success: {Text:fs.edit 已改写 C:\Users\swq\AppData\Local\Temp\TestFSEditRefusesAnOldThatSwallowsTheFileBOM1021857697\001\bom-zero.txt：1 枚编辑全部生效，14 字节 / 2 行 → 11 字节 / 2 行（临时文件+原子重命名） IsError:false RiskLevel:L2 ErrorClass: Truncated:false AppliedSteps:[在 C:\Users\swq\AppData\Local\Temp\TestFSEditRefusesAnOldThatSwallowsTheFileBOM1021857697\001 创建临时文件 .wisp-tmp-288dbaf8-69216-673801222 向临时文件写入 11 字节 临时文件已落盘并关闭 原子重命名 .wisp-tmp-288dbaf8-69216-673801222 → C:\Users\swq\AppData\Local\Temp\TestFSEditRefusesAnOldThatSwallowsTheFileBOM1021857697\001\bom-zero.txt（目标此刻起为新内容）]}
--- FAIL: TestFSEditRefusesAnOldThatSwallowsTheFileBOM (0.02s)
=== RUN   TestFSEditStillLandsAnOldStartingAtByteZeroWithoutABOM
    fs_edit_ac3b_test.go:183: AC#3b① 合法对照（无 BOM 文件、old 从第 0 字节起）：11 字节 → 11 字节，未被拒绝
--- PASS: TestFSEditStillLandsAnOldStartingAtByteZeroWithoutABOM (0.01s)
=== RUN   TestFSEditCannotBeFedAPartialBOMThroughJSON
    fs_edit_ac3b_test.go:215: AC#3b① 射程读数：old 只带 BOM 的第 3 个字节时，落盘的是 9 字节、第 0 字节是 U+FEFF，传进来的已经不是那三个字节："fs.edit 拒绝执行：第 1 枚编辑的 old 在文件里找不到（0 命中，文件 9 字节）。old 必须与文件内容逐字一致，包含全部空白与换行（the old string must match exactly including all whitespace and newlines）；先用 fs.read 读回原文再照抄那一段。本次调用一个字也没有写，目标文件保持原状。"
--- PASS: TestFSEditCannotBeFedAPartialBOMThroughJSON (0.01s)
=== RUN   TestFSEditRefusesALFSpelledNewInAPureCRLFFile
    fs_edit_ac3b_test.go:248: expected a hard error, got a success: {Text:fs.edit 已改写 C:\Users\swq\AppData\Local\Temp\TestFSEditRefusesALFSpelledNewInAPureCRLFFile2906449330\001\crlf-mixed.txt：1 枚编辑全部生效，23 字节 / 3 行 → 30 字节 / 4 行（临时文件+原子重命名） IsError:false RiskLevel:L2 ErrorClass: Truncated:false AppliedSteps:[在 C:\Users\swq\AppData\Local\Temp\TestFSEditRefusesALFSpelledNewInAPureCRLFFile2906449330\001 创建临时文件 .wisp-tmp-288dbaf8-69216-479937068 向临时文件写入 30 字节 临时文件已落盘并关闭 原子重命名 .wisp-tmp-288dbaf8-69216-479937068 → C:\Users\swq\AppData\Local\Temp\TestFSEditRefusesALFSpelledNewInAPureCRLFFile2906449330\001\crlf-mixed.txt（目标此刻起为新内容）]}
--- FAIL: TestFSEditRefusesALFSpelledNewInAPureCRLFFile (0.01s)
=== RUN   TestFSEditStillLandsNewEndingsWhereThereIsNoConventionToBreak
=== RUN   TestFSEditStillLandsNewEndingsWhereThereIsNoConventionToBreak/lf_file_lands_an_lf_spelled_new
    fs_edit_ac3b_test.go:300: AC#3b② 合法对照二（LF 文件 + LF 写法 new）：20 字节 → 27 字节，未被拒绝
=== RUN   TestFSEditStillLandsNewEndingsWhereThereIsNoConventionToBreak/mixed_file_is_not_refused
    fs_edit_ac3b_test.go:321: AC#3b② 合法对照三（已混合的文件不被告知该长成什么样）：22 字节 → 29 字节，行尾形 混合(CRLF=2 CR=0 LF=2)
--- PASS: TestFSEditStillLandsNewEndingsWhereThereIsNoConventionToBreak (0.03s)
    --- PASS: TestFSEditStillLandsNewEndingsWhereThereIsNoConventionToBreak/lf_file_lands_an_lf_spelled_new (0.01s)
    --- PASS: TestFSEditStillLandsNewEndingsWhereThereIsNoConventionToBreak/mixed_file_is_not_refused (0.01s)
=== RUN   TestFSEditLeavesNeitherTheCRLFNorTheBareLFOfAMixedFileRewritten
    fs_edit_ac3b_test.go:382: 反向尺读数：22 字节混合文件（混合(CRLF=2 CR=0 LF=1)）改完 22 字节，CRLF 仍 2 组、裸 LF 仍 1 条、裸 CR 0 枚，文案="fs.edit 已改写 C:\\Users\\swq\\AppData\\Local\\Temp\\TestFSEditLeavesNeitherTheCRLFNorTheBareLFOfAMixedFileRewritten648099225\\001\\mixed-reverse-ruler.txt：1 枚编辑全部生效，22 字节 / 3 行 → 22 字节 / 3 行（临时文件+原子重命名）"
--- PASS: TestFSEditLeavesNeitherTheCRLFNorTheBareLFOfAMixedFileRewritten (0.01s)
=== RUN   TestFSEditRealTaskkillLeavesTheTargetWholeAndNamesTheStagingResidue
    fs_edit_ac4b_kill_windows_test.go:200: AC#4b 子进程输出（应只有 taskkill 的强制终止，没有任何 Go 清理）："time=2026-09-27T17:03:46.330+08:00 level=INFO msg=\"winsec: sealing path resolver installed\" resolver=risk.c26Pipeline probes_passed=2\n"
    fs_edit_ac4b_kill_windows_test.go:220: AC#4b(a) 字节级读数：目标 31 字节＝改前原文（"alpha\nbravo\ncharlie\ndelta\necho\n"），要落的 74 字节 "ALPHA-KILLED-MID-WITHOUT-RUNNING-ANY-GO-CLEANUP\n\nbravo\ncharlie\ndelta\necho\n" 一字未出现在盘上目标里
    fs_edit_ac4b_kill_windows_test.go:253: AC#4b(b) 残件点名：.wisp-tmp-288dbaf8-17768-3137963472（目录 C:\Users\swq\AppData\Local\Temp\TestFSEditRealTaskkillLeavesTheTargetWholeAndNamesTheStagingResi813373091\001\edit 内）：4 字节、mtime 17:03:46，内容 "ALPH" ＝要落的新内容的前 4 字节；本程不删（只建不删），它是可回收的垃圾不是损坏
    fs_edit_ac4b_kill_windows_test.go:272: AC#4b(c) 读数：事后 fs.read IsError=false ErrorClass=""，内容 "alpha\nbravo\ncharlie\ndelta\necho\n"（原文完整）；目录里 1 枚残件（[C:\Users\swq\AppData\Local\Temp\TestFSEditRealTaskkillLeavesTheTargetWholeAndNamesTheStagingResi813373091\001\edit\.wisp-tmp-288dbaf8-17768-3137963472]，各 [4] 字节）仍在盘上等人回收
--- PASS: TestFSEditRealTaskkillLeavesTheTargetWholeAndNamesTheStagingResidue (0.41s)
=== RUN   TestFSEditRefusesANonLiteralOld
    fs_edit_test.go:130: 判据 1+2 读数：命中前 50 字节 / 命中失败后 50 字节（一字未变），文案="fs.edit 拒绝执行：第 1 枚编辑的 old 在文件里找不到（0 命中，文件 50 字节）。old 必须与文件内容逐字一致，包含全部空白与换行（the old string must match exactly including all whitespace and newlines）；先用 fs.read 读回原文再照抄那一段。本次调用一个字也没有写，目标文件保持原状。"
--- PASS: TestFSEditRefusesANonLiteralOld (0.01s)
=== RUN   TestFSEditRefusesAnAmbiguousOldIsADistinctError
    fs_edit_test.go:171: 判据 3 读数：old 在 40 字节文件里命中 2 处，先数后拒，落盘前后一字未变
--- PASS: TestFSEditRefusesAnAmbiguousOldIsADistinctError (0.01s)
=== RUN   TestFSEditRefusesAnEmptyOldIsAWholeFileInsert
    fs_edit_test.go:210: 判据 4 空 old 读数：两形（old:"" 与缺 old 字段）都拒，文件保持 29 字节
--- PASS: TestFSEditRefusesAnEmptyOldIsAWholeFileInsert (0.01s)
=== RUN   TestFSEditIsAllOrNothingAcrossABatch
=== RUN   TestFSEditIsAllOrNothingAcrossABatch/no_op_edit_in_the_batch
    fs_edit_test.go:282: 全有或全无读数：本批 2 枚编辑，其中一枚不成立（空批＝整批不成立）⇒ 一个字也不落盘，文件仍是 26 字节
=== RUN   TestFSEditIsAllOrNothingAcrossABatch/overlapping_edits
    fs_edit_test.go:282: 全有或全无读数：本批 2 枚编辑，其中一枚不成立（空批＝整批不成立）⇒ 一个字也不落盘，文件仍是 26 字节
=== RUN   TestFSEditIsAllOrNothingAcrossABatch/second_edit_misses
    fs_edit_test.go:282: 全有或全无读数：本批 2 枚编辑，其中一枚不成立（空批＝整批不成立）⇒ 一个字也不落盘，文件仍是 26 字节
=== RUN   TestFSEditIsAllOrNothingAcrossABatch/empty_batch
    fs_edit_test.go:282: 全有或全无读数：本批 0 枚编辑，其中一枚不成立（空批＝整批不成立）⇒ 一个字也不落盘，文件仍是 26 字节
--- PASS: TestFSEditIsAllOrNothingAcrossABatch (0.03s)
    --- PASS: TestFSEditIsAllOrNothingAcrossABatch/no_op_edit_in_the_batch (0.01s)
    --- PASS: TestFSEditIsAllOrNothingAcrossABatch/overlapping_edits (0.01s)
    --- PASS: TestFSEditIsAllOrNothingAcrossABatch/second_edit_misses (0.01s)
    --- PASS: TestFSEditIsAllOrNothingAcrossABatch/empty_batch (0.01s)
=== RUN   TestFSEditAppliesABatchOnDisk
    fs_edit_test.go:318: 对照读数：26 字节 / 4 行 → fs.edit 已改写 C:\Users\swq\AppData\Local\Temp\TestFSEditAppliesABatchOnDisk1366135126\001\ok.txt：2 枚编辑全部生效，26 字节 / 4 行 → 32 字节 / 5 行（临时文件+原子重命名）
    fs_edit_test.go:319: 对照读数：AppliedSteps=["在 C:\\Users\\swq\\AppData\\Local\\Temp\\TestFSEditAppliesABatchOnDisk1366135126\\001 创建临时文件 .wisp-tmp-288dbaf8-69216-1754977203" "向临时文件写入 32 字节" "临时文件已落盘并关闭" "原子重命名 .wisp-tmp-288dbaf8-69216-1754977203 → C:\\Users\\swq\\AppData\\Local\\Temp\\TestFSEditAppliesABatchOnDisk1366135126\\001\\ok.txt（目标此刻起为新内容）"]
--- PASS: TestFSEditAppliesABatchOnDisk (0.01s)
FAIL
FAIL	github.com/CarlosShao/wisp/internal/tools	0.751s
FAIL
