time=2026-10-05T21:59:13.029+08:00 level=INFO msg="winsec: sealing path resolver installed" resolver=risk.c26Pipeline probes_passed=2
=== RUN   TestTicket268ResidentGateNamesRefusedConfigApartFromMissingConfig
time=2026-10-05T21:59:13.034+08:00 level=WARN msg="resident gate: [risk] source unreadable at construction; the gate falls back to the compiled approval constants" path=C:\Users\swq\AppData\Local\Temp\TestTicket268ResidentGateNamesRefusedConfigApartFromMissingConfi3879839264\001\config.toml err="config: config.toml read: no file at this path yet。第 1 种拒因：文件没建：这一页与这条链都不新建 config.toml。在控制台运行一次 wisp run，第一次启动会写出全默认的首份配置（它不替你选任何模型，也不替你建任何服务商行）: open C:\\Users\\swq\\AppData\\Local\\Temp\\TestTicket268ResidentGateNamesRefusedConfigApartFromMissingConfi3879839264\\001\\config.toml: The system cannot find the file specified." fallback="DefaultApprovalTimeout=300s / DefaultL1Window=3s"
time=2026-10-05T21:59:13.034+08:00 level=INFO msg="resident gate: [risk] tier taken at construction" provenance="defaults (config.toml unreadable)" config_path=C:\Users\swq\AppData\Local\Temp\TestTicket268ResidentGateNamesRefusedConfigApartFromMissingConfi3879839264\001\config.toml window_sec_read=0 confirm_timeout_sec_read=0 gate_window=3s gate_queue_timeout=5m0s scope="construction time only: approval.Gate and Queue copy these in New and nothing re-applies them (ticket 256)"
time=2026-10-05T21:59:13.036+08:00 level=WARN msg="resident gate: [risk] source present but refused at construction; the gate falls back to the compiled approval constants" path=C:\Users\swq\AppData\Local\Temp\TestTicket268ResidentGateNamesRefusedConfigApartFromMissingConfi3879839264\002\config.toml err="config: config.toml: risk.confirm_timeout_sec 20 out of range [31, 3600]" provenance="defaults (config.toml present but refused at load)" fallback="DefaultApprovalTimeout=300s / DefaultL1Window=3s"
time=2026-10-05T21:59:13.036+08:00 level=INFO msg="resident gate: [risk] tier taken at construction" provenance="defaults (config.toml present but refused at load)" config_path=C:\Users\swq\AppData\Local\Temp\TestTicket268ResidentGateNamesRefusedConfigApartFromMissingConfi3879839264\002\config.toml window_sec_read=0 confirm_timeout_sec_read=0 gate_window=3s gate_queue_timeout=5m0s scope="construction time only: approval.Gate and Queue copy these in New and nothing re-applies them (ticket 256)"
time=2026-10-05T21:59:13.037+08:00 level=INFO msg="resident gate: [risk] tier taken at construction" provenance=config config_path=C:\Users\swq\AppData\Local\Temp\TestTicket268ResidentGateNamesRefusedConfigApartFromMissingConfi3879839264\002\config.toml window_sec_read=2 confirm_timeout_sec_read=45 gate_window=2s gate_queue_timeout=45s scope="construction time only: approval.Gate and Queue copy these in New and nothing re-applies them (ticket 256)"
--- PASS: TestTicket268ResidentGateNamesRefusedConfigApartFromMissingConfig (0.01s)
=== RUN   TestTicket268RefusedRiskConfigReachesStdoutOnce
time=2026-10-05T21:59:13.041+08:00 level=WARN msg="resident gate: [risk] source present but refused at construction; the gate falls back to the compiled approval constants" path=C:\Users\swq\AppData\Local\Temp\TestTicket268RefusedRiskConfigReachesStdoutOnce3460872992\001\config.toml err="config: config.toml: risk.confirm_timeout_sec 20 out of range [31, 3600]" provenance="defaults (config.toml present but refused at load)" fallback="DefaultApprovalTimeout=300s / DefaultL1Window=3s"
time=2026-10-05T21:59:13.041+08:00 level=INFO msg="resident gate: [risk] tier taken at construction" provenance="defaults (config.toml present but refused at load)" config_path=C:\Users\swq\AppData\Local\Temp\TestTicket268RefusedRiskConfigReachesStdoutOnce3460872992\001\config.toml window_sec_read=0 confirm_timeout_sec_read=0 gate_window=3s gate_queue_timeout=5m0s scope="construction time only: approval.Gate and Queue copy these in New and nothing re-applies them (ticket 256)"
    resident_approval_risk_268_windows_test.go:201: the refused branch wrote 0 stdout lines carrying "wisp: resident [risk]:", want exactly 1. AC#1 asks that this shape reach a user's eye at least once from a terminal; one line is the shape resident_windows.go's [hotkey] fallback has carried since ticket 258
    resident_approval_risk_268_windows_test.go:205: the stdout line has to carry the loader's own answer, not just this file's class name; captured stdout was:
    resident_approval_risk_268_windows_test.go:208: the stdout line has to say what the gate runs on instead; captured stdout was:
time=2026-10-05T21:59:13.041+08:00 level=WARN msg="resident gate: [risk] source unreadable at construction; the gate falls back to the compiled approval constants" path=C:\Users\swq\AppData\Local\Temp\TestTicket268RefusedRiskConfigReachesStdoutOnce3460872992\002\config.toml err="config: config.toml read: no file at this path yet。第 1 种拒因：文件没建：这一页与这条链都不新建 config.toml。在控制台运行一次 wisp run，第一次启动会写出全默认的首份配置（它不替你选任何模型，也不替你建任何服务商行）: open C:\\Users\\swq\\AppData\\Local\\Temp\\TestTicket268RefusedRiskConfigReachesStdoutOnce3460872992\\002\\config.toml: The system cannot find the file specified." fallback="DefaultApprovalTimeout=300s / DefaultL1Window=3s"
time=2026-10-05T21:59:13.041+08:00 level=INFO msg="resident gate: [risk] tier taken at construction" provenance="defaults (config.toml unreadable)" config_path=C:\Users\swq\AppData\Local\Temp\TestTicket268RefusedRiskConfigReachesStdoutOnce3460872992\002\config.toml window_sec_read=0 confirm_timeout_sec_read=0 gate_window=3s gate_queue_timeout=5m0s scope="construction time only: approval.Gate and Queue copy these in New and nothing re-applies them (ticket 256)"
--- FAIL: TestTicket268RefusedRiskConfigReachesStdoutOnce (0.00s)
=== RUN   TestTicket268RefusedBranchClassifiesBySentinelNotByErrorWords
    resident_approval_risk_268_windows_test.go:285: residentRiskGateValues holds 0 fmt.Printf calls, want exactly 1: AC#1's user-visible face is the other half of this branch, and a branch that only logs to disk does not reach the eye of anyone who launched the process from a terminal
--- FAIL: TestTicket268RefusedBranchClassifiesBySentinelNotByErrorWords (0.00s)
FAIL
FAIL	github.com/CarlosShao/wisp/cmd/wisp	0.075s
FAIL
rc=1
