time=2026-10-05T22:05:21.565+08:00 level=INFO msg="winsec: sealing path resolver installed" resolver=risk.c26Pipeline probes_passed=2
=== RUN   TestTicket268ResidentGateNamesRefusedConfigApartFromMissingConfig
time=2026-10-05T22:05:21.569+08:00 level=WARN msg="resident gate: [risk] source unreadable at construction; the gate falls back to the compiled approval constants" path=C:\Users\swq\AppData\Local\Temp\TestTicket268ResidentGateNamesRefusedConfigApartFromMissingConfi1586543264\001\config.toml err="config: config.toml read: no file at this path yet。第 1 种拒因：文件没建：这一页与这条链都不新建 config.toml。在控制台运行一次 wisp run，第一次启动会写出全默认的首份配置（它不替你选任何模型，也不替你建任何服务商行）: open C:\\Users\\swq\\AppData\\Local\\Temp\\TestTicket268ResidentGateNamesRefusedConfigApartFromMissingConfi1586543264\\001\\config.toml: The system cannot find the file specified." fallback="DefaultApprovalTimeout=300s / DefaultL1Window=3s"
time=2026-10-05T22:05:21.569+08:00 level=INFO msg="resident gate: [risk] tier taken at construction" provenance="defaults (config.toml unreadable)" config_path=C:\Users\swq\AppData\Local\Temp\TestTicket268ResidentGateNamesRefusedConfigApartFromMissingConfi1586543264\001\config.toml window_sec_read=0 confirm_timeout_sec_read=0 gate_window=3s gate_queue_timeout=5m0s scope="construction time only: approval.Gate and Queue copy these in New and nothing re-applies them (ticket 256)"
time=2026-10-05T22:05:21.572+08:00 level=WARN msg="resident gate: [risk] source present but refused at construction; the gate falls back to the compiled approval constants" path=C:\Users\swq\AppData\Local\Temp\TestTicket268ResidentGateNamesRefusedConfigApartFromMissingConfi1586543264\002\config.toml err="config: config.toml: risk.confirm_timeout_sec 20 out of range [31, 3600]" provenance="defaults (config.toml present but refused at load)" fallback="DefaultApprovalTimeout=300s / DefaultL1Window=3s"
wisp: resident [risk]: config.toml is present but was refused at load (config: config.toml: risk.confirm_timeout_sec 20 out of range [31, 3600]); the approval gate falls back to the compiled constants (DefaultApprovalTimeout=300s / DefaultL1Window=3s), so the [risk] numbers written in that file are NOT the numbers this process runs on
time=2026-10-05T22:05:21.573+08:00 level=INFO msg="resident gate: [risk] tier taken at construction" provenance="defaults (config.toml present but refused at load)" config_path=C:\Users\swq\AppData\Local\Temp\TestTicket268ResidentGateNamesRefusedConfigApartFromMissingConfi1586543264\002\config.toml window_sec_read=0 confirm_timeout_sec_read=0 gate_window=3s gate_queue_timeout=5m0s scope="construction time only: approval.Gate and Queue copy these in New and nothing re-applies them (ticket 256)"
time=2026-10-05T22:05:21.573+08:00 level=INFO msg="resident gate: [risk] tier taken at construction" provenance=config config_path=C:\Users\swq\AppData\Local\Temp\TestTicket268ResidentGateNamesRefusedConfigApartFromMissingConfi1586543264\002\config.toml window_sec_read=2 confirm_timeout_sec_read=45 gate_window=2s gate_queue_timeout=45s scope="construction time only: approval.Gate and Queue copy these in New and nothing re-applies them (ticket 256)"
--- PASS: TestTicket268ResidentGateNamesRefusedConfigApartFromMissingConfig (0.01s)
=== RUN   TestTicket268RefusedRiskConfigReachesStdoutOnce
time=2026-10-05T22:05:21.578+08:00 level=WARN msg="resident gate: [risk] source present but refused at construction; the gate falls back to the compiled approval constants" path=C:\Users\swq\AppData\Local\Temp\TestTicket268RefusedRiskConfigReachesStdoutOnce2642877825\001\config.toml err="config: config.toml: risk.confirm_timeout_sec 20 out of range [31, 3600]" provenance="defaults (config.toml present but refused at load)" fallback="DefaultApprovalTimeout=300s / DefaultL1Window=3s"
time=2026-10-05T22:05:21.578+08:00 level=INFO msg="resident gate: [risk] tier taken at construction" provenance="defaults (config.toml present but refused at load)" config_path=C:\Users\swq\AppData\Local\Temp\TestTicket268RefusedRiskConfigReachesStdoutOnce2642877825\001\config.toml window_sec_read=0 confirm_timeout_sec_read=0 gate_window=3s gate_queue_timeout=5m0s scope="construction time only: approval.Gate and Queue copy these in New and nothing re-applies them (ticket 256)"
time=2026-10-05T22:05:21.579+08:00 level=WARN msg="resident gate: [risk] source unreadable at construction; the gate falls back to the compiled approval constants" path=C:\Users\swq\AppData\Local\Temp\TestTicket268RefusedRiskConfigReachesStdoutOnce2642877825\002\config.toml err="config: config.toml read: no file at this path yet。第 1 种拒因：文件没建：这一页与这条链都不新建 config.toml。在控制台运行一次 wisp run，第一次启动会写出全默认的首份配置（它不替你选任何模型，也不替你建任何服务商行）: open C:\\Users\\swq\\AppData\\Local\\Temp\\TestTicket268RefusedRiskConfigReachesStdoutOnce2642877825\\002\\config.toml: The system cannot find the file specified." fallback="DefaultApprovalTimeout=300s / DefaultL1Window=3s"
time=2026-10-05T22:05:21.579+08:00 level=INFO msg="resident gate: [risk] tier taken at construction" provenance="defaults (config.toml unreadable)" config_path=C:\Users\swq\AppData\Local\Temp\TestTicket268RefusedRiskConfigReachesStdoutOnce2642877825\002\config.toml window_sec_read=0 confirm_timeout_sec_read=0 gate_window=3s gate_queue_timeout=5m0s scope="construction time only: approval.Gate and Queue copy these in New and nothing re-applies them (ticket 256)"
--- PASS: TestTicket268RefusedRiskConfigReachesStdoutOnce (0.00s)
=== RUN   TestTicket268RefusedBranchClassifiesBySentinelNotByErrorWords
    resident_approval_risk_268_windows_test.go:281: residentRiskGateValues classifies by prose through [err.Error()]: matching an error message is the shape config_reload.go:396 already carries and ticket 268 was told not to copy - a reworded loader sentence would silently re-fold the two shapes
--- FAIL: TestTicket268RefusedBranchClassifiesBySentinelNotByErrorWords (0.00s)
FAIL
FAIL	github.com/CarlosShao/wisp/cmd/wisp	0.075s
FAIL
rc=1
