portable-tests-selftest.sh: core_pin extracted from /d/work/workspace/projects plans/Wisp/scripts/portable-tests.sh = 27 import paths
portable-tests-selftest.sh: winsec_pin extracted from /d/work/workspace/projects plans/Wisp/scripts/portable-tests.sh = 1 import path(s)
portable-tests-selftest.sh: split seed = github.com/CarlosShao/wisp/internal/winsec + github.com/CarlosShao/wisp/internal/winsec/acl (2 lines)
portable-tests-selftest.sh: 254 split universe = core_pin (27) + github.com/CarlosShao/wisp/internal/winsec/acl (28 lines)
portable-tests-selftest.sh: 111 GUARD D universe = core_pin (27) + github.com/CarlosShao/wisp/internal/carrier111unclaimed (28 lines, claimed by no tier)

== case census-unclaimed-package-goes-red: rc=0 log=/tmp/tmp.CR9G3YWFYw/census-unclaimed-package-goes-red.log
   (a) the guard's own words: it names the package AND what it counted.
   FAIL exit 0, expected 1
   FAIL /GUARD D - 1 package\(s\) compile a test file for GOOS=/ appeared 0 time(s), wanted at least 1
   FAIL /NO named scope claims them, so no CI step runs them/ appeared 0 time(s), wanted at least 1
   FAIL /<-UNCLAIMED-HAS-TESTS/ appeared 0 time(s), wanted at least 1
   FAIL /github.com/CarlosShao/wisp/internal/carrier111unclaimed  tests-compiled-for-[a-z]*=1/0/ appeared 0 time(s), wanted at least 1
   FAIL /census totals: packages=28 .*unclaimed-with-tests=1/ appeared 0 time(s), wanted at least 1

== case census-unreadable-count-goes-red: rc=0 log=/tmp/tmp.CR9G3YWFYw/census-unreadable-count-goes-red.log
   (b) default-deny: a count that could not be read is a hole, not coverage.
   FAIL exit 0, expected 1
   FAIL /GUARD D - 1 package\(s\) compile a test file for GOOS=/ appeared 0 time(s), wanted at least 1
   FAIL /github.com/CarlosShao/wisp/internal/carrier111unclaimed  tests-compiled-for-[a-z]*=\?/\?/ appeared 0 time(s), wanted at least 1
   FAIL /<-UNCLAIMED-HAS-TESTS/ appeared 0 time(s), wanted at least 1

== case census-unclaimed-zero-count-stays-green: rc=0 log=/tmp/tmp.CR9G3YWFYw/census-unclaimed-zero-count-stays-green.log
   (c) control on the identical universe: unclaimed + 0/0 stays GREEN.
   ok   exit 0, as expected
   ok   /GUARD D -/ absent
   ok   /<-UNCLAIMED-HAS-TESTS/ absent
   ok   /<-NO-TESTS/ appears 28 time(s)
   ok   /census totals: packages=28 .*unclaimed-with-tests=0/ appears 1 time(s)

portable-tests-selftest.sh: 3 case(s) ran, 10 assertion(s) failed
portable-tests-selftest.sh: carrier scratch kept at /tmp/tmp.CR9G3YWFYw (rules: temp files are created, not deleted)
portable-tests-selftest.sh: RED - a guard stopped biting, or the carrier went stale.
