time=2026-09-25T21:29:29.580+08:00 level=INFO msg="winsec: sealing path resolver installed" resolver=risk.c26Pipeline probes_passed=2
=== RUN   TestSLO144EveryPrefixOfARealReportIsUnwrittenNotCorrupt
--- PASS: TestSLO144EveryPrefixOfARealReportIsUnwrittenNotCorrupt (0.02s)
=== RUN   TestSLO144ReportsThatContradictThemselvesAreCorruptNow
=== RUN   TestSLO144ReportsThatContradictThemselvesAreCorruptNow/html-head
=== RUN   TestSLO144ReportsThatContradictThemselvesAreCorruptNow/stray-comma
=== RUN   TestSLO144ReportsThatContradictThemselvesAreCorruptNow/wrong-type
=== RUN   TestSLO144ReportsThatContradictThemselvesAreCorruptNow/trailing-garbage
=== RUN   TestSLO144ReportsThatContradictThemselvesAreCorruptNow/second-document
=== RUN   TestSLO144ReportsThatContradictThemselvesAreCorruptNow/complete-but-no-state-report
=== RUN   TestSLO144ReportsThatContradictThemselvesAreCorruptNow/empty-object-is-a-finished-lie
--- PASS: TestSLO144ReportsThatContradictThemselvesAreCorruptNow (0.00s)
    --- PASS: TestSLO144ReportsThatContradictThemselvesAreCorruptNow/html-head (0.00s)
    --- PASS: TestSLO144ReportsThatContradictThemselvesAreCorruptNow/stray-comma (0.00s)
    --- PASS: TestSLO144ReportsThatContradictThemselvesAreCorruptNow/wrong-type (0.00s)
    --- PASS: TestSLO144ReportsThatContradictThemselvesAreCorruptNow/trailing-garbage (0.00s)
    --- PASS: TestSLO144ReportsThatContradictThemselvesAreCorruptNow/second-document (0.00s)
    --- PASS: TestSLO144ReportsThatContradictThemselvesAreCorruptNow/complete-but-no-state-report (0.00s)
    --- PASS: TestSLO144ReportsThatContradictThemselvesAreCorruptNow/empty-object-is-a-finished-lie (0.00s)
=== RUN   TestSLO144LoopRetriesAnUnfinishedFileAndReadsTheWholeReport
--- PASS: TestSLO144LoopRetriesAnUnfinishedFileAndReadsTheWholeReport (0.03s)
=== RUN   TestSLO144LoopGiveUpSentencesOnRealFiles
--- PASS: TestSLO144LoopGiveUpSentencesOnRealFiles (0.06s)
=== RUN   TestSLO144CorruptReportIsJudgedOnTheFirstRead
--- PASS: TestSLO144CorruptReportIsJudgedOnTheFirstRead (0.00s)
=== RUN   TestSLO144UnfinishedReportKeepsPollingThenNamesBudgetAndBytes
--- PASS: TestSLO144UnfinishedReportKeepsPollingThenNamesBudgetAndBytes (0.06s)
=== RUN   TestSLO144ReportThatArrivesAfterMissingReadingsIsCollected
--- PASS: TestSLO144ReportThatArrivesAfterMissingReadingsIsCollected (0.00s)
PASS
ok  	github.com/CarlosShao/wisp/cmd/wisp	0.271s
