time=2026-09-25T21:37:18.931+08:00 level=INFO msg="winsec: sealing path resolver installed" resolver=risk.c26Pipeline probes_passed=2
=== RUN   TestSLO144EveryPrefixOfARealReportIsUnwrittenNotCorrupt
--- PASS: TestSLO144EveryPrefixOfARealReportIsUnwrittenNotCorrupt (0.03s)
=== RUN   TestSLO144ReportsThatContradictThemselvesAreCorruptNow
=== RUN   TestSLO144ReportsThatContradictThemselvesAreCorruptNow/html-head
=== RUN   TestSLO144ReportsThatContradictThemselvesAreCorruptNow/stray-comma
=== RUN   TestSLO144ReportsThatContradictThemselvesAreCorruptNow/wrong-type
=== RUN   TestSLO144ReportsThatContradictThemselvesAreCorruptNow/trailing-garbage
=== RUN   TestSLO144ReportsThatContradictThemselvesAreCorruptNow/second-document
=== RUN   TestSLO144ReportsThatContradictThemselvesAreCorruptNow/complete-but-no-state-report
=== RUN   TestSLO144ReportsThatContradictThemselvesAreCorruptNow/empty-object-is-a-finished-lie
--- PASS: TestSLO144ReportsThatContradictThemselvesAreCorruptNow (0.00s)
    --- PASS: TestSLO144ReportsThatContradictThemselvesAreCorruptNow/html-head (0.00s)
    --- PASS: TestSLO144ReportsThatContradictThemselvesAreCorruptNow/stray-comma (0.00s)
    --- PASS: TestSLO144ReportsThatContradictThemselvesAreCorruptNow/wrong-type (0.00s)
    --- PASS: TestSLO144ReportsThatContradictThemselvesAreCorruptNow/trailing-garbage (0.00s)
    --- PASS: TestSLO144ReportsThatContradictThemselvesAreCorruptNow/second-document (0.00s)
    --- PASS: TestSLO144ReportsThatContradictThemselvesAreCorruptNow/complete-but-no-state-report (0.00s)
    --- PASS: TestSLO144ReportsThatContradictThemselvesAreCorruptNow/empty-object-is-a-finished-lie (0.00s)
=== RUN   TestSLO144LoopRetriesAnUnfinishedFileAndReadsTheWholeReport
--- PASS: TestSLO144LoopRetriesAnUnfinishedFileAndReadsTheWholeReport (0.03s)
=== RUN   TestSLO144LoopGiveUpSentencesOnRealFiles
--- PASS: TestSLO144LoopGiveUpSentencesOnRealFiles (0.06s)
=== RUN   TestSLO144CorruptReportIsJudgedOnTheFirstRead
--- PASS: TestSLO144CorruptReportIsJudgedOnTheFirstRead (0.00s)
=== RUN   TestSLO144UnfinishedReportKeepsPollingThenNamesBudgetAndBytes
--- PASS: TestSLO144UnfinishedReportKeepsPollingThenNamesBudgetAndBytes (0.06s)
=== RUN   TestSLO144ReportThatArrivesAfterMissingReadingsIsCollected
--- PASS: TestSLO144ReportThatArrivesAfterMissingReadingsIsCollected (0.00s)
=== RUN   TestSLO147UnwrittenSentenceNamesTheOffsetTheDocumentStoppedAt
    slo_report_144_windows_test.go:446: 1978 of 1978 unwritten sentences do not name the offset the document stopped at; first: prefix of 0 bytes: sentence carries no byte/offset pair: "0 bytes read, document still open: the tail had not arrived"
--- FAIL: TestSLO147UnwrittenSentenceNamesTheOffsetTheDocumentStoppedAt (0.02s)
=== RUN   TestSLO147LoopGiveUpSentenceAgreesWithTheBytesItRead
    slo_report_144_windows_test.go:467: give-up error "wisp slo: subject 4248 never wrote a complete report within 60ms (last read: 8 bytes read, document still open: the tail had not arrived)" does not read as bytes-then-offset
--- FAIL: TestSLO147LoopGiveUpSentenceAgreesWithTheBytesItRead (0.06s)
=== RUN   TestSLO147OffsetSemanticsRenderThreeDifferentSentences
    slo_report_144_windows_test.go:500: unfinished sentence "989 bytes read, document still open: the tail had not arrived" is not the unwritten shape
--- FAIL: TestSLO147OffsetSemanticsRenderThreeDifferentSentences (0.04s)
FAIL
FAIL	github.com/CarlosShao/wisp/cmd/wisp	0.370s
FAIL
