time=2026-09-25T21:36:58.576+08:00 level=INFO msg="winsec: sealing path resolver installed" resolver=risk.c26Pipeline probes_passed=2
=== RUN   TestSLO144EveryPrefixOfARealReportIsUnwrittenNotCorrupt
--- PASS: TestSLO144EveryPrefixOfARealReportIsUnwrittenNotCorrupt (0.02s)
=== RUN   TestSLO144ReportsThatContradictThemselvesAreCorruptNow
=== RUN   TestSLO144ReportsThatContradictThemselvesAreCorruptNow/html-head
=== RUN   TestSLO144ReportsThatContradictThemselvesAreCorruptNow/stray-comma
=== RUN   TestSLO144ReportsThatContradictThemselvesAreCorruptNow/wrong-type
=== RUN   TestSLO144ReportsThatContradictThemselvesAreCorruptNow/trailing-garbage
=== RUN   TestSLO144ReportsThatContradictThemselvesAreCorruptNow/second-document
=== RUN   TestSLO144ReportsThatContradictThemselvesAreCorruptNow/complete-but-no-state-report
=== RUN   TestSLO144ReportsThatContradictThemselvesAreCorruptNow/empty-object-is-a-finished-lie
--- PASS: TestSLO144ReportsThatContradictThemselvesAreCorruptNow (0.00s)
    --- PASS: TestSLO144ReportsThatContradictThemselvesAreCorruptNow/html-head (0.00s)
    --- PASS: TestSLO144ReportsThatContradictThemselvesAreCorruptNow/stray-comma (0.00s)
    --- PASS: TestSLO144ReportsThatContradictThemselvesAreCorruptNow/wrong-type (0.00s)
    --- PASS: TestSLO144ReportsThatContradictThemselvesAreCorruptNow/trailing-garbage (0.00s)
    --- PASS: TestSLO144ReportsThatContradictThemselvesAreCorruptNow/second-document (0.00s)
    --- PASS: TestSLO144ReportsThatContradictThemselvesAreCorruptNow/complete-but-no-state-report (0.00s)
    --- PASS: TestSLO144ReportsThatContradictThemselvesAreCorruptNow/empty-object-is-a-finished-lie (0.00s)
=== RUN   TestSLO144LoopRetriesAnUnfinishedFileAndReadsTheWholeReport
--- PASS: TestSLO144LoopRetriesAnUnfinishedFileAndReadsTheWholeReport (0.03s)
=== RUN   TestSLO144LoopGiveUpSentencesOnRealFiles
--- PASS: TestSLO144LoopGiveUpSentencesOnRealFiles (0.05s)
=== RUN   TestSLO144CorruptReportIsJudgedOnTheFirstRead
--- PASS: TestSLO144CorruptReportIsJudgedOnTheFirstRead (0.00s)
=== RUN   TestSLO144UnfinishedReportKeepsPollingThenNamesBudgetAndBytes
--- PASS: TestSLO144UnfinishedReportKeepsPollingThenNamesBudgetAndBytes (0.06s)
=== RUN   TestSLO144ReportThatArrivesAfterMissingReadingsIsCollected
--- PASS: TestSLO144ReportThatArrivesAfterMissingReadingsIsCollected (0.00s)
=== RUN   TestSLO147UnwrittenSentenceNamesTheOffsetTheDocumentStoppedAt
    slo_report_144_windows_test.go:446: 1977 of 1978 unwritten sentences do not name the offset the document stopped at; first: prefix of 1 bytes: subjectReportRead.offset is 0
--- FAIL: TestSLO147UnwrittenSentenceNamesTheOffsetTheDocumentStoppedAt (0.02s)
=== RUN   TestSLO147LoopGiveUpSentenceAgreesWithTheBytesItRead
    slo_report_144_windows_test.go:470: give-up error says 8 bytes read, document open at offset 0; want both 8 (the prefix the loop was handed)
--- FAIL: TestSLO147LoopGiveUpSentenceAgreesWithTheBytesItRead (0.06s)
=== RUN   TestSLO147OffsetSemanticsRenderThreeDifferentSentences
    slo_report_144_windows_test.go:502: unfinished sentence says 989 bytes, offset 0; want both 989
--- FAIL: TestSLO147OffsetSemanticsRenderThreeDifferentSentences (0.04s)
FAIL
FAIL	github.com/CarlosShao/wisp/cmd/wisp	0.361s
FAIL
