$ go test -count=1 -overlay 'D:\work\tmp\wisp152\scratch\mut\g4-renderer-never-prints-position\overlay.json' -v -run 'TestSLO144|TestSLO147|TestSLO149|TestSLO152' ./cmd/wisp/
$ tree=D:/work/tmp/wisp152/snap-post  mutated_files=['D:/work/tmp/wisp152/snap-post/cmd/wisp/slo_windows.go']
time=2026-09-26T09:57:59.541+08:00 level=INFO msg="winsec: sealing path resolver installed" resolver=risk.c26Pipeline probes_passed=2
=== RUN   TestSLO144EveryPrefixOfARealReportIsUnwrittenNotCorrupt
--- PASS: TestSLO144EveryPrefixOfARealReportIsUnwrittenNotCorrupt (0.02s)
=== RUN   TestSLO144ReportsThatContradictThemselvesAreCorruptNow
=== RUN   TestSLO144ReportsThatContradictThemselvesAreCorruptNow/html-head
=== RUN   TestSLO144ReportsThatContradictThemselvesAreCorruptNow/stray-comma
=== RUN   TestSLO144ReportsThatContradictThemselvesAreCorruptNow/wrong-type
=== RUN   TestSLO144ReportsThatContradictThemselvesAreCorruptNow/trailing-garbage
=== RUN   TestSLO144ReportsThatContradictThemselvesAreCorruptNow/second-document
=== RUN   TestSLO144ReportsThatContradictThemselvesAreCorruptNow/complete-but-no-state-report
=== RUN   TestSLO144ReportsThatContradictThemselvesAreCorruptNow/empty-object-is-a-finished-lie
--- PASS: TestSLO144ReportsThatContradictThemselvesAreCorruptNow (0.00s)
    --- PASS: TestSLO144ReportsThatContradictThemselvesAreCorruptNow/html-head (0.00s)
    --- PASS: TestSLO144ReportsThatContradictThemselvesAreCorruptNow/stray-comma (0.00s)
    --- PASS: TestSLO144ReportsThatContradictThemselvesAreCorruptNow/wrong-type (0.00s)
    --- PASS: TestSLO144ReportsThatContradictThemselvesAreCorruptNow/trailing-garbage (0.00s)
    --- PASS: TestSLO144ReportsThatContradictThemselvesAreCorruptNow/second-document (0.00s)
    --- PASS: TestSLO144ReportsThatContradictThemselvesAreCorruptNow/complete-but-no-state-report (0.00s)
    --- PASS: TestSLO144ReportsThatContradictThemselvesAreCorruptNow/empty-object-is-a-finished-lie (0.00s)
=== RUN   TestSLO144LoopRetriesAnUnfinishedFileAndReadsTheWholeReport
--- PASS: TestSLO144LoopRetriesAnUnfinishedFileAndReadsTheWholeReport (0.03s)
=== RUN   TestSLO144LoopGiveUpSentencesOnRealFiles
--- PASS: TestSLO144LoopGiveUpSentencesOnRealFiles (0.05s)
=== RUN   TestSLO144CorruptReportIsJudgedOnTheFirstRead
--- PASS: TestSLO144CorruptReportIsJudgedOnTheFirstRead (0.00s)
=== RUN   TestSLO144UnfinishedReportKeepsPollingThenNamesBudgetAndBytes
--- PASS: TestSLO144UnfinishedReportKeepsPollingThenNamesBudgetAndBytes (0.06s)
=== RUN   TestSLO144ReportThatArrivesAfterMissingReadingsIsCollected
--- PASS: TestSLO144ReportThatArrivesAfterMissingReadingsIsCollected (0.00s)
=== RUN   TestSLO147UnwrittenSentenceNamesTheOffsetTheDocumentStoppedAt
--- PASS: TestSLO147UnwrittenSentenceNamesTheOffsetTheDocumentStoppedAt (0.01s)
=== RUN   TestSLO147LoopGiveUpSentenceAgreesWithTheBytesItRead
--- PASS: TestSLO147LoopGiveUpSentenceAgreesWithTheBytesItRead (0.06s)
=== RUN   TestSLO147OffsetSemanticsRenderThreeDifferentSentences
--- PASS: TestSLO147OffsetSemanticsRenderThreeDifferentSentences (0.04s)
=== RUN   TestSLO149CorruptSentenceNamesThePositionTheDecoderObjectedAt
    slo_report_144_windows_test.go:656: 8 of 8 corrupt shapes do not name the byte position the decoder objected at; first: second-comma-at-26: sentence "39 bytes read, report corrupt: 39 bytes contradict a subject report at an offset the decoder did not name: invalid character ',' looking for beginning of object key string" is not the contradiction shape
--- FAIL: TestSLO149CorruptSentenceNamesThePositionTheDecoderObjectedAt (0.00s)
=== RUN   TestSLO149CorruptLegsWithoutADecoderErrorKeepTheirOwnEnd
--- PASS: TestSLO149CorruptLegsWithoutADecoderErrorKeepTheirOwnEnd (0.00s)
=== RUN   TestSLO152CorruptLegWithNoNamedPositionRefusesToBorrowOne
    slo_report_144_windows_test.go:797: real-syntax-error: the naming arm no longer renders the contradiction shape case 11 parses: "39 bytes read, report corrupt: 39 bytes contradict a subject report at an offset the decoder did not name: invalid character ',' looking for beginning of object key string"
    slo_report_144_windows_test.go:797: real-unmarshaltype-error: the naming arm no longer renders the contradiction shape case 11 parses: "13 bytes read, report corrupt: 13 bytes contradict a subject report at an offset the decoder did not name: json: cannot unmarshal number into Go struct field sloRun.mode of type string"
    slo_report_144_windows_test.go:797: poke-in-the-fixture: the naming arm no longer renders the contradiction shape case 11 parses: "1978 bytes read, report corrupt: 1978 bytes contradict a subject report at an offset the decoder did not name: invalid character '@' looking for beginning of value"
--- FAIL: TestSLO152CorruptLegWithNoNamedPositionRefusesToBorrowOne (0.00s)
=== RUN   TestSLO149ExitedGiveUpSentenceCarriesTheLastReading
--- PASS: TestSLO149ExitedGiveUpSentenceCarriesTheLastReading (0.04s)
FAIL
FAIL	github.com/CarlosShao/wisp/cmd/wisp	0.414s
FAIL
