@@@ start @@@
2026-10-02T11:04:43+08:00
6bcb934a8fcc4130e367499ab7ee6e8975dca8d8
/d/work/workspace/projects plans/Wisp
@@@ GOFLAGS= go build ./... @@@
@@@ build rc=0 @@@
@@@ go vet ./cmd/wisp ./internal/panel ./internal/config @@@
@@@ vet rc=0 @@@
@@@ gofumpt -l cmd/wisp internal/config internal/panel @@@
@@@ gofumpt rc=0 list-count=0 @@@
@@@ d22scan @@@
@@@ d22scan rc=0 @@@
d22scan: scope ban #8 internal/         examined 482 Go files, comments and _test.go included
d22scan: scope ban #8 cmd/              examined  86 Go files, comments and _test.go included
d22scan: clean - no D22 ban violations; live scope work: bans #1-5 internal/=226, bans #1-5 cmd/=36, ban #6 frontend/=85, ban #7 internal/tools/=23, ban #8 design/=39, ban #8 frontend/=85, ban #8 internal/=482, ban #8 cmd/=86; ban #8 emoji coverage: design/ 39 text files; frontend/ 85 text files; internal/ 482 Go files, comments and _test.go included; cmd/ 86 Go files, comments and _test.go included
@@@ go test ./internal/panel ./internal/config -count=1 @@@
@@@ panel+config rc=1 @@@
--- FAIL: TestApprovalCardViewJSONKeysMatchFrontendTypes (0.00s)
--- FAIL: TestComposerContractTypesMatchFrontend (0.00s)
--- FAIL: TestPanelColourLiteralsLiveOnlyInTheGeneratedTheme (0.05s)
--- FAIL: TestC21DesignTokensFourWayAgree (0.00s)
FAIL
FAIL	github.com/CarlosShao/wisp/internal/panel	1.027s
ok  	github.com/CarlosShao/wisp/internal/config	0.842s
FAIL
@@@ go test ./cmd/wisp -count=1 (full package) @@@
@@@ cmd/wisp rc=0 @@@
ok  	github.com/CarlosShao/wisp/cmd/wisp	177.139s
@@@ done @@@
2026-10-02T11:08:05+08:00
