$ go test -count=1 -v -overlay 'D:/work/tmp/wisp152-accept-r1/ovl\post--probe-post.json' -run 'TestSLO144|TestSLO147|TestSLO149|TestSLO152|TestAcc152Probe' ./cmd/wisp/
cwd=D:/work/tmp/wisp152-accept-r1/snap-post
overlay_files=1
overlay={"Replace": {"D:/work/tmp/wisp152-accept-r1/snap-post/cmd/wisp/zz152acc1_windows_test.go": "D:/work/tmp/wisp152-accept-r1/probe/zz152acc1_windows_test.go"}}
time=2026-09-26T10:25:46.463+08:00 level=INFO msg="winsec: sealing path resolver installed" resolver=risk.c26Pipeline probes_passed=2
=== RUN   TestSLO144EveryPrefixOfARealReportIsUnwrittenNotCorrupt
--- PASS: TestSLO144EveryPrefixOfARealReportIsUnwrittenNotCorrupt (0.01s)
=== RUN   TestSLO144ReportsThatContradictThemselvesAreCorruptNow
=== RUN   TestSLO144ReportsThatContradictThemselvesAreCorruptNow/html-head
=== RUN   TestSLO144ReportsThatContradictThemselvesAreCorruptNow/stray-comma
=== RUN   TestSLO144ReportsThatContradictThemselvesAreCorruptNow/wrong-type
=== RUN   TestSLO144ReportsThatContradictThemselvesAreCorruptNow/trailing-garbage
=== RUN   TestSLO144ReportsThatContradictThemselvesAreCorruptNow/second-document
=== RUN   TestSLO144ReportsThatContradictThemselvesAreCorruptNow/complete-but-no-state-report
=== RUN   TestSLO144ReportsThatContradictThemselvesAreCorruptNow/empty-object-is-a-finished-lie
--- PASS: TestSLO144ReportsThatContradictThemselvesAreCorruptNow (0.00s)
    --- PASS: TestSLO144ReportsThatContradictThemselvesAreCorruptNow/html-head (0.00s)
    --- PASS: TestSLO144ReportsThatContradictThemselvesAreCorruptNow/stray-comma (0.00s)
    --- PASS: TestSLO144ReportsThatContradictThemselvesAreCorruptNow/wrong-type (0.00s)
    --- PASS: TestSLO144ReportsThatContradictThemselvesAreCorruptNow/trailing-garbage (0.00s)
    --- PASS: TestSLO144ReportsThatContradictThemselvesAreCorruptNow/second-document (0.00s)
    --- PASS: TestSLO144ReportsThatContradictThemselvesAreCorruptNow/complete-but-no-state-report (0.00s)
    --- PASS: TestSLO144ReportsThatContradictThemselvesAreCorruptNow/empty-object-is-a-finished-lie (0.00s)
=== RUN   TestSLO144LoopRetriesAnUnfinishedFileAndReadsTheWholeReport
--- PASS: TestSLO144LoopRetriesAnUnfinishedFileAndReadsTheWholeReport (0.03s)
=== RUN   TestSLO144LoopGiveUpSentencesOnRealFiles
--- PASS: TestSLO144LoopGiveUpSentencesOnRealFiles (0.05s)
=== RUN   TestSLO144CorruptReportIsJudgedOnTheFirstRead
--- PASS: TestSLO144CorruptReportIsJudgedOnTheFirstRead (0.00s)
=== RUN   TestSLO144UnfinishedReportKeepsPollingThenNamesBudgetAndBytes
--- PASS: TestSLO144UnfinishedReportKeepsPollingThenNamesBudgetAndBytes (0.06s)
=== RUN   TestSLO144ReportThatArrivesAfterMissingReadingsIsCollected
--- PASS: TestSLO144ReportThatArrivesAfterMissingReadingsIsCollected (0.00s)
=== RUN   TestSLO147UnwrittenSentenceNamesTheOffsetTheDocumentStoppedAt
--- PASS: TestSLO147UnwrittenSentenceNamesTheOffsetTheDocumentStoppedAt (0.02s)
=== RUN   TestSLO147LoopGiveUpSentenceAgreesWithTheBytesItRead
--- PASS: TestSLO147LoopGiveUpSentenceAgreesWithTheBytesItRead (0.06s)
=== RUN   TestSLO147OffsetSemanticsRenderThreeDifferentSentences
--- PASS: TestSLO147OffsetSemanticsRenderThreeDifferentSentences (0.04s)
=== RUN   TestSLO149CorruptSentenceNamesThePositionTheDecoderObjectedAt
--- PASS: TestSLO149CorruptSentenceNamesThePositionTheDecoderObjectedAt (0.00s)
=== RUN   TestSLO149CorruptLegsWithoutADecoderErrorKeepTheirOwnEnd
--- PASS: TestSLO149CorruptLegsWithoutADecoderErrorKeepTheirOwnEnd (0.00s)
=== RUN   TestSLO152CorruptLegWithNoNamedPositionRefusesToBorrowOne
--- PASS: TestSLO152CorruptLegWithNoNamedPositionRefusesToBorrowOne (0.00s)
=== RUN   TestSLO149ExitedGiveUpSentenceCarriesTheLastReading
--- PASS: TestSLO149ExitedGiveUpSentenceCarriesTheLastReading (0.07s)
=== RUN   TestAcc152ProbeUnreapedTakesTheTimeoutLeg
    zz152acc1_windows_test.go:112: ACC|setup|pid=57884 file_bytes=836 os_says=terminated exit_code=7 cmd.ProcessState==nil?true
    zz152acc1_windows_test.go:124: ACC|A|sawReported=false|exited_before=false exitCode_before=-1 elapsed=2.0040809s
    zz152acc1_windows_test.go:125: ACC|A|sentence=wisp slo: subject 57884 never wrote a complete report within 2s (last read: 836 bytes read, document still open at offset 836: the tail had not arrived)
    zz152acc1_windows_test.go:126: ACC|A|after_loop|exited=false exitCode=-1
    zz152acc1_windows_test.go:149: ACC|A|last_reading|state=unwritten offset=836 bytes=836 summary="836 bytes read, document still open at offset 836: the tail had not arrived"
--- PASS: TestAcc152ProbeUnreapedTakesTheTimeoutLeg (2.07s)
=== RUN   TestAcc152ProbeReapedTakesTheExitedLeg
    zz152acc1_windows_test.go:162: ACC|setup|pid=61588 file_bytes=836 os_says=terminated exit_code=7 cmd.ProcessState==nil?true
    zz152acc1_windows_test.go:164: ACC|B|Wait returned exit status 7 (expected: exit status 7)
    zz152acc1_windows_test.go:167: ACC|B|after_reap|exited=true exitCode=7
    zz152acc1_windows_test.go:178: ACC|B|elapsed=565.2µs sentence=wisp slo: subject 61588 exited (code 7) without writing its report (836 bytes read, document still open at offset 836: the tail had not arrived)
--- PASS: TestAcc152ProbeReapedTakesTheExitedLeg (0.07s)
=== RUN   TestAcc152ProbeLastIsAValueNotANilEnvelope
    zz152acc1_windows_test.go:200: ACC|C|zero_value_summary="0 bytes read, document still open at offset 0: the tail had not arrived" state="unwritten" offset=0
    zz152acc1_windows_test.go:225: ACC|C|inside_collectReportWithin|last_assign_at=883 exited_check_at=1126
--- PASS: TestAcc152ProbeLastIsAValueNotANilEnvelope (0.00s)
PASS
ok  	github.com/CarlosShao/wisp/cmd/wisp	2.562s
