time=2026-10-05T14:53:26.435+08:00 level=INFO msg="winsec: sealing path resolver installed" resolver=risk.c26Pipeline probes_passed=2
=== RUN   TestTicket256ResidentGateWithoutAHostViewRunsOnTheCompiledConstants
=== RUN   TestTicket256ResidentGateWithoutAHostViewRunsOnTheCompiledConstants/no_host_view_at_all
time=2026-10-05T14:53:26.440+08:00 level=INFO msg="resident gate: [risk] tier taken at construction" provenance="defaults (no host config view)" config_path="(no host config view)" window_sec_read=0 confirm_timeout_sec_read=0 gate_window=3s gate_queue_timeout=5m0s scope="construction time only: approval.Gate and Queue copy these in New and nothing re-applies them (ticket 256)"
=== RUN   TestTicket256ResidentGateWithoutAHostViewRunsOnTheCompiledConstants/config.toml_missing
time=2026-10-05T14:53:26.441+08:00 level=WARN msg="resident gate: [risk] source unreadable at construction; the gate falls back to the compiled approval constants" path=C:\Users\swq\AppData\Local\Temp\TestTicket256ResidentGateWithoutAHostViewRunsOnTheCompiledConsta1357397589\001\config.toml err="config: config.toml read: no file at this path yet。第 1 种拒因：文件没建：这一页与这条链都不新建 config.toml。在控制台运行一次 wisp run，第一次启动会写出全默认的首份配置（它不替你选任何模型，也不替你建任何服务商行）: open C:\\Users\\swq\\AppData\\Local\\Temp\\TestTicket256ResidentGateWithoutAHostViewRunsOnTheCompiledConsta1357397589\\001\\config.toml: The system cannot find the file specified." fallback="DefaultApprovalTimeout=300s / DefaultL1Window=3s"
time=2026-10-05T14:53:26.442+08:00 level=INFO msg="resident gate: [risk] tier taken at construction" provenance="defaults (config.toml unreadable)" config_path=C:\Users\swq\AppData\Local\Temp\TestTicket256ResidentGateWithoutAHostViewRunsOnTheCompiledConsta1357397589\001\config.toml window_sec_read=0 confirm_timeout_sec_read=0 gate_window=3s gate_queue_timeout=5m0s scope="construction time only: approval.Gate and Queue copy these in New and nothing re-applies them (ticket 256)"
time=2026-10-05T14:53:26.443+08:00 level=INFO msg="resident gate: [risk] tier taken at construction" provenance=config config_path=C:\Users\swq\AppData\Local\Temp\TestTicket256ResidentGateWithoutAHostViewRunsOnTheCompiledConsta1357397589\001\config.toml window_sec_read=2 confirm_timeout_sec_read=45 gate_window=2s gate_queue_timeout=45s scope="construction time only: approval.Gate and Queue copy these in New and nothing re-applies them (ticket 256)"
time=2026-10-05T14:53:26.444+08:00 level=INFO msg="resident gate: [risk] tier taken at construction" provenance="defaults (no host config view)" config_path="(no host config view)" window_sec_read=0 confirm_timeout_sec_read=0 gate_window=3s gate_queue_timeout=5m0s scope="construction time only: approval.Gate and Queue copy these in New and nothing re-applies them (ticket 256)"
time=2026-10-05T14:53:26.444+08:00 level=INFO msg="resident gate: [risk] tier taken at construction" provenance="defaults (no host config view)" config_path="(no host config view)" window_sec_read=0 confirm_timeout_sec_read=0 gate_window=3s gate_queue_timeout=5m0s scope="construction time only: approval.Gate and Queue copy these in New and nothing re-applies them (ticket 256)"
--- PASS: TestTicket256ResidentGateWithoutAHostViewRunsOnTheCompiledConstants (0.00s)
    --- PASS: TestTicket256ResidentGateWithoutAHostViewRunsOnTheCompiledConstants/no_host_view_at_all (0.00s)
    --- PASS: TestTicket256ResidentGateWithoutAHostViewRunsOnTheCompiledConstants/config.toml_missing (0.00s)
=== RUN   TestTicket256ResidentGateTakesTheSeededRiskTimeoutAndWindow
=== RUN   TestTicket256ResidentGateTakesTheSeededRiskTimeoutAndWindow/timeout_only_-_the_window_then_comes_from_the_schema_tag,_not_from_the_gate's_compiled_constant
time=2026-10-05T14:53:26.447+08:00 level=INFO msg="resident gate: [risk] tier taken at construction" provenance=config config_path=C:\Users\swq\AppData\Local\Temp\TestTicket256ResidentGateTakesTheSeededRiskTimeoutAndWindowtime3370955932\001\config.toml window_sec_read=2 confirm_timeout_sec_read=45 gate_window=2s gate_queue_timeout=45s scope="construction time only: approval.Gate and Queue copy these in New and nothing re-applies them (ticket 256)"
=== RUN   TestTicket256ResidentGateTakesTheSeededRiskTimeoutAndWindow/window_seeded_to_2s_-_differs_from_the_pre-256_compiled_3s,_so_it_is_a_real_reading
time=2026-10-05T14:53:26.449+08:00 level=INFO msg="resident gate: [risk] tier taken at construction" provenance=config config_path=C:\Users\swq\AppData\Local\Temp\TestTicket256ResidentGateTakesTheSeededRiskTimeoutAndWindowwind3244176867\001\config.toml window_sec_read=2 confirm_timeout_sec_read=300 gate_window=2s gate_queue_timeout=5m0s scope="construction time only: approval.Gate and Queue copy these in New and nothing re-applies them (ticket 256)"
=== RUN   TestTicket256ResidentGateTakesTheSeededRiskTimeoutAndWindow/both_seeded
time=2026-10-05T14:53:26.453+08:00 level=INFO msg="resident gate: [risk] tier taken at construction" provenance=config config_path=C:\Users\swq\AppData\Local\Temp\TestTicket256ResidentGateTakesTheSeededRiskTimeoutAndWindowboth3609090277\001\config.toml window_sec_read=2 confirm_timeout_sec_read=45 gate_window=2s gate_queue_timeout=45s scope="construction time only: approval.Gate and Queue copy these in New and nothing re-applies them (ticket 256)"
=== RUN   TestTicket256ResidentGateTakesTheSeededRiskTimeoutAndWindow/window_way_too_large_-_reverse_control,_the_clamp_must_survive
time=2026-10-05T14:53:26.456+08:00 level=INFO msg="resident gate: [risk] tier taken at construction" provenance=config config_path=C:\Users\swq\AppData\Local\Temp\TestTicket256ResidentGateTakesTheSeededRiskTimeoutAndWindowwind713009974\001\config.toml window_sec_read=99 confirm_timeout_sec_read=300 gate_window=3s gate_queue_timeout=5m0s scope="construction time only: approval.Gate and Queue copy these in New and nothing re-applies them (ticket 256)"
=== RUN   TestTicket256ResidentGateTakesTheSeededRiskTimeoutAndWindow/window_below_the_floor_-_reverse_control,_the_clamp_must_survive
time=2026-10-05T14:53:26.460+08:00 level=INFO msg="resident gate: [risk] tier taken at construction" provenance=config config_path=C:\Users\swq\AppData\Local\Temp\TestTicket256ResidentGateTakesTheSeededRiskTimeoutAndWindowwind3213893584\001\config.toml window_sec_read=1 confirm_timeout_sec_read=300 gate_window=2s gate_queue_timeout=5m0s scope="construction time only: approval.Gate and Queue copy these in New and nothing re-applies them (ticket 256)"
--- PASS: TestTicket256ResidentGateTakesTheSeededRiskTimeoutAndWindow (0.02s)
    --- PASS: TestTicket256ResidentGateTakesTheSeededRiskTimeoutAndWindow/timeout_only_-_the_window_then_comes_from_the_schema_tag,_not_from_the_gate's_compiled_constant (0.00s)
    --- PASS: TestTicket256ResidentGateTakesTheSeededRiskTimeoutAndWindow/window_seeded_to_2s_-_differs_from_the_pre-256_compiled_3s,_so_it_is_a_real_reading (0.00s)
    --- PASS: TestTicket256ResidentGateTakesTheSeededRiskTimeoutAndWindow/both_seeded (0.00s)
    --- PASS: TestTicket256ResidentGateTakesTheSeededRiskTimeoutAndWindow/window_way_too_large_-_reverse_control,_the_clamp_must_survive (0.00s)
    --- PASS: TestTicket256ResidentGateTakesTheSeededRiskTimeoutAndWindow/window_below_the_floor_-_reverse_control,_the_clamp_must_survive (0.00s)
=== RUN   TestTicket256ResidentGateRiskValuesAreConstructionTimeOnly
time=2026-10-05T14:53:26.463+08:00 level=INFO msg="resident gate: [risk] tier taken at construction" provenance=config config_path=C:\Users\swq\AppData\Local\Temp\TestTicket256ResidentGateRiskValuesAreConstructionTimeOnly4279846180\001\config.toml window_sec_read=2 confirm_timeout_sec_read=45 gate_window=2s gate_queue_timeout=45s scope="construction time only: approval.Gate and Queue copy these in New and nothing re-applies them (ticket 256)"
time=2026-10-05T14:53:26.464+08:00 level=INFO msg="resident gate: [risk] tier taken at construction" provenance=config config_path=C:\Users\swq\AppData\Local\Temp\TestTicket256ResidentGateRiskValuesAreConstructionTimeOnly4279846180\001\config.toml window_sec_read=2 confirm_timeout_sec_read=90 gate_window=2s gate_queue_timeout=1m30s scope="construction time only: approval.Gate and Queue copy these in New and nothing re-applies them (ticket 256)"
--- PASS: TestTicket256ResidentGateRiskValuesAreConstructionTimeOnly (0.00s)
=== RUN   TestTicket256ResidentGateOptionsFieldSetIsTheFiveItClaims
    resident_approval_risk_256_windows_test.go:494: landing site reading: resident leg passes 6 of 10 declared approval.Options fields (was 3 of 10 before ticket 256)
--- PASS: TestTicket256ResidentGateOptionsFieldSetIsTheFiveItClaims (0.00s)
=== RUN   TestTicket256ResidentBootPassesTheDataDirToTheGate
--- PASS: TestTicket256ResidentBootPassesTheDataDirToTheGate (0.00s)
=== RUN   TestTicket268ResidentGateNamesRefusedConfigApartFromMissingConfig
time=2026-10-05T14:53:26.470+08:00 level=WARN msg="resident gate: [risk] source unreadable at construction; the gate falls back to the compiled approval constants" path=C:\Users\swq\AppData\Local\Temp\TestTicket268ResidentGateNamesRefusedConfigApartFromMissingConfi3374818482\001\config.toml err="config: config.toml read: no file at this path yet。第 1 种拒因：文件没建：这一页与这条链都不新建 config.toml。在控制台运行一次 wisp run，第一次启动会写出全默认的首份配置（它不替你选任何模型，也不替你建任何服务商行）: open C:\\Users\\swq\\AppData\\Local\\Temp\\TestTicket268ResidentGateNamesRefusedConfigApartFromMissingConfi3374818482\\001\\config.toml: The system cannot find the file specified." fallback="DefaultApprovalTimeout=300s / DefaultL1Window=3s"
time=2026-10-05T14:53:26.470+08:00 level=INFO msg="resident gate: [risk] tier taken at construction" provenance="defaults (config.toml unreadable)" config_path=C:\Users\swq\AppData\Local\Temp\TestTicket268ResidentGateNamesRefusedConfigApartFromMissingConfi3374818482\001\config.toml window_sec_read=0 confirm_timeout_sec_read=0 gate_window=3s gate_queue_timeout=5m0s scope="construction time only: approval.Gate and Queue copy these in New and nothing re-applies them (ticket 256)"
time=2026-10-05T14:53:26.472+08:00 level=WARN msg="resident gate: [risk] source present but refused at construction; the gate falls back to the compiled approval constants" path=C:\Users\swq\AppData\Local\Temp\TestTicket268ResidentGateNamesRefusedConfigApartFromMissingConfi3374818482\002\config.toml err="config: config.toml: risk.confirm_timeout_sec 20 out of range [31, 3600]" provenance="defaults (config.toml present but refused at load)" fallback="DefaultApprovalTimeout=300s / DefaultL1Window=3s"
wisp: resident [risk]: config.toml is present but was refused at load (config: config.toml: risk.confirm_timeout_sec 20 out of range [31, 3600]); the approval gate falls back to the compiled constants (DefaultApprovalTimeout=300s / DefaultL1Window=3s), so the [risk] numbers written in that file are NOT the numbers this process runs on
time=2026-10-05T14:53:26.472+08:00 level=INFO msg="resident gate: [risk] tier taken at construction" provenance="defaults (config.toml present but refused at load)" config_path=C:\Users\swq\AppData\Local\Temp\TestTicket268ResidentGateNamesRefusedConfigApartFromMissingConfi3374818482\002\config.toml window_sec_read=0 confirm_timeout_sec_read=0 gate_window=3s gate_queue_timeout=5m0s scope="construction time only: approval.Gate and Queue copy these in New and nothing re-applies them (ticket 256)"
time=2026-10-05T14:53:26.473+08:00 level=INFO msg="resident gate: [risk] tier taken at construction" provenance=config config_path=C:\Users\swq\AppData\Local\Temp\TestTicket268ResidentGateNamesRefusedConfigApartFromMissingConfi3374818482\002\config.toml window_sec_read=2 confirm_timeout_sec_read=45 gate_window=2s gate_queue_timeout=45s scope="construction time only: approval.Gate and Queue copy these in New and nothing re-applies them (ticket 256)"
--- PASS: TestTicket268ResidentGateNamesRefusedConfigApartFromMissingConfig (0.00s)
=== RUN   TestTicket268RefusedRiskConfigReachesStdoutOnce
time=2026-10-05T14:53:26.478+08:00 level=WARN msg="resident gate: [risk] source present but refused at construction; the gate falls back to the compiled approval constants" path=C:\Users\swq\AppData\Local\Temp\TestTicket268RefusedRiskConfigReachesStdoutOnce402836099\001\config.toml err="config: config.toml: risk.confirm_timeout_sec 20 out of range [31, 3600]" provenance="defaults (config.toml present but refused at load)" fallback="DefaultApprovalTimeout=300s / DefaultL1Window=3s"
time=2026-10-05T14:53:26.478+08:00 level=INFO msg="resident gate: [risk] tier taken at construction" provenance="defaults (config.toml present but refused at load)" config_path=C:\Users\swq\AppData\Local\Temp\TestTicket268RefusedRiskConfigReachesStdoutOnce402836099\001\config.toml window_sec_read=0 confirm_timeout_sec_read=0 gate_window=3s gate_queue_timeout=5m0s scope="construction time only: approval.Gate and Queue copy these in New and nothing re-applies them (ticket 256)"
time=2026-10-05T14:53:26.478+08:00 level=WARN msg="resident gate: [risk] source unreadable at construction; the gate falls back to the compiled approval constants" path=C:\Users\swq\AppData\Local\Temp\TestTicket268RefusedRiskConfigReachesStdoutOnce402836099\002\config.toml err="config: config.toml read: no file at this path yet。第 1 种拒因：文件没建：这一页与这条链都不新建 config.toml。在控制台运行一次 wisp run，第一次启动会写出全默认的首份配置（它不替你选任何模型，也不替你建任何服务商行）: open C:\\Users\\swq\\AppData\\Local\\Temp\\TestTicket268RefusedRiskConfigReachesStdoutOnce402836099\\002\\config.toml: The system cannot find the file specified." fallback="DefaultApprovalTimeout=300s / DefaultL1Window=3s"
time=2026-10-05T14:53:26.478+08:00 level=INFO msg="resident gate: [risk] tier taken at construction" provenance="defaults (config.toml unreadable)" config_path=C:\Users\swq\AppData\Local\Temp\TestTicket268RefusedRiskConfigReachesStdoutOnce402836099\002\config.toml window_sec_read=0 confirm_timeout_sec_read=0 gate_window=3s gate_queue_timeout=5m0s scope="construction time only: approval.Gate and Queue copy these in New and nothing re-applies them (ticket 256)"
--- PASS: TestTicket268RefusedRiskConfigReachesStdoutOnce (0.00s)
=== RUN   TestTicket268RefusedBranchClassifiesBySentinelNotByErrorWords
    resident_approval_risk_268_windows_test.go:281: residentRiskGateValues classifies by prose through [err.Error()]: matching an error message is the shape config_reload.go:396 already carries and ticket 268 was told not to copy - a reworded loader sentence would silently re-fold the two shapes
--- FAIL: TestTicket268RefusedBranchClassifiesBySentinelNotByErrorWords (0.00s)
FAIL
FAIL	github.com/CarlosShao/wisp/cmd/wisp	0.221s
FAIL
