$ go test -count=1 -v -run 'TestSLO144|TestSLO147|TestSLO149|TestSLO152|TestSLO156' ./cmd/wisp/
$ tree=D:/work/workspace/projects plans/Wisp  overlaid=-
time=2026-09-26T15:23:49.655+08:00 level=INFO msg="winsec: sealing path resolver installed" resolver=risk.c26Pipeline probes_passed=2
=== RUN   TestSLO156FixtureChildrenDoWhatTheirNamesSay
--- PASS: TestSLO156FixtureChildrenDoWhatTheirNamesSay (0.05s)
=== RUN   TestSLO156ExitedAsksTheOSForAChildNobodyReaped
--- PASS: TestSLO156ExitedAsksTheOSForAChildNobodyReaped (0.04s)
=== RUN   TestSLO156LiveSubjectStaysAliveUntilTheOSDisagrees
    slo_exit_os_156_windows_test.go:206: Wait on a killed child reports the kill as an error (exit status 1); that is the fixture, not a failure
--- PASS: TestSLO156LiveSubjectStaysAliveUntilTheOSDisagrees (0.01s)
=== RUN   TestSLO156ReportLoopNamesTheDeadSubjectItWasWaitingOn
--- PASS: TestSLO156ReportLoopNamesTheDeadSubjectItWasWaitingOn (0.04s)
=== RUN   TestSLO156WaitReadyNamesTheDeadSubjectToo
--- PASS: TestSLO156WaitReadyNamesTheDeadSubjectToo (0.04s)
=== RUN   TestSLO144EveryPrefixOfARealReportIsUnwrittenNotCorrupt
--- PASS: TestSLO144EveryPrefixOfARealReportIsUnwrittenNotCorrupt (0.01s)
=== RUN   TestSLO144ReportsThatContradictThemselvesAreCorruptNow
=== RUN   TestSLO144ReportsThatContradictThemselvesAreCorruptNow/html-head
=== RUN   TestSLO144ReportsThatContradictThemselvesAreCorruptNow/stray-comma
=== RUN   TestSLO144ReportsThatContradictThemselvesAreCorruptNow/wrong-type
=== RUN   TestSLO144ReportsThatContradictThemselvesAreCorruptNow/trailing-garbage
=== RUN   TestSLO144ReportsThatContradictThemselvesAreCorruptNow/second-document
=== RUN   TestSLO144ReportsThatContradictThemselvesAreCorruptNow/complete-but-no-state-report
=== RUN   TestSLO144ReportsThatContradictThemselvesAreCorruptNow/empty-object-is-a-finished-lie
--- PASS: TestSLO144ReportsThatContradictThemselvesAreCorruptNow (0.00s)
    --- PASS: TestSLO144ReportsThatContradictThemselvesAreCorruptNow/html-head (0.00s)
    --- PASS: TestSLO144ReportsThatContradictThemselvesAreCorruptNow/stray-comma (0.00s)
    --- PASS: TestSLO144ReportsThatContradictThemselvesAreCorruptNow/wrong-type (0.00s)
    --- PASS: TestSLO144ReportsThatContradictThemselvesAreCorruptNow/trailing-garbage (0.00s)
    --- PASS: TestSLO144ReportsThatContradictThemselvesAreCorruptNow/second-document (0.00s)
    --- PASS: TestSLO144ReportsThatContradictThemselvesAreCorruptNow/complete-but-no-state-report (0.00s)
    --- PASS: TestSLO144ReportsThatContradictThemselvesAreCorruptNow/empty-object-is-a-finished-lie (0.00s)
=== RUN   TestSLO144LoopRetriesAnUnfinishedFileAndReadsTheWholeReport
--- PASS: TestSLO144LoopRetriesAnUnfinishedFileAndReadsTheWholeReport (0.02s)
=== RUN   TestSLO144LoopGiveUpSentencesOnRealFiles
--- PASS: TestSLO144LoopGiveUpSentencesOnRealFiles (0.05s)
=== RUN   TestSLO144CorruptReportIsJudgedOnTheFirstRead
--- PASS: TestSLO144CorruptReportIsJudgedOnTheFirstRead (0.00s)
=== RUN   TestSLO144UnfinishedReportKeepsPollingThenNamesBudgetAndBytes
--- PASS: TestSLO144UnfinishedReportKeepsPollingThenNamesBudgetAndBytes (0.06s)
=== RUN   TestSLO144ReportThatArrivesAfterMissingReadingsIsCollected
--- PASS: TestSLO144ReportThatArrivesAfterMissingReadingsIsCollected (0.00s)
=== RUN   TestSLO147UnwrittenSentenceNamesTheOffsetTheDocumentStoppedAt
--- PASS: TestSLO147UnwrittenSentenceNamesTheOffsetTheDocumentStoppedAt (0.01s)
=== RUN   TestSLO147LoopGiveUpSentenceAgreesWithTheBytesItRead
--- PASS: TestSLO147LoopGiveUpSentenceAgreesWithTheBytesItRead (0.06s)
=== RUN   TestSLO147OffsetSemanticsRenderThreeDifferentSentences
--- PASS: TestSLO147OffsetSemanticsRenderThreeDifferentSentences (0.04s)
=== RUN   TestSLO149CorruptSentenceNamesThePositionTheDecoderObjectedAt
--- PASS: TestSLO149CorruptSentenceNamesThePositionTheDecoderObjectedAt (0.00s)
=== RUN   TestSLO149CorruptLegsWithoutADecoderErrorKeepTheirOwnEnd
--- PASS: TestSLO149CorruptLegsWithoutADecoderErrorKeepTheirOwnEnd (0.00s)
=== RUN   TestSLO152CorruptLegWithNoNamedPositionRefusesToBorrowOne
--- PASS: TestSLO152CorruptLegWithNoNamedPositionRefusesToBorrowOne (0.00s)
=== RUN   TestSLO149ExitedGiveUpSentenceCarriesTheLastReading
--- PASS: TestSLO149ExitedGiveUpSentenceCarriesTheLastReading (0.03s)
PASS
ok  	github.com/CarlosShao/wisp/cmd/wisp	0.548s
