$ go test -count=1 -overlay 'D:\tmp\wisp156-r2\wisp156-ruler\r2-m1-slo-all\overlay.json' -v -run 'TestSLO144|TestSLO147|TestSLO149|TestSLO152|TestSLO156' ./cmd/wisp/
$ tree=D:/work/workspace/projects plans/Wisp  overlaid=['D:/work/workspace/projects plans/Wisp/cmd/wisp/slo_windows.go']
time=2026-09-26T15:25:30.184+08:00 level=INFO msg="winsec: sealing path resolver installed" resolver=risk.c26Pipeline probes_passed=2
=== RUN   TestSLO156FixtureChildrenDoWhatTheirNamesSay
--- PASS: TestSLO156FixtureChildrenDoWhatTheirNamesSay (0.04s)
=== RUN   TestSLO156ExitedAsksTheOSForAChildNobodyReaped
    slo_exit_os_156_windows_test.go:159: exited() is false for a subject the OS reports terminated with code 7 (process object signaled, exit code read back) while ProcessState is still nil: that is the shape Q-57 ruled on, and it is why the loop prints the budget sentence over a corpse
    slo_exit_os_156_windows_test.go:162: exitCode() is -1, want 7 (the code the OS reports): the give-up sentence prints this number
    slo_exit_os_156_windows_test.go:170: the second ask of exited() answered false for a child the OS reports dead
--- FAIL: TestSLO156ExitedAsksTheOSForAChildNobodyReaped (0.03s)
=== RUN   TestSLO156LiveSubjectStaysAliveUntilTheOSDisagrees
    slo_exit_os_156_windows_test.go:202: exited() is false after the OS reported our own Kill with code 1 (process object signaled, exit code read back), ProcessState nil=true
    slo_exit_os_156_windows_test.go:206: Wait on a killed child reports the kill as an error (exit status 1); that is the fixture, not a failure
--- FAIL: TestSLO156LiveSubjectStaysAliveUntilTheOSDisagrees (0.01s)
=== RUN   TestSLO156ReportLoopNamesTheDeadSubjectItWasWaitingOn
    slo_exit_os_156_windows_test.go:248: give-up "wisp slo: subject 3468 never wrote a complete report within 30s (last read: 8 bytes read, document still open at offset 8: the tail had not arrived)" does not name the dead child and its code
    slo_exit_os_156_windows_test.go:251: an unreaped dead subject was reported as a spent budget, not as a corpse - the exact misattribution Q-57 was raised for: "wisp slo: subject 3468 never wrote a complete report within 30s (last read: 8 bytes read, document still open at offset 8: the tail had not arrived)"
    slo_exit_os_156_windows_test.go:257: dead subject was read 1468 times, want exactly 1 (the loop asks the OS and gives up on the spot)
--- FAIL: TestSLO156ReportLoopNamesTheDeadSubjectItWasWaitingOn (30.04s)
=== RUN   TestSLO156WaitReadyNamesTheDeadSubjectToo
    slo_exit_os_156_windows_test.go:283: waitReady give-up "wisp slo: subject 48812 never reported ready within 1m0s" does not name the dead subject and its code
    slo_exit_os_156_windows_test.go:286: a dead subject was reported as a spent readiness budget: "wisp slo: subject 48812 never reported ready within 1m0s"
--- FAIL: TestSLO156WaitReadyNamesTheDeadSubjectToo (60.04s)
=== RUN   TestSLO144EveryPrefixOfARealReportIsUnwrittenNotCorrupt
--- PASS: TestSLO144EveryPrefixOfARealReportIsUnwrittenNotCorrupt (0.01s)
=== RUN   TestSLO144ReportsThatContradictThemselvesAreCorruptNow
=== RUN   TestSLO144ReportsThatContradictThemselvesAreCorruptNow/html-head
=== RUN   TestSLO144ReportsThatContradictThemselvesAreCorruptNow/stray-comma
=== RUN   TestSLO144ReportsThatContradictThemselvesAreCorruptNow/wrong-type
=== RUN   TestSLO144ReportsThatContradictThemselvesAreCorruptNow/trailing-garbage
=== RUN   TestSLO144ReportsThatContradictThemselvesAreCorruptNow/second-document
=== RUN   TestSLO144ReportsThatContradictThemselvesAreCorruptNow/complete-but-no-state-report
=== RUN   TestSLO144ReportsThatContradictThemselvesAreCorruptNow/empty-object-is-a-finished-lie
--- PASS: TestSLO144ReportsThatContradictThemselvesAreCorruptNow (0.00s)
    --- PASS: TestSLO144ReportsThatContradictThemselvesAreCorruptNow/html-head (0.00s)
    --- PASS: TestSLO144ReportsThatContradictThemselvesAreCorruptNow/stray-comma (0.00s)
    --- PASS: TestSLO144ReportsThatContradictThemselvesAreCorruptNow/wrong-type (0.00s)
    --- PASS: TestSLO144ReportsThatContradictThemselvesAreCorruptNow/trailing-garbage (0.00s)
    --- PASS: TestSLO144ReportsThatContradictThemselvesAreCorruptNow/second-document (0.00s)
    --- PASS: TestSLO144ReportsThatContradictThemselvesAreCorruptNow/complete-but-no-state-report (0.00s)
    --- PASS: TestSLO144ReportsThatContradictThemselvesAreCorruptNow/empty-object-is-a-finished-lie (0.00s)
=== RUN   TestSLO144LoopRetriesAnUnfinishedFileAndReadsTheWholeReport
--- PASS: TestSLO144LoopRetriesAnUnfinishedFileAndReadsTheWholeReport (0.02s)
=== RUN   TestSLO144LoopGiveUpSentencesOnRealFiles
--- PASS: TestSLO144LoopGiveUpSentencesOnRealFiles (0.05s)
=== RUN   TestSLO144CorruptReportIsJudgedOnTheFirstRead
--- PASS: TestSLO144CorruptReportIsJudgedOnTheFirstRead (0.00s)
=== RUN   TestSLO144UnfinishedReportKeepsPollingThenNamesBudgetAndBytes
--- PASS: TestSLO144UnfinishedReportKeepsPollingThenNamesBudgetAndBytes (0.06s)
=== RUN   TestSLO144ReportThatArrivesAfterMissingReadingsIsCollected
--- PASS: TestSLO144ReportThatArrivesAfterMissingReadingsIsCollected (0.01s)
=== RUN   TestSLO147UnwrittenSentenceNamesTheOffsetTheDocumentStoppedAt
--- PASS: TestSLO147UnwrittenSentenceNamesTheOffsetTheDocumentStoppedAt (0.02s)
=== RUN   TestSLO147LoopGiveUpSentenceAgreesWithTheBytesItRead
--- PASS: TestSLO147LoopGiveUpSentenceAgreesWithTheBytesItRead (0.06s)
=== RUN   TestSLO147OffsetSemanticsRenderThreeDifferentSentences
--- PASS: TestSLO147OffsetSemanticsRenderThreeDifferentSentences (0.04s)
=== RUN   TestSLO149CorruptSentenceNamesThePositionTheDecoderObjectedAt
--- PASS: TestSLO149CorruptSentenceNamesThePositionTheDecoderObjectedAt (0.00s)
=== RUN   TestSLO149CorruptLegsWithoutADecoderErrorKeepTheirOwnEnd
--- PASS: TestSLO149CorruptLegsWithoutADecoderErrorKeepTheirOwnEnd (0.00s)
=== RUN   TestSLO152CorruptLegWithNoNamedPositionRefusesToBorrowOne
--- PASS: TestSLO152CorruptLegWithNoNamedPositionRefusesToBorrowOne (0.00s)
=== RUN   TestSLO149ExitedGiveUpSentenceCarriesTheLastReading
--- PASS: TestSLO149ExitedGiveUpSentenceCarriesTheLastReading (0.03s)
FAIL
FAIL	github.com/CarlosShao/wisp/cmd/wisp	90.533s
FAIL
