$ go test -count=1 -overlay 'C:\Users\swq\AppData\Local\Temp\wisp156-ruler\accept-mut-m4-arm-a-deleted\overlay.json' -v -run 'TestSLO149Exited|TestSLO156' ./cmd/wisp/
$ tree=D:/work/workspace/projects plans/Wisp  overlaid=['D:/work/workspace/projects plans/Wisp/cmd/wisp/slo_windows.go']
time=2026-09-26T17:20:30.639+08:00 level=INFO msg="winsec: sealing path resolver installed" resolver=risk.c26Pipeline probes_passed=2
=== RUN   TestSLO156FixtureChildrenDoWhatTheirNamesSay
--- PASS: TestSLO156FixtureChildrenDoWhatTheirNamesSay (0.06s)
=== RUN   TestSLO156ExitedAsksTheOSForAChildNobodyReaped
--- PASS: TestSLO156ExitedAsksTheOSForAChildNobodyReaped (0.05s)
=== RUN   TestSLO156LiveSubjectStaysAliveUntilTheOSDisagrees
    slo_exit_os_156_windows_test.go:206: Wait on a killed child reports the kill as an error (exit status 1); that is the fixture, not a failure
    slo_exit_os_156_windows_test.go:212: exited() is false for a reaped child: the ProcessState arm went to sleep
--- FAIL: TestSLO156LiveSubjectStaysAliveUntilTheOSDisagrees (0.16s)
=== RUN   TestSLO156ReportLoopNamesTheDeadSubjectItWasWaitingOn
--- PASS: TestSLO156ReportLoopNamesTheDeadSubjectItWasWaitingOn (0.05s)
=== RUN   TestSLO156WaitReadyNamesTheDeadSubjectToo
--- PASS: TestSLO156WaitReadyNamesTheDeadSubjectToo (0.04s)
=== RUN   TestSLO149ExitedGiveUpSentenceCarriesTheLastReading
    slo_report_144_windows_test.go:903: exited give-up "wisp slo: subject 59724 never wrote a complete report within 30s (last read: 8 bytes read, document still open at offset 8: the tail had not arrived)" does not name the exit code
    slo_report_144_windows_test.go:906: an exited subject was reported as a spent budget, not as a dead child: "wisp slo: subject 59724 never wrote a complete report within 30s (last read: 8 bytes read, document still open at offset 8: the tail had not arrived)"
    slo_report_144_windows_test.go:909: exited subject was read 18991 times, want exactly 1 (the loop sees ProcessState and gives up on the spot)
--- FAIL: TestSLO149ExitedGiveUpSentenceCarriesTheLastReading (60.04s)
FAIL
FAIL	github.com/CarlosShao/wisp/cmd/wisp	60.459s
FAIL
