=== RUN   TestDockGeometryShape
--- PASS: TestDockGeometryShape (0.00s)
=== RUN   TestDockTangentMeansGapZero
--- PASS: TestDockTangentMeansGapZero (0.00s)
=== RUN   TestDockPosKeepsTheOrbTangentAtEveryRampLevel
--- PASS: TestDockPosKeepsTheOrbTangentAtEveryRampLevel (0.00s)
=== RUN   TestDockSquashIsMonotonicAndClamped
--- PASS: TestDockSquashIsMonotonicAndClamped (0.00s)
=== RUN   TestDockProgressReadsThePush
--- PASS: TestDockProgressReadsThePush (0.00s)
=== RUN   TestNearestDockEdgePicksTheEdgeYouPushed
--- PASS: TestNearestDockEdgePicksTheEdgeYouPushed (0.00s)
=== RUN   TestDockedLeavesAHittableStrip
--- PASS: TestDockedLeavesAHittableStrip (0.00s)
=== RUN   TestDockFreePosKeepsTheBallReachable
--- PASS: TestDockFreePosKeepsTheBallReachable (0.00s)
=== RUN   TestDockOnSecondaryMonitorWithNegativeOrigin
--- PASS: TestDockOnSecondaryMonitorWithNegativeOrigin (0.00s)
=== RUN   TestDockHoverPopBackWalksTheRampHome
--- PASS: TestDockHoverPopBackWalksTheRampHome (0.00s)
=== RUN   TestDockRampWalksItsBudget
--- PASS: TestDockRampWalksItsBudget (0.00s)
=== RUN   TestLiveHotkeyRebindEndToEnd
2026/09/20 21:27:38 INFO ball: hotkeys rebound after config change summon=Ctrl+Alt+R mute=Ctrl+Alt+M cancel=Ctrl+Alt+V panel=Ctrl+Alt+B live=4
--- PASS: TestLiveHotkeyRebindEndToEnd (0.74s)
=== RUN   TestLiveHotkeyOccupiedVsNotAttempted
2026/09/20 21:27:38 ERROR hotkey occupied by another program, not registered hotkey=summon binding=Ctrl+Alt+U err="Hot key is already registered."
2026/09/20 21:27:38 ERROR hotkey occupied by another program, not registered hotkey=summon binding=Ctrl+Alt+U err="Hot key is already registered."
2026/09/20 21:27:38 INFO hotkey disabled (unset in config) hotkey=mute
2026/09/20 21:27:38 ERROR hotkey not attempted (bad binding) hotkey=panel binding=Ctrl+Alt+NotAKey+ err="unknown key \"NotAKey\" in hotkey \"Ctrl+Alt+NotAKey+\""
--- PASS: TestLiveHotkeyOccupiedVsNotAttempted (0.09s)
=== RUN   TestLiveMuteHotkeyEndToEnd
--- PASS: TestLiveMuteHotkeyEndToEnd (0.19s)
=== RUN   TestLiveSleepingZeroTimerHandles
--- PASS: TestLiveSleepingZeroTimerHandles (1.60s)
=== RUN   TestRegisterAllLiveSet
--- PASS: TestRegisterAllLiveSet (0.00s)
=== RUN   TestRegisterAllSplitsFailureFamilies
2026/09/20 21:27:40 ERROR hotkey occupied by another program, not registered hotkey=mute binding=Ctrl+Alt+M err="Hot key is already registered."
2026/09/20 21:27:40 ERROR hotkey not attempted (bad binding) hotkey=panel binding=Ctrl+Alt+Bogus+ err="unknown key \"Bogus\" in hotkey \"Ctrl+Alt+Bogus+\""
2026/09/20 21:27:40 INFO hotkey disabled (unset in config) hotkey=mute
2026/09/20 21:27:40 INFO hotkey disabled (unset in config) hotkey=cancel
2026/09/20 21:27:40 INFO hotkey disabled (unset in config) hotkey=panel
--- PASS: TestRegisterAllSplitsFailureFamilies (0.00s)
=== RUN   TestUnregisterAllDropsKnownSlots
--- PASS: TestUnregisterAllDropsKnownSlots (0.00s)
=== RUN   TestHotkeyStatusString
--- PASS: TestHotkeyStatusString (0.00s)
=== RUN   TestHotkeyReloaderRebindsOnConfigChange
2026/09/20 21:27:40 INFO ball: hotkeys rebound after config change summon=Ctrl+Alt+R mute=Ctrl+Alt+M cancel=Esc panel=Ctrl+Alt+P live=4
2026/09/20 21:27:40 INFO ball: hotkeys rebound after config change summon=Ctrl+Alt+Q mute=Ctrl+Alt+M cancel=Esc panel=Ctrl+Alt+P live=4
--- PASS: TestHotkeyReloaderRebindsOnConfigChange (0.00s)
=== RUN   TestHotkeyReloaderSectionsHookIgnoresOtherSections
2026/09/20 21:27:40 INFO ball: hotkeys rebound after config change summon=Ctrl+Alt+Q mute=Ctrl+Alt+M cancel=Esc panel=Ctrl+Alt+J live=4
--- PASS: TestHotkeyReloaderSectionsHookIgnoresOtherSections (0.00s)
=== RUN   TestApplyHotkeyDefaults
--- PASS: TestApplyHotkeyDefaults (0.00s)
=== RUN   TestParseAccelerator
--- PASS: TestParseAccelerator (0.00s)
=== RUN   TestDefaultHotkeys
--- PASS: TestDefaultHotkeys (0.00s)
=== RUN   TestLiveClickSummonsAndDragDoesNot
--- PASS: TestLiveClickSummonsAndDragDoesNot (0.09s)
=== RUN   TestLiveConfirmingCancelAndEscReturned
--- PASS: TestLiveConfirmingCancelAndEscReturned (0.10s)
=== RUN   TestLiveNeverStealsFocus
--- PASS: TestLiveNeverStealsFocus (0.25s)
=== RUN   TestLiveTransparentCornerFallsThrough
--- PASS: TestLiveTransparentCornerFallsThrough (0.08s)
=== RUN   TestLiquidRotationIsMonotonicInLevel
--- PASS: TestLiquidRotationIsMonotonicInLevel (0.00s)
=== RUN   TestLiquidConvergesAndBorderFadesInOnSilence
--- PASS: TestLiquidConvergesAndBorderFadesInOnSilence (0.00s)
=== RUN   TestSummonBurstIsBoundedAndRetires
--- PASS: TestSummonBurstIsBoundedAndRetires (0.00s)
=== RUN   TestMotionOnlyAppliesInPrototypeMode
--- PASS: TestMotionOnlyAppliesInPrototypeMode (0.00s)
=== RUN   TestBorderIsNeverAppliedInOneFrame
--- PASS: TestBorderIsNeverAppliedInOneFrame (0.00s)
=== RUN   TestBorderGlidesInAfterTheSessionEnds
--- PASS: TestBorderGlidesInAfterTheSessionEnds (0.00s)
=== RUN   TestSpeakingGlidesTheBorderBackOut
--- PASS: TestSpeakingGlidesTheBorderBackOut (0.00s)
=== RUN   TestTransitionTimerSetIsTheFrozenTimerSet
--- PASS: TestTransitionTimerSetIsTheFrozenTimerSet (0.00s)
=== RUN   TestSleepingFrameLosesTheBorderAuthority
--- PASS: TestSleepingFrameLosesTheBorderAuthority (0.00s)
=== RUN   TestLiquidDrivenStateSet
--- PASS: TestLiquidDrivenStateSet (0.00s)
=== RUN   TestPushLevelIsInputHardened
--- PASS: TestPushLevelIsInputHardened (0.00s)
=== RUN   TestRepaintIsSkippedWhenNothingChanged
--- PASS: TestRepaintIsSkippedWhenNothingChanged (0.00s)
=== RUN   TestBallLiveLifecycle
    live_windows_test.go:130: handles: base=375 peak-suite=376 (gate <600)
    live_windows_test.go:79: HANDLES base=375 afterNew=377 afterClose=375 delta=0 | USER objs base=6 afterClose=6
--- PASS: TestBallLiveLifecycle (2.05s)
=== RUN   TestBallLivePositionPersistence
--- PASS: TestBallLivePositionPersistence (0.48s)
=== RUN   TestBallLiveIdleBorderTransition
--- PASS: TestBallLiveIdleBorderTransition (4.43s)
=== RUN   TestBallLiveEdgeDock
--- PASS: TestBallLiveEdgeDock (0.42s)
=== RUN   TestBallLiveEdgeDockHover
    live_windows_test.go:584: pop-out driven by cursor
--- PASS: TestBallLiveEdgeDockHover (0.30s)
=== RUN   TestBallLiveAudioLiquidGate
--- PASS: TestBallLiveAudioLiquidGate (1.12s)
=== RUN   TestPositionStoreRoundTrip
--- PASS: TestPositionStoreRoundTrip (0.01s)
=== RUN   TestResolvePosition
=== RUN   TestResolvePosition/saved_visible_on_its_monitor:_kept
=== RUN   TestResolvePosition/saved_partially_off_right_edge:_clamped
=== RUN   TestResolvePosition/saved_monitor_detached:_primary_default
=== RUN   TestResolvePosition/nothing_saved:_primary_default
=== RUN   TestResolvePosition/saved_point_on_no_monitor:_that-monitor_default_impossible_->_primary
=== RUN   TestResolvePosition/primary_detection_when_listed_second
--- PASS: TestResolvePosition (0.00s)
    --- PASS: TestResolvePosition/saved_visible_on_its_monitor:_kept (0.00s)
    --- PASS: TestResolvePosition/saved_partially_off_right_edge:_clamped (0.00s)
    --- PASS: TestResolvePosition/saved_monitor_detached:_primary_default (0.00s)
    --- PASS: TestResolvePosition/nothing_saved:_primary_default (0.00s)
    --- PASS: TestResolvePosition/saved_point_on_no_monitor:_that-monitor_default_impossible_->_primary (0.00s)
    --- PASS: TestResolvePosition/primary_detection_when_listed_second (0.00s)
=== RUN   TestDefaultPositionInsideWorkArea
--- PASS: TestDefaultPositionInsideWorkArea (0.00s)
=== RUN   TestTokenGoldenValues
--- PASS: TestTokenGoldenValues (0.00s)
=== RUN   TestPremultipliedDerivation
--- PASS: TestPremultipliedDerivation (0.00s)
=== RUN   TestNoHardcodedColorsInBallPackage
--- PASS: TestNoHardcodedColorsInBallPackage (0.01s)
=== RUN   TestVisualForCoversAllTwentyStates
--- PASS: TestVisualForCoversAllTwentyStates (0.00s)
=== RUN   TestAnimatedWhitelist
--- PASS: TestAnimatedWhitelist (0.00s)
=== RUN   TestAnimationPolicyZeroTimerInSleeping
--- PASS: TestAnimationPolicyZeroTimerInSleeping (0.00s)
=== RUN   TestHitTestAndDPIInjection
--- PASS: TestHitTestAndDPIInjection (0.00s)
PASS
ok  	github.com/CarlosShao/wisp/internal/ball	12.045s
