time=2026-10-03T09:54:00.941+08:00 level=INFO msg="winsec: sealing path resolver installed" resolver=risk.c26Pipeline probes_passed=2
=== RUN   TestTicket252P1AllowlistLegs
    paths_shortname_252_probe_test.go:229: cwd="D:\\work\\workspace\\projects plans\\Wisp\\internal\\tools" derived repo root="D:\\work\\workspace\\projects plans\\Wisp"
    paths_shortname_252_probe_test.go:232: long spelling : "D:\\work\\workspace\\projects plans\\Wisp"
    paths_shortname_252_probe_test.go:233: short spelling: "D:\\work\\WORKSP~1\\PROJEC~1\\Wisp"
    paths_shortname_252_probe_test.go:234: equal?        : false
=== RUN   TestTicket252P1AllowlistLegs/Q1_roots=LONG_asked=SHORT+missing-leaf
    paths_shortname_252_probe_test.go:252: CASE Q1 roots=LONG asked=SHORT+missing-leaf
    paths_shortname_252_probe_test.go:252:   roots as configured : ["D:\\work\\workspace\\projects plans\\Wisp"]
    paths_shortname_252_probe_test.go:252:   asked raw           : "D:\\work\\WORKSP~1\\PROJEC~1\\Wisp\\q252p1-never-created.txt"
    paths_shortname_252_probe_test.go:252:   risk.Resolve        : err=<nil> Canonical="D:\\work\\WORKSP~1\\PROJEC~1\\Wisp\\q252p1-never-created.txt" Resolved=false Rewritten=false Rewrites=[]
    paths_shortname_252_probe_test.go:252:   Canonicalize        : "D:\\work\\WORKSP~1\\PROJEC~1\\Wisp\\q252p1-never-created.txt"
    paths_shortname_252_probe_test.go:252:   Roots()                       : ["d:\\work\\workspace\\projects plans\\wisp"]
    paths_shortname_252_probe_test.go:252:   foldPath(canonical)           : "d:\\work\\worksp~1\\projec~1\\wisp\\q252p1-never-created.txt"
    paths_shortname_252_probe_test.go:252:   LEG1 rootsContain(roots,folded): false
    paths_shortname_252_probe_test.go:252:   resolvedForm(canonical)        : "D:\\work\\workspace\\projects plans\\Wisp\\q252p1-never-created.txt" ok=true
    paths_shortname_252_probe_test.go:252:   foldPath(resolvedForm)         : "d:\\work\\workspace\\projects plans\\wisp\\q252p1-never-created.txt"
    paths_shortname_252_probe_test.go:252:   LEG2 rootsContain(roots,foldRF): true
    paths_shortname_252_probe_test.go:252:   InAllowlist(canonical)         : false
    paths_shortname_252_probe_test.go:252:   FIRST FAILING LEG              : LEG 1 lexical (paths.go:140 rootsContain(p.roots, foldPath(canonical)))
=== RUN   TestTicket252P1AllowlistLegs/Q2_roots=SHORT_asked=LONG+missing-leaf
    paths_shortname_252_probe_test.go:252: CASE Q2 roots=SHORT asked=LONG+missing-leaf
    paths_shortname_252_probe_test.go:252:   roots as configured : ["D:\\work\\WORKSP~1\\PROJEC~1\\Wisp"]
    paths_shortname_252_probe_test.go:252:   asked raw           : "D:\\work\\workspace\\projects plans\\Wisp\\q252p1-never-created.txt"
    paths_shortname_252_probe_test.go:252:   risk.Resolve        : err=<nil> Canonical="D:\\work\\workspace\\projects plans\\Wisp\\q252p1-never-created.txt" Resolved=false Rewritten=false Rewrites=[]
    paths_shortname_252_probe_test.go:252:   Canonicalize        : "D:\\work\\workspace\\projects plans\\Wisp\\q252p1-never-created.txt"
    paths_shortname_252_probe_test.go:252:   Roots()                       : ["d:\\work\\workspace\\projects plans\\wisp"]
    paths_shortname_252_probe_test.go:252:   foldPath(canonical)           : "d:\\work\\workspace\\projects plans\\wisp\\q252p1-never-created.txt"
    paths_shortname_252_probe_test.go:252:   LEG1 rootsContain(roots,folded): true
    paths_shortname_252_probe_test.go:252:   resolvedForm(canonical)        : "D:\\work\\workspace\\projects plans\\Wisp\\q252p1-never-created.txt" ok=true
    paths_shortname_252_probe_test.go:252:   foldPath(resolvedForm)         : "d:\\work\\workspace\\projects plans\\wisp\\q252p1-never-created.txt"
    paths_shortname_252_probe_test.go:252:   LEG2 rootsContain(roots,foldRF): true
    paths_shortname_252_probe_test.go:252:   InAllowlist(canonical)         : true
    paths_shortname_252_probe_test.go:252:   FIRST FAILING LEG              : none: both legs hold
=== RUN   TestTicket252P1AllowlistLegs/P1_roots=LONG_asked=LONG+missing-leaf
    paths_shortname_252_probe_test.go:252: CASE P1 roots=LONG asked=LONG+missing-leaf
    paths_shortname_252_probe_test.go:252:   roots as configured : ["D:\\work\\workspace\\projects plans\\Wisp"]
    paths_shortname_252_probe_test.go:252:   asked raw           : "D:\\work\\workspace\\projects plans\\Wisp\\q252p1-never-created.txt"
    paths_shortname_252_probe_test.go:252:   risk.Resolve        : err=<nil> Canonical="D:\\work\\workspace\\projects plans\\Wisp\\q252p1-never-created.txt" Resolved=false Rewritten=false Rewrites=[]
    paths_shortname_252_probe_test.go:252:   Canonicalize        : "D:\\work\\workspace\\projects plans\\Wisp\\q252p1-never-created.txt"
    paths_shortname_252_probe_test.go:252:   Roots()                       : ["d:\\work\\workspace\\projects plans\\wisp"]
    paths_shortname_252_probe_test.go:252:   foldPath(canonical)           : "d:\\work\\workspace\\projects plans\\wisp\\q252p1-never-created.txt"
    paths_shortname_252_probe_test.go:252:   LEG1 rootsContain(roots,folded): true
    paths_shortname_252_probe_test.go:252:   resolvedForm(canonical)        : "D:\\work\\workspace\\projects plans\\Wisp\\q252p1-never-created.txt" ok=true
    paths_shortname_252_probe_test.go:252:   foldPath(resolvedForm)         : "d:\\work\\workspace\\projects plans\\wisp\\q252p1-never-created.txt"
    paths_shortname_252_probe_test.go:252:   LEG2 rootsContain(roots,foldRF): true
    paths_shortname_252_probe_test.go:252:   InAllowlist(canonical)         : true
    paths_shortname_252_probe_test.go:252:   FIRST FAILING LEG              : none: both legs hold
=== RUN   TestTicket252P1AllowlistLegs/P2_roots=LONG_asked=SHORT_of_an_EXISTING_dir
    paths_shortname_252_probe_test.go:252: CASE P2 roots=LONG asked=SHORT of an EXISTING dir
    paths_shortname_252_probe_test.go:252:   roots as configured : ["D:\\work\\workspace\\projects plans\\Wisp"]
    paths_shortname_252_probe_test.go:252:   asked raw           : "D:\\work\\WORKSP~1\\PROJEC~1\\Wisp"
    paths_shortname_252_probe_test.go:252:   risk.Resolve        : err=<nil> Canonical="D:\\work\\workspace\\projects plans\\Wisp" Resolved=true Rewritten=false Rewrites=[]
    paths_shortname_252_probe_test.go:252:   Canonicalize        : "D:\\work\\workspace\\projects plans\\Wisp"
    paths_shortname_252_probe_test.go:252:   Roots()                       : ["d:\\work\\workspace\\projects plans\\wisp"]
    paths_shortname_252_probe_test.go:252:   foldPath(canonical)           : "d:\\work\\workspace\\projects plans\\wisp"
    paths_shortname_252_probe_test.go:252:   LEG1 rootsContain(roots,folded): true
    paths_shortname_252_probe_test.go:252:   resolvedForm(canonical)        : "D:\\work\\workspace\\projects plans\\Wisp" ok=true
    paths_shortname_252_probe_test.go:252:   foldPath(resolvedForm)         : "d:\\work\\workspace\\projects plans\\wisp"
    paths_shortname_252_probe_test.go:252:   LEG2 rootsContain(roots,foldRF): true
    paths_shortname_252_probe_test.go:252:   InAllowlist(canonical)         : true
    paths_shortname_252_probe_test.go:252:   FIRST FAILING LEG              : none: both legs hold
=== RUN   TestTicket252P1AllowlistLegs/P3_roots=SHORT_asked=SHORT_of_an_EXISTING_dir
    paths_shortname_252_probe_test.go:252: CASE P3 roots=SHORT asked=SHORT of an EXISTING dir
    paths_shortname_252_probe_test.go:252:   roots as configured : ["D:\\work\\WORKSP~1\\PROJEC~1\\Wisp"]
    paths_shortname_252_probe_test.go:252:   asked raw           : "D:\\work\\WORKSP~1\\PROJEC~1\\Wisp"
    paths_shortname_252_probe_test.go:252:   risk.Resolve        : err=<nil> Canonical="D:\\work\\workspace\\projects plans\\Wisp" Resolved=true Rewritten=false Rewrites=[]
    paths_shortname_252_probe_test.go:252:   Canonicalize        : "D:\\work\\workspace\\projects plans\\Wisp"
    paths_shortname_252_probe_test.go:252:   Roots()                       : ["d:\\work\\workspace\\projects plans\\wisp"]
    paths_shortname_252_probe_test.go:252:   foldPath(canonical)           : "d:\\work\\workspace\\projects plans\\wisp"
    paths_shortname_252_probe_test.go:252:   LEG1 rootsContain(roots,folded): true
    paths_shortname_252_probe_test.go:252:   resolvedForm(canonical)        : "D:\\work\\workspace\\projects plans\\Wisp" ok=true
    paths_shortname_252_probe_test.go:252:   foldPath(resolvedForm)         : "d:\\work\\workspace\\projects plans\\wisp"
    paths_shortname_252_probe_test.go:252:   LEG2 rootsContain(roots,foldRF): true
    paths_shortname_252_probe_test.go:252:   InAllowlist(canonical)         : true
    paths_shortname_252_probe_test.go:252:   FIRST FAILING LEG              : none: both legs hold
=== RUN   TestTicket252P1AllowlistLegs/Q3b_roots=SHORT_asked=SHORT+missing-leaf
    paths_shortname_252_probe_test.go:252: CASE Q3b roots=SHORT asked=SHORT+missing-leaf
    paths_shortname_252_probe_test.go:252:   roots as configured : ["D:\\work\\WORKSP~1\\PROJEC~1\\Wisp"]
    paths_shortname_252_probe_test.go:252:   asked raw           : "D:\\work\\WORKSP~1\\PROJEC~1\\Wisp\\q252p1-never-created.txt"
    paths_shortname_252_probe_test.go:252:   risk.Resolve        : err=<nil> Canonical="D:\\work\\WORKSP~1\\PROJEC~1\\Wisp\\q252p1-never-created.txt" Resolved=false Rewritten=false Rewrites=[]
    paths_shortname_252_probe_test.go:252:   Canonicalize        : "D:\\work\\WORKSP~1\\PROJEC~1\\Wisp\\q252p1-never-created.txt"
    paths_shortname_252_probe_test.go:252:   Roots()                       : ["d:\\work\\workspace\\projects plans\\wisp"]
    paths_shortname_252_probe_test.go:252:   foldPath(canonical)           : "d:\\work\\worksp~1\\projec~1\\wisp\\q252p1-never-created.txt"
    paths_shortname_252_probe_test.go:252:   LEG1 rootsContain(roots,folded): false
    paths_shortname_252_probe_test.go:252:   resolvedForm(canonical)        : "D:\\work\\workspace\\projects plans\\Wisp\\q252p1-never-created.txt" ok=true
    paths_shortname_252_probe_test.go:252:   foldPath(resolvedForm)         : "d:\\work\\workspace\\projects plans\\wisp\\q252p1-never-created.txt"
    paths_shortname_252_probe_test.go:252:   LEG2 rootsContain(roots,foldRF): true
    paths_shortname_252_probe_test.go:252:   InAllowlist(canonical)         : false
    paths_shortname_252_probe_test.go:252:   FIRST FAILING LEG              : LEG 1 lexical (paths.go:140 rootsContain(p.roots, foldPath(canonical)))
--- PASS: TestTicket252P1AllowlistLegs (0.01s)
    --- PASS: TestTicket252P1AllowlistLegs/Q1_roots=LONG_asked=SHORT+missing-leaf (0.00s)
    --- PASS: TestTicket252P1AllowlistLegs/Q2_roots=SHORT_asked=LONG+missing-leaf (0.00s)
    --- PASS: TestTicket252P1AllowlistLegs/P1_roots=LONG_asked=LONG+missing-leaf (0.00s)
    --- PASS: TestTicket252P1AllowlistLegs/P2_roots=LONG_asked=SHORT_of_an_EXISTING_dir (0.00s)
    --- PASS: TestTicket252P1AllowlistLegs/P3_roots=SHORT_asked=SHORT_of_an_EXISTING_dir (0.00s)
    --- PASS: TestTicket252P1AllowlistLegs/Q3b_roots=SHORT_asked=SHORT+missing-leaf (0.00s)
=== RUN   TestTicket252P1OwnerMachineReachability
    paths_shortname_252_probe_test.go:260: cwd="D:\\work\\workspace\\projects plans\\Wisp\\internal\\tools" derived repo root="D:\\work\\workspace\\projects plans\\Wisp"
    paths_shortname_252_probe_test.go:270: workspace dir="D:\\work\\workspace\\projects plans\\Wisp\\docs" short="D:\\work\\WORKSP~1\\PROJEC~1\\Wisp\\docs"
    paths_shortname_252_probe_test.go:271: CASE W-long docs
    paths_shortname_252_probe_test.go:271:   roots as configured : ["D:\\work\\workspace\\projects plans\\Wisp"]
    paths_shortname_252_probe_test.go:271:   asked raw           : "D:\\work\\workspace\\projects plans\\Wisp\\docs\\q252p1-new-note.md"
    paths_shortname_252_probe_test.go:271:   risk.Resolve        : err=<nil> Canonical="D:\\work\\workspace\\projects plans\\Wisp\\docs\\q252p1-new-note.md" Resolved=false Rewritten=false Rewrites=[]
    paths_shortname_252_probe_test.go:271:   Canonicalize        : "D:\\work\\workspace\\projects plans\\Wisp\\docs\\q252p1-new-note.md"
    paths_shortname_252_probe_test.go:271:   Roots()                       : ["d:\\work\\workspace\\projects plans\\wisp"]
    paths_shortname_252_probe_test.go:271:   foldPath(canonical)           : "d:\\work\\workspace\\projects plans\\wisp\\docs\\q252p1-new-note.md"
    paths_shortname_252_probe_test.go:271:   LEG1 rootsContain(roots,folded): true
    paths_shortname_252_probe_test.go:271:   resolvedForm(canonical)        : "D:\\work\\workspace\\projects plans\\Wisp\\docs\\q252p1-new-note.md" ok=true
    paths_shortname_252_probe_test.go:271:   foldPath(resolvedForm)         : "d:\\work\\workspace\\projects plans\\wisp\\docs\\q252p1-new-note.md"
    paths_shortname_252_probe_test.go:271:   LEG2 rootsContain(roots,foldRF): true
    paths_shortname_252_probe_test.go:271:   InAllowlist(canonical)         : true
    paths_shortname_252_probe_test.go:271:   FIRST FAILING LEG              : none: both legs hold
    paths_shortname_252_probe_test.go:272: CASE W-short docs
    paths_shortname_252_probe_test.go:272:   roots as configured : ["D:\\work\\workspace\\projects plans\\Wisp"]
    paths_shortname_252_probe_test.go:272:   asked raw           : "D:\\work\\WORKSP~1\\PROJEC~1\\Wisp\\docs\\q252p1-new-note.md"
    paths_shortname_252_probe_test.go:272:   risk.Resolve        : err=<nil> Canonical="D:\\work\\WORKSP~1\\PROJEC~1\\Wisp\\docs\\q252p1-new-note.md" Resolved=false Rewritten=false Rewrites=[]
    paths_shortname_252_probe_test.go:272:   Canonicalize        : "D:\\work\\WORKSP~1\\PROJEC~1\\Wisp\\docs\\q252p1-new-note.md"
    paths_shortname_252_probe_test.go:272:   Roots()                       : ["d:\\work\\workspace\\projects plans\\wisp"]
    paths_shortname_252_probe_test.go:272:   foldPath(canonical)           : "d:\\work\\worksp~1\\projec~1\\wisp\\docs\\q252p1-new-note.md"
    paths_shortname_252_probe_test.go:272:   LEG1 rootsContain(roots,folded): false
    paths_shortname_252_probe_test.go:272:   resolvedForm(canonical)        : "D:\\work\\workspace\\projects plans\\Wisp\\docs\\q252p1-new-note.md" ok=true
    paths_shortname_252_probe_test.go:272:   foldPath(resolvedForm)         : "d:\\work\\workspace\\projects plans\\wisp\\docs\\q252p1-new-note.md"
    paths_shortname_252_probe_test.go:272:   LEG2 rootsContain(roots,foldRF): true
    paths_shortname_252_probe_test.go:272:   InAllowlist(canonical)         : false
    paths_shortname_252_probe_test.go:272:   FIRST FAILING LEG              : LEG 1 lexical (paths.go:140 rootsContain(p.roots, foldPath(canonical)))
    paths_shortname_252_probe_test.go:270: workspace dir="D:\\work\\workspace\\projects plans\\Wisp\\internal\\tools" short="D:\\work\\WORKSP~1\\PROJEC~1\\Wisp\\internal\\tools"
    paths_shortname_252_probe_test.go:271: CASE W-long internal\tools
    paths_shortname_252_probe_test.go:271:   roots as configured : ["D:\\work\\workspace\\projects plans\\Wisp"]
    paths_shortname_252_probe_test.go:271:   asked raw           : "D:\\work\\workspace\\projects plans\\Wisp\\internal\\tools\\q252p1-new-note.md"
    paths_shortname_252_probe_test.go:271:   risk.Resolve        : err=<nil> Canonical="D:\\work\\workspace\\projects plans\\Wisp\\internal\\tools\\q252p1-new-note.md" Resolved=false Rewritten=false Rewrites=[]
    paths_shortname_252_probe_test.go:271:   Canonicalize        : "D:\\work\\workspace\\projects plans\\Wisp\\internal\\tools\\q252p1-new-note.md"
    paths_shortname_252_probe_test.go:271:   Roots()                       : ["d:\\work\\workspace\\projects plans\\wisp"]
    paths_shortname_252_probe_test.go:271:   foldPath(canonical)           : "d:\\work\\workspace\\projects plans\\wisp\\internal\\tools\\q252p1-new-note.md"
    paths_shortname_252_probe_test.go:271:   LEG1 rootsContain(roots,folded): true
    paths_shortname_252_probe_test.go:271:   resolvedForm(canonical)        : "D:\\work\\workspace\\projects plans\\Wisp\\internal\\tools\\q252p1-new-note.md" ok=true
    paths_shortname_252_probe_test.go:271:   foldPath(resolvedForm)         : "d:\\work\\workspace\\projects plans\\wisp\\internal\\tools\\q252p1-new-note.md"
    paths_shortname_252_probe_test.go:271:   LEG2 rootsContain(roots,foldRF): true
    paths_shortname_252_probe_test.go:271:   InAllowlist(canonical)         : true
    paths_shortname_252_probe_test.go:271:   FIRST FAILING LEG              : none: both legs hold
    paths_shortname_252_probe_test.go:272: CASE W-short internal\tools
    paths_shortname_252_probe_test.go:272:   roots as configured : ["D:\\work\\workspace\\projects plans\\Wisp"]
    paths_shortname_252_probe_test.go:272:   asked raw           : "D:\\work\\WORKSP~1\\PROJEC~1\\Wisp\\internal\\tools\\q252p1-new-note.md"
    paths_shortname_252_probe_test.go:272:   risk.Resolve        : err=<nil> Canonical="D:\\work\\WORKSP~1\\PROJEC~1\\Wisp\\internal\\tools\\q252p1-new-note.md" Resolved=false Rewritten=false Rewrites=[]
    paths_shortname_252_probe_test.go:272:   Canonicalize        : "D:\\work\\WORKSP~1\\PROJEC~1\\Wisp\\internal\\tools\\q252p1-new-note.md"
    paths_shortname_252_probe_test.go:272:   Roots()                       : ["d:\\work\\workspace\\projects plans\\wisp"]
    paths_shortname_252_probe_test.go:272:   foldPath(canonical)           : "d:\\work\\worksp~1\\projec~1\\wisp\\internal\\tools\\q252p1-new-note.md"
    paths_shortname_252_probe_test.go:272:   LEG1 rootsContain(roots,folded): false
    paths_shortname_252_probe_test.go:272:   resolvedForm(canonical)        : "D:\\work\\workspace\\projects plans\\Wisp\\internal\\tools\\q252p1-new-note.md" ok=true
    paths_shortname_252_probe_test.go:272:   foldPath(resolvedForm)         : "d:\\work\\workspace\\projects plans\\wisp\\internal\\tools\\q252p1-new-note.md"
    paths_shortname_252_probe_test.go:272:   LEG2 rootsContain(roots,foldRF): true
    paths_shortname_252_probe_test.go:272:   InAllowlist(canonical)         : false
    paths_shortname_252_probe_test.go:272:   FIRST FAILING LEG              : LEG 1 lexical (paths.go:140 rootsContain(p.roots, foldPath(canonical)))
--- PASS: TestTicket252P1OwnerMachineReachability (0.01s)
=== RUN   TestTicket252P1EnvSpellingCensus
    paths_shortname_252_probe_test.go:294: env USERPROFILE  : value="C:\\Users\\swq" alias="C:\\Users\\swq" -> same-as-long (no usable alias) lstat_err=<nil>
    paths_shortname_252_probe_test.go:294: env APPDATA      : value="C:\\Users\\swq\\AppData\\Roaming" alias="C:\\Users\\swq\\AppData\\Roaming" -> same-as-long (no usable alias) lstat_err=<nil>
    paths_shortname_252_probe_test.go:294: env LOCALAPPDATA : value="C:\\Users\\swq\\AppData\\Local" alias="C:\\Users\\swq\\AppData\\Local" -> same-as-long (no usable alias) lstat_err=<nil>
    paths_shortname_252_probe_test.go:294: env TEMP         : value="C:\\Users\\swq\\AppData\\Local\\Temp" alias="C:\\Users\\swq\\AppData\\Local\\Temp" -> same-as-long (no usable alias) lstat_err=<nil>
    paths_shortname_252_probe_test.go:294: env TMP          : value="C:\\Users\\swq\\AppData\\Local\\Temp" alias="C:\\Users\\swq\\AppData\\Local\\Temp" -> same-as-long (no usable alias) lstat_err=<nil>
    paths_shortname_252_probe_test.go:289: env CD           : (unset)
    paths_shortname_252_probe_test.go:294: env HOME         : value="C:\\Users\\swq" alias="C:\\Users\\swq" -> same-as-long (no usable alias) lstat_err=<nil>
    paths_shortname_252_probe_test.go:297: process cwd     : value="D:\\work\\workspace\\projects plans\\Wisp\\internal\\tools" alias="D:\\work\\WORKSP~1\\PROJEC~1\\Wisp\\internal\\tools" -> DIFFERENT spelling exists
    paths_shortname_252_probe_test.go:299: os.TempDir()    : value="C:\\Users\\swq\\AppData\\Local\\Temp" alias="C:\\Users\\swq\\AppData\\Local\\Temp" -> same-as-long (no usable alias)
    paths_shortname_252_probe_test.go:305: os.UserHomeDir(): value="C:\\Users\\swq" err=<nil> alias="C:\\Users\\swq" -> same-as-long (no usable alias)
    paths_shortname_252_probe_test.go:309: cwd="D:\\work\\workspace\\projects plans\\Wisp\\internal\\tools" derived repo root="D:\\work\\workspace\\projects plans\\Wisp"
    paths_shortname_252_probe_test.go:312: Resolve("D:\\work\\workspace\\projects plans\\Wisp") -> Canonical="D:\\work\\workspace\\projects plans\\Wisp" Resolved=true Rewritten=false err=<nil>
    paths_shortname_252_probe_test.go:312: Resolve("D:\\work\\WORKSP~1\\PROJEC~1\\Wisp") -> Canonical="D:\\work\\workspace\\projects plans\\Wisp" Resolved=true Rewritten=false err=<nil>
--- PASS: TestTicket252P1EnvSpellingCensus (0.00s)
=== RUN   TestTicket252R1ShortSpellingOfNewFileIsAuthorized
    paths_shortname_252_r1_test.go:76: cwd="D:\\work\\workspace\\projects plans\\Wisp\\internal\\tools" derived repo root="D:\\work\\workspace\\projects plans\\Wisp"
    paths_shortname_252_r1_test.go:79: root long : "D:\\work\\workspace\\projects plans\\Wisp"
    paths_shortname_252_r1_test.go:80: root short: "D:\\work\\WORKSP~1\\PROJEC~1\\Wisp"
=== RUN   TestTicket252R1ShortSpellingOfNewFileIsAuthorized/A1_roots=LONG_asked=SHORT+missing-leaf
    paths_shortname_252_r1_test.go:98: CASE A1 roots=LONG asked=SHORT+missing-leaf
    paths_shortname_252_r1_test.go:98:   roots as configured : ["D:\\work\\workspace\\projects plans\\Wisp"]
    paths_shortname_252_r1_test.go:98:   asked raw           : "D:\\work\\WORKSP~1\\PROJEC~1\\Wisp\\q252r1-new-note.md"
    paths_shortname_252_r1_test.go:98:   risk.Resolve        : err=<nil> Canonical="D:\\work\\WORKSP~1\\PROJEC~1\\Wisp\\q252r1-new-note.md" Resolved=false Rewritten=false Rewrites=[]
    paths_shortname_252_r1_test.go:98:   Canonicalize        : "D:\\work\\WORKSP~1\\PROJEC~1\\Wisp\\q252r1-new-note.md"
    paths_shortname_252_r1_test.go:98:   Roots()                       : ["d:\\work\\workspace\\projects plans\\wisp"]
    paths_shortname_252_r1_test.go:98:   foldPath(canonical)           : "d:\\work\\worksp~1\\projec~1\\wisp\\q252r1-new-note.md"
    paths_shortname_252_r1_test.go:98:   LEG1 rootsContain(roots,folded): false
    paths_shortname_252_r1_test.go:98:   resolvedForm(canonical)        : "D:\\work\\workspace\\projects plans\\Wisp\\q252r1-new-note.md" ok=true
    paths_shortname_252_r1_test.go:98:   foldPath(resolvedForm)         : "d:\\work\\workspace\\projects plans\\wisp\\q252r1-new-note.md"
    paths_shortname_252_r1_test.go:98:   LEG2 rootsContain(roots,foldRF): true
    paths_shortname_252_r1_test.go:98:   InAllowlist(canonical)         : false
    paths_shortname_252_r1_test.go:98:   FIRST FAILING LEG              : LEG 1 lexical (paths.go:140 rootsContain(p.roots, foldPath(canonical)))
    paths_shortname_252_r1_test.go:98: POSITIVE CONTROL RED for A1 roots=LONG asked=SHORT+missing-leaf: same-shape ask was refused, so this probe's carrier is broken and no negative reading from it can be trusted
=== RUN   TestTicket252R1ShortSpellingOfNewFileIsAuthorized/A2_roots=SHORT_asked=LONG+missing-leaf
    paths_shortname_252_r1_test.go:98: CASE A2 roots=SHORT asked=LONG+missing-leaf
    paths_shortname_252_r1_test.go:98:   roots as configured : ["D:\\work\\WORKSP~1\\PROJEC~1\\Wisp"]
    paths_shortname_252_r1_test.go:98:   asked raw           : "D:\\work\\workspace\\projects plans\\Wisp\\q252r1-new-note.md"
    paths_shortname_252_r1_test.go:98:   risk.Resolve        : err=<nil> Canonical="D:\\work\\workspace\\projects plans\\Wisp\\q252r1-new-note.md" Resolved=false Rewritten=false Rewrites=[]
    paths_shortname_252_r1_test.go:98:   Canonicalize        : "D:\\work\\workspace\\projects plans\\Wisp\\q252r1-new-note.md"
    paths_shortname_252_r1_test.go:98:   Roots()                       : ["d:\\work\\workspace\\projects plans\\wisp"]
    paths_shortname_252_r1_test.go:98:   foldPath(canonical)           : "d:\\work\\workspace\\projects plans\\wisp\\q252r1-new-note.md"
    paths_shortname_252_r1_test.go:98:   LEG1 rootsContain(roots,folded): true
    paths_shortname_252_r1_test.go:98:   resolvedForm(canonical)        : "D:\\work\\workspace\\projects plans\\Wisp\\q252r1-new-note.md" ok=true
    paths_shortname_252_r1_test.go:98:   foldPath(resolvedForm)         : "d:\\work\\workspace\\projects plans\\wisp\\q252r1-new-note.md"
    paths_shortname_252_r1_test.go:98:   LEG2 rootsContain(roots,foldRF): true
    paths_shortname_252_r1_test.go:98:   InAllowlist(canonical)         : true
    paths_shortname_252_r1_test.go:98:   FIRST FAILING LEG              : none: both legs hold
=== RUN   TestTicket252R1ShortSpellingOfNewFileIsAuthorized/A3_roots=SHORT_asked=SHORT+missing-leaf
    paths_shortname_252_r1_test.go:98: CASE A3 roots=SHORT asked=SHORT+missing-leaf
    paths_shortname_252_r1_test.go:98:   roots as configured : ["D:\\work\\WORKSP~1\\PROJEC~1\\Wisp"]
    paths_shortname_252_r1_test.go:98:   asked raw           : "D:\\work\\WORKSP~1\\PROJEC~1\\Wisp\\q252r1-new-note.md"
    paths_shortname_252_r1_test.go:98:   risk.Resolve        : err=<nil> Canonical="D:\\work\\WORKSP~1\\PROJEC~1\\Wisp\\q252r1-new-note.md" Resolved=false Rewritten=false Rewrites=[]
    paths_shortname_252_r1_test.go:98:   Canonicalize        : "D:\\work\\WORKSP~1\\PROJEC~1\\Wisp\\q252r1-new-note.md"
    paths_shortname_252_r1_test.go:98:   Roots()                       : ["d:\\work\\workspace\\projects plans\\wisp"]
    paths_shortname_252_r1_test.go:98:   foldPath(canonical)           : "d:\\work\\worksp~1\\projec~1\\wisp\\q252r1-new-note.md"
    paths_shortname_252_r1_test.go:98:   LEG1 rootsContain(roots,folded): false
    paths_shortname_252_r1_test.go:98:   resolvedForm(canonical)        : "D:\\work\\workspace\\projects plans\\Wisp\\q252r1-new-note.md" ok=true
    paths_shortname_252_r1_test.go:98:   foldPath(resolvedForm)         : "d:\\work\\workspace\\projects plans\\wisp\\q252r1-new-note.md"
    paths_shortname_252_r1_test.go:98:   LEG2 rootsContain(roots,foldRF): true
    paths_shortname_252_r1_test.go:98:   InAllowlist(canonical)         : false
    paths_shortname_252_r1_test.go:98:   FIRST FAILING LEG              : LEG 1 lexical (paths.go:140 rootsContain(p.roots, foldPath(canonical)))
    paths_shortname_252_r1_test.go:98: POSITIVE CONTROL RED for A3 roots=SHORT asked=SHORT+missing-leaf: same-shape ask was refused, so this probe's carrier is broken and no negative reading from it can be trusted
=== RUN   TestTicket252R1ShortSpellingOfNewFileIsAuthorized/A4_roots=LONG_asked=LONG+missing-leaf
    paths_shortname_252_r1_test.go:98: CASE A4 roots=LONG asked=LONG+missing-leaf
    paths_shortname_252_r1_test.go:98:   roots as configured : ["D:\\work\\workspace\\projects plans\\Wisp"]
    paths_shortname_252_r1_test.go:98:   asked raw           : "D:\\work\\workspace\\projects plans\\Wisp\\q252r1-new-note.md"
    paths_shortname_252_r1_test.go:98:   risk.Resolve        : err=<nil> Canonical="D:\\work\\workspace\\projects plans\\Wisp\\q252r1-new-note.md" Resolved=false Rewritten=false Rewrites=[]
    paths_shortname_252_r1_test.go:98:   Canonicalize        : "D:\\work\\workspace\\projects plans\\Wisp\\q252r1-new-note.md"
    paths_shortname_252_r1_test.go:98:   Roots()                       : ["d:\\work\\workspace\\projects plans\\wisp"]
    paths_shortname_252_r1_test.go:98:   foldPath(canonical)           : "d:\\work\\workspace\\projects plans\\wisp\\q252r1-new-note.md"
    paths_shortname_252_r1_test.go:98:   LEG1 rootsContain(roots,folded): true
    paths_shortname_252_r1_test.go:98:   resolvedForm(canonical)        : "D:\\work\\workspace\\projects plans\\Wisp\\q252r1-new-note.md" ok=true
    paths_shortname_252_r1_test.go:98:   foldPath(resolvedForm)         : "d:\\work\\workspace\\projects plans\\wisp\\q252r1-new-note.md"
    paths_shortname_252_r1_test.go:98:   LEG2 rootsContain(roots,foldRF): true
    paths_shortname_252_r1_test.go:98:   InAllowlist(canonical)         : true
    paths_shortname_252_r1_test.go:98:   FIRST FAILING LEG              : none: both legs hold
--- FAIL: TestTicket252R1ShortSpellingOfNewFileIsAuthorized (0.00s)
    --- FAIL: TestTicket252R1ShortSpellingOfNewFileIsAuthorized/A1_roots=LONG_asked=SHORT+missing-leaf (0.00s)
    --- PASS: TestTicket252R1ShortSpellingOfNewFileIsAuthorized/A2_roots=SHORT_asked=LONG+missing-leaf (0.00s)
    --- FAIL: TestTicket252R1ShortSpellingOfNewFileIsAuthorized/A3_roots=SHORT_asked=SHORT+missing-leaf (0.00s)
    --- PASS: TestTicket252R1ShortSpellingOfNewFileIsAuthorized/A4_roots=LONG_asked=LONG+missing-leaf (0.00s)
=== RUN   TestTicket252R1BothSpellingsAnswerTheSame
    paths_shortname_252_r1_test.go:107: cwd="D:\\work\\workspace\\projects plans\\Wisp\\internal\\tools" derived repo root="D:\\work\\workspace\\projects plans\\Wisp"
=== RUN   TestTicket252R1BothSpellingsAnswerTheSame/Wisp
    paths_shortname_252_r1_test.go:116: tree long="D:\\work\\workspace\\projects plans\\Wisp" short="D:\\work\\WORKSP~1\\PROJEC~1\\Wisp"
    paths_shortname_252_r1_test.go:121: roots=[D:\work\workspace\projects plans\Wisp] canonical(LONG)="D:\\work\\workspace\\projects plans\\Wisp\\q252r1-round-trip.md"
    paths_shortname_252_r1_test.go:122: roots=[D:\work\workspace\projects plans\Wisp] canonical(SHORT)="D:\\work\\WORKSP~1\\PROJEC~1\\Wisp\\q252r1-round-trip.md"
    paths_shortname_252_r1_test.go:123: roots=[D:\work\workspace\projects plans\Wisp] legs(LONG): leg1=true leg2=true final=true
    paths_shortname_252_r1_test.go:124: roots=[D:\work\workspace\projects plans\Wisp] legs(SHORT): leg1=false leg2=true final=false
    paths_shortname_252_r1_test.go:136: AC#2 RED: both spellings must be authorized inside their own root, got LONG=true SHORT=false (roots=[D:\work\workspace\projects plans\Wisp])
    paths_shortname_252_r1_test.go:148: AC#1's split is still live: the two containments disagree on one input (LONG leg1=true leg2=true, SHORT leg1=false leg2=true)
    paths_shortname_252_r1_test.go:121: roots=[D:\work\WORKSP~1\PROJEC~1\Wisp] canonical(LONG)="D:\\work\\workspace\\projects plans\\Wisp\\q252r1-round-trip.md"
    paths_shortname_252_r1_test.go:122: roots=[D:\work\WORKSP~1\PROJEC~1\Wisp] canonical(SHORT)="D:\\work\\WORKSP~1\\PROJEC~1\\Wisp\\q252r1-round-trip.md"
    paths_shortname_252_r1_test.go:123: roots=[D:\work\WORKSP~1\PROJEC~1\Wisp] legs(LONG): leg1=true leg2=true final=true
    paths_shortname_252_r1_test.go:124: roots=[D:\work\WORKSP~1\PROJEC~1\Wisp] legs(SHORT): leg1=false leg2=true final=false
    paths_shortname_252_r1_test.go:136: AC#2 RED: both spellings must be authorized inside their own root, got LONG=true SHORT=false (roots=[D:\work\WORKSP~1\PROJEC~1\Wisp])
    paths_shortname_252_r1_test.go:148: AC#1's split is still live: the two containments disagree on one input (LONG leg1=true leg2=true, SHORT leg1=false leg2=true)
    paths_shortname_252_r1_test.go:121: roots=[D:\work\WORKSP~1\PROJEC~1\Wisp] canonical(LONG)="D:\\work\\workspace\\projects plans\\Wisp\\q252r1-round-trip.md"
    paths_shortname_252_r1_test.go:122: roots=[D:\work\WORKSP~1\PROJEC~1\Wisp] canonical(SHORT)="D:\\work\\WORKSP~1\\PROJEC~1\\Wisp\\q252r1-round-trip.md"
    paths_shortname_252_r1_test.go:123: roots=[D:\work\WORKSP~1\PROJEC~1\Wisp] legs(LONG): leg1=true leg2=true final=true
    paths_shortname_252_r1_test.go:124: roots=[D:\work\WORKSP~1\PROJEC~1\Wisp] legs(SHORT): leg1=false leg2=true final=false
    paths_shortname_252_r1_test.go:136: AC#2 RED: both spellings must be authorized inside their own root, got LONG=true SHORT=false (roots=[D:\work\WORKSP~1\PROJEC~1\Wisp])
    paths_shortname_252_r1_test.go:148: AC#1's split is still live: the two containments disagree on one input (LONG leg1=true leg2=true, SHORT leg1=false leg2=true)
=== RUN   TestTicket252R1BothSpellingsAnswerTheSame/docs
    paths_shortname_252_r1_test.go:116: tree long="D:\\work\\workspace\\projects plans\\Wisp\\docs" short="D:\\work\\WORKSP~1\\PROJEC~1\\Wisp\\docs"
    paths_shortname_252_r1_test.go:121: roots=[D:\work\workspace\projects plans\Wisp] canonical(LONG)="D:\\work\\workspace\\projects plans\\Wisp\\docs\\q252r1-round-trip.md"
    paths_shortname_252_r1_test.go:122: roots=[D:\work\workspace\projects plans\Wisp] canonical(SHORT)="D:\\work\\WORKSP~1\\PROJEC~1\\Wisp\\docs\\q252r1-round-trip.md"
    paths_shortname_252_r1_test.go:123: roots=[D:\work\workspace\projects plans\Wisp] legs(LONG): leg1=true leg2=true final=true
    paths_shortname_252_r1_test.go:124: roots=[D:\work\workspace\projects plans\Wisp] legs(SHORT): leg1=false leg2=true final=false
    paths_shortname_252_r1_test.go:136: AC#2 RED: both spellings must be authorized inside their own root, got LONG=true SHORT=false (roots=[D:\work\workspace\projects plans\Wisp])
    paths_shortname_252_r1_test.go:148: AC#1's split is still live: the two containments disagree on one input (LONG leg1=true leg2=true, SHORT leg1=false leg2=true)
    paths_shortname_252_r1_test.go:121: roots=[D:\work\WORKSP~1\PROJEC~1\Wisp\docs] canonical(LONG)="D:\\work\\workspace\\projects plans\\Wisp\\docs\\q252r1-round-trip.md"
    paths_shortname_252_r1_test.go:122: roots=[D:\work\WORKSP~1\PROJEC~1\Wisp\docs] canonical(SHORT)="D:\\work\\WORKSP~1\\PROJEC~1\\Wisp\\docs\\q252r1-round-trip.md"
    paths_shortname_252_r1_test.go:123: roots=[D:\work\WORKSP~1\PROJEC~1\Wisp\docs] legs(LONG): leg1=true leg2=true final=true
    paths_shortname_252_r1_test.go:124: roots=[D:\work\WORKSP~1\PROJEC~1\Wisp\docs] legs(SHORT): leg1=false leg2=true final=false
    paths_shortname_252_r1_test.go:136: AC#2 RED: both spellings must be authorized inside their own root, got LONG=true SHORT=false (roots=[D:\work\WORKSP~1\PROJEC~1\Wisp\docs])
    paths_shortname_252_r1_test.go:148: AC#1's split is still live: the two containments disagree on one input (LONG leg1=true leg2=true, SHORT leg1=false leg2=true)
    paths_shortname_252_r1_test.go:121: roots=[D:\work\WORKSP~1\PROJEC~1\Wisp] canonical(LONG)="D:\\work\\workspace\\projects plans\\Wisp\\docs\\q252r1-round-trip.md"
    paths_shortname_252_r1_test.go:122: roots=[D:\work\WORKSP~1\PROJEC~1\Wisp] canonical(SHORT)="D:\\work\\WORKSP~1\\PROJEC~1\\Wisp\\docs\\q252r1-round-trip.md"
    paths_shortname_252_r1_test.go:123: roots=[D:\work\WORKSP~1\PROJEC~1\Wisp] legs(LONG): leg1=true leg2=true final=true
    paths_shortname_252_r1_test.go:124: roots=[D:\work\WORKSP~1\PROJEC~1\Wisp] legs(SHORT): leg1=false leg2=true final=false
    paths_shortname_252_r1_test.go:136: AC#2 RED: both spellings must be authorized inside their own root, got LONG=true SHORT=false (roots=[D:\work\WORKSP~1\PROJEC~1\Wisp])
    paths_shortname_252_r1_test.go:148: AC#1's split is still live: the two containments disagree on one input (LONG leg1=true leg2=true, SHORT leg1=false leg2=true)
=== RUN   TestTicket252R1BothSpellingsAnswerTheSame/tools
    paths_shortname_252_r1_test.go:116: tree long="D:\\work\\workspace\\projects plans\\Wisp\\internal\\tools" short="D:\\work\\WORKSP~1\\PROJEC~1\\Wisp\\internal\\tools"
    paths_shortname_252_r1_test.go:121: roots=[D:\work\workspace\projects plans\Wisp] canonical(LONG)="D:\\work\\workspace\\projects plans\\Wisp\\internal\\tools\\q252r1-round-trip.md"
    paths_shortname_252_r1_test.go:122: roots=[D:\work\workspace\projects plans\Wisp] canonical(SHORT)="D:\\work\\WORKSP~1\\PROJEC~1\\Wisp\\internal\\tools\\q252r1-round-trip.md"
    paths_shortname_252_r1_test.go:123: roots=[D:\work\workspace\projects plans\Wisp] legs(LONG): leg1=true leg2=true final=true
    paths_shortname_252_r1_test.go:124: roots=[D:\work\workspace\projects plans\Wisp] legs(SHORT): leg1=false leg2=true final=false
    paths_shortname_252_r1_test.go:136: AC#2 RED: both spellings must be authorized inside their own root, got LONG=true SHORT=false (roots=[D:\work\workspace\projects plans\Wisp])
    paths_shortname_252_r1_test.go:148: AC#1's split is still live: the two containments disagree on one input (LONG leg1=true leg2=true, SHORT leg1=false leg2=true)
    paths_shortname_252_r1_test.go:121: roots=[D:\work\WORKSP~1\PROJEC~1\Wisp\internal\tools] canonical(LONG)="D:\\work\\workspace\\projects plans\\Wisp\\internal\\tools\\q252r1-round-trip.md"
    paths_shortname_252_r1_test.go:122: roots=[D:\work\WORKSP~1\PROJEC~1\Wisp\internal\tools] canonical(SHORT)="D:\\work\\WORKSP~1\\PROJEC~1\\Wisp\\internal\\tools\\q252r1-round-trip.md"
    paths_shortname_252_r1_test.go:123: roots=[D:\work\WORKSP~1\PROJEC~1\Wisp\internal\tools] legs(LONG): leg1=true leg2=true final=true
    paths_shortname_252_r1_test.go:124: roots=[D:\work\WORKSP~1\PROJEC~1\Wisp\internal\tools] legs(SHORT): leg1=false leg2=true final=false
    paths_shortname_252_r1_test.go:136: AC#2 RED: both spellings must be authorized inside their own root, got LONG=true SHORT=false (roots=[D:\work\WORKSP~1\PROJEC~1\Wisp\internal\tools])
    paths_shortname_252_r1_test.go:148: AC#1's split is still live: the two containments disagree on one input (LONG leg1=true leg2=true, SHORT leg1=false leg2=true)
    paths_shortname_252_r1_test.go:121: roots=[D:\work\WORKSP~1\PROJEC~1\Wisp] canonical(LONG)="D:\\work\\workspace\\projects plans\\Wisp\\internal\\tools\\q252r1-round-trip.md"
    paths_shortname_252_r1_test.go:122: roots=[D:\work\WORKSP~1\PROJEC~1\Wisp] canonical(SHORT)="D:\\work\\WORKSP~1\\PROJEC~1\\Wisp\\internal\\tools\\q252r1-round-trip.md"
    paths_shortname_252_r1_test.go:123: roots=[D:\work\WORKSP~1\PROJEC~1\Wisp] legs(LONG): leg1=true leg2=true final=true
    paths_shortname_252_r1_test.go:124: roots=[D:\work\WORKSP~1\PROJEC~1\Wisp] legs(SHORT): leg1=false leg2=true final=false
    paths_shortname_252_r1_test.go:136: AC#2 RED: both spellings must be authorized inside their own root, got LONG=true SHORT=false (roots=[D:\work\WORKSP~1\PROJEC~1\Wisp])
    paths_shortname_252_r1_test.go:148: AC#1's split is still live: the two containments disagree on one input (LONG leg1=true leg2=true, SHORT leg1=false leg2=true)
--- FAIL: TestTicket252R1BothSpellingsAnswerTheSame (0.02s)
    --- FAIL: TestTicket252R1BothSpellingsAnswerTheSame/Wisp (0.01s)
    --- FAIL: TestTicket252R1BothSpellingsAnswerTheSame/docs (0.01s)
    --- FAIL: TestTicket252R1BothSpellingsAnswerTheSame/tools (0.01s)
=== RUN   TestTicket252R1AlignmentAddsNoAuthorization
    paths_shortname_252_r1_test.go:163: cwd="D:\\work\\workspace\\projects plans\\Wisp\\internal\\tools" derived repo root="D:\\work\\workspace\\projects plans\\Wisp"
=== RUN   TestTicket252R1AlignmentAddsNoAuthorization/N1_sibling_tree,_long
    paths_shortname_252_r1_test.go:210:   Roots()                       : ["d:\\work\\workspace\\projects plans\\wisp"]
    paths_shortname_252_r1_test.go:210:   foldPath(canonical)           : "d:\\work\\workspace\\projects plans\\q252r1-no-such-tree\\q252r1-out-of-scope.md"
    paths_shortname_252_r1_test.go:210:   LEG1 rootsContain(roots,folded): false
    paths_shortname_252_r1_test.go:210:   resolvedForm(canonical)        : "D:\\work\\workspace\\projects plans\\q252r1-no-such-tree\\q252r1-out-of-scope.md" ok=true
    paths_shortname_252_r1_test.go:210:   foldPath(resolvedForm)         : "d:\\work\\workspace\\projects plans\\q252r1-no-such-tree\\q252r1-out-of-scope.md"
    paths_shortname_252_r1_test.go:210:   LEG2 rootsContain(roots,foldRF): false
    paths_shortname_252_r1_test.go:210:   InAllowlist(canonical)         : false
    paths_shortname_252_r1_test.go:210:   FIRST FAILING LEG              : LEG 1 lexical (paths.go:140 rootsContain(p.roots, foldPath(canonical)))
=== RUN   TestTicket252R1AlignmentAddsNoAuthorization/N2_sibling_tree,_short_spelling_of_the_parent
    paths_shortname_252_r1_test.go:210:   Roots()                       : ["d:\\work\\workspace\\projects plans\\wisp"]
    paths_shortname_252_r1_test.go:210:   foldPath(canonical)           : "d:\\work\\worksp~1\\projec~1\\q252r1-no-such-tree\\q252r1-out-of-scope.md"
    paths_shortname_252_r1_test.go:210:   LEG1 rootsContain(roots,folded): false
    paths_shortname_252_r1_test.go:210:   resolvedForm(canonical)        : "D:\\work\\workspace\\projects plans\\q252r1-no-such-tree\\q252r1-out-of-scope.md" ok=true
    paths_shortname_252_r1_test.go:210:   foldPath(resolvedForm)         : "d:\\work\\workspace\\projects plans\\q252r1-no-such-tree\\q252r1-out-of-scope.md"
    paths_shortname_252_r1_test.go:210:   LEG2 rootsContain(roots,foldRF): false
    paths_shortname_252_r1_test.go:210:   InAllowlist(canonical)         : false
    paths_shortname_252_r1_test.go:210:   FIRST FAILING LEG              : LEG 1 lexical (paths.go:140 rootsContain(p.roots, foldPath(canonical)))
=== RUN   TestTicket252R1AlignmentAddsNoAuthorization/N3_the_root's_own_parent
    paths_shortname_252_r1_test.go:210:   Roots()                       : ["d:\\work\\workspace\\projects plans\\wisp"]
    paths_shortname_252_r1_test.go:210:   foldPath(canonical)           : "d:\\work\\workspace\\projects plans\\q252r1-out-of-scope.md"
    paths_shortname_252_r1_test.go:210:   LEG1 rootsContain(roots,folded): false
    paths_shortname_252_r1_test.go:210:   resolvedForm(canonical)        : "D:\\work\\workspace\\projects plans\\q252r1-out-of-scope.md" ok=true
    paths_shortname_252_r1_test.go:210:   foldPath(resolvedForm)         : "d:\\work\\workspace\\projects plans\\q252r1-out-of-scope.md"
    paths_shortname_252_r1_test.go:210:   LEG2 rootsContain(roots,foldRF): false
    paths_shortname_252_r1_test.go:210:   InAllowlist(canonical)         : false
    paths_shortname_252_r1_test.go:210:   FIRST FAILING LEG              : LEG 1 lexical (paths.go:140 rootsContain(p.roots, foldPath(canonical)))
=== RUN   TestTicket252R1AlignmentAddsNoAuthorization/N4_the_root's_parent_spelled_short
    paths_shortname_252_r1_test.go:210:   Roots()                       : ["d:\\work\\workspace\\projects plans\\wisp"]
    paths_shortname_252_r1_test.go:210:   foldPath(canonical)           : "d:\\work\\worksp~1\\projec~1\\q252r1-out-of-scope.md"
    paths_shortname_252_r1_test.go:210:   LEG1 rootsContain(roots,folded): false
    paths_shortname_252_r1_test.go:210:   resolvedForm(canonical)        : "D:\\work\\workspace\\projects plans\\q252r1-out-of-scope.md" ok=true
    paths_shortname_252_r1_test.go:210:   foldPath(resolvedForm)         : "d:\\work\\workspace\\projects plans\\q252r1-out-of-scope.md"
    paths_shortname_252_r1_test.go:210:   LEG2 rootsContain(roots,foldRF): false
    paths_shortname_252_r1_test.go:210:   InAllowlist(canonical)         : false
    paths_shortname_252_r1_test.go:210:   FIRST FAILING LEG              : LEG 1 lexical (paths.go:140 rootsContain(p.roots, foldPath(canonical)))
=== RUN   TestTicket252R1AlignmentAddsNoAuthorization/N5_one_character_off_the_root's_tail
    paths_shortname_252_r1_test.go:210:   Roots()                       : ["d:\\work\\workspace\\projects plans\\wisp"]
    paths_shortname_252_r1_test.go:210:   foldPath(canonical)           : "d:\\work\\workspace\\projects plans\\wisp-evil\\q252r1-out-of-scope.md"
    paths_shortname_252_r1_test.go:210:   LEG1 rootsContain(roots,folded): false
    paths_shortname_252_r1_test.go:210:   resolvedForm(canonical)        : "D:\\work\\workspace\\projects plans\\Wisp-evil\\q252r1-out-of-scope.md" ok=true
    paths_shortname_252_r1_test.go:210:   foldPath(resolvedForm)         : "d:\\work\\workspace\\projects plans\\wisp-evil\\q252r1-out-of-scope.md"
    paths_shortname_252_r1_test.go:210:   LEG2 rootsContain(roots,foldRF): false
    paths_shortname_252_r1_test.go:210:   InAllowlist(canonical)         : false
    paths_shortname_252_r1_test.go:210:   FIRST FAILING LEG              : LEG 1 lexical (paths.go:140 rootsContain(p.roots, foldPath(canonical)))
=== RUN   TestTicket252R1AlignmentAddsNoAuthorization/N6_a_name_on_a_volume_that_is_not_there
    paths_shortname_252_r1_test.go:210:   Roots()                       : ["d:\\work\\workspace\\projects plans\\wisp"]
    paths_shortname_252_r1_test.go:210:   foldPath(canonical)           : "z:\\q252r1-dead-volume\\q252r1-out-of-scope.md"
    paths_shortname_252_r1_test.go:210:   LEG1 rootsContain(roots,folded): false
    paths_shortname_252_r1_test.go:210:   resolvedForm(canonical)        : "Z:\\q252r1-dead-volume\\q252r1-out-of-scope.md" ok=true
    paths_shortname_252_r1_test.go:210:   foldPath(resolvedForm)         : "z:\\q252r1-dead-volume\\q252r1-out-of-scope.md"
    paths_shortname_252_r1_test.go:210:   LEG2 rootsContain(roots,foldRF): false
    paths_shortname_252_r1_test.go:210:   InAllowlist(canonical)         : false
    paths_shortname_252_r1_test.go:210:   FIRST FAILING LEG              : LEG 1 lexical (paths.go:140 rootsContain(p.roots, foldPath(canonical)))
=== RUN   TestTicket252R1AlignmentAddsNoAuthorization/N7_inside_the_root_but_unresolvable
    paths_shortname_252_r1_test.go:226:   Roots()                       : ["d:\\work\\workspace\\projects plans\\wisp"]
    paths_shortname_252_r1_test.go:226:   foldPath(canonical)           : "d:\\work\\workspace\\projects plans\\wisp\\q252r1<invalid>:*?.md"
    paths_shortname_252_r1_test.go:226:   LEG1 rootsContain(roots,folded): true
    paths_shortname_252_r1_test.go:226:   resolvedForm(canonical)        : "" ok=false
    paths_shortname_252_r1_test.go:226:   foldPath(resolvedForm)         : ""
    paths_shortname_252_r1_test.go:226:   LEG2 rootsContain(roots,foldRF): false
    paths_shortname_252_r1_test.go:226:   InAllowlist(canonical)         : false
    paths_shortname_252_r1_test.go:226:   FIRST FAILING LEG              : LEG 2 resolvedForm (paths.go:152-153)
=== NAME  TestTicket252R1AlignmentAddsNoAuthorization
    paths_shortname_252_r1_test.go:244: short ask roots check
    paths_shortname_252_r1_test.go:252: AC#2 RED: the short spelling of a new file was still refused under its own root ("D:\\work\\WORKSP~1\\PROJEC~1\\Wisp\\q252r1-out-of-scope.md"): the same-form step is not in effect (leg1=false leg2=true folded="d:\\work\\worksp~1\\projec~1\\wisp\\q252r1-out-of-scope.md")
--- FAIL: TestTicket252R1AlignmentAddsNoAuthorization (0.01s)
    --- PASS: TestTicket252R1AlignmentAddsNoAuthorization/N1_sibling_tree,_long (0.00s)
    --- PASS: TestTicket252R1AlignmentAddsNoAuthorization/N2_sibling_tree,_short_spelling_of_the_parent (0.00s)
    --- PASS: TestTicket252R1AlignmentAddsNoAuthorization/N3_the_root's_own_parent (0.00s)
    --- PASS: TestTicket252R1AlignmentAddsNoAuthorization/N4_the_root's_parent_spelled_short (0.00s)
    --- PASS: TestTicket252R1AlignmentAddsNoAuthorization/N5_one_character_off_the_root's_tail (0.00s)
    --- PASS: TestTicket252R1AlignmentAddsNoAuthorization/N6_a_name_on_a_volume_that_is_not_there (0.00s)
    --- PASS: TestTicket252R1AlignmentAddsNoAuthorization/N7_inside_the_root_but_unresolvable (0.00s)
=== RUN   TestTicket252R1CanonicalStillNamesOneTree
    paths_shortname_252_r1_test.go:262: cwd="D:\\work\\workspace\\projects plans\\Wisp\\internal\\tools" derived repo root="D:\\work\\workspace\\projects plans\\Wisp"
    paths_shortname_252_r1_test.go:276: two spellings of one path still canonicalize to two strings: "D:\\work\\workspace\\projects plans\\Wisp\\docs\\q252r1-round-trip.md" vs "D:\\work\\WORKSP~1\\PROJEC~1\\Wisp\\docs\\q252r1-round-trip.md"
--- FAIL: TestTicket252R1CanonicalStillNamesOneTree (0.00s)
FAIL
FAIL	github.com/CarlosShao/wisp/internal/tools	0.089s
FAIL
