time=2026-09-27T22:44:05.233+08:00 level=INFO msg="winsec: sealing path resolver installed" resolver=risk.c26Pipeline probes_passed=2
=== RUN   TestMarkEmptyAfterNormalization
--- PASS: TestMarkEmptyAfterNormalization (0.01s)
=== RUN   TestMarkUnknownSourceToolFailClosed
--- PASS: TestMarkUnknownSourceToolFailClosed (0.01s)
=== RUN   TestConcurrentMarkInspect
--- PASS: TestConcurrentMarkInspect (0.01s)
=== RUN   TestScopeCloseRefusesAnotherOwnersRegistration
--- PASS: TestScopeCloseRefusesAnotherOwnersRegistration (0.00s)
=== RUN   TestM1RigALegReReadOfHostPathIsClean
--- PASS: TestM1RigALegReReadOfHostPathIsClean (0.01s)
=== RUN   TestM1RigBRestOfHostMarkStillIndexed
--- PASS: TestM1RigBRestOfHostMarkStillIndexed (0.01s)
=== RUN   TestM1RigCLegForeignMarkStillHits
    provenance_test.go:1065: R-1: P carried by FOREIGN content must still hit — the exemption left its own mark
--- FAIL: TestM1RigCLegForeignMarkStillHits (0.01s)
=== RUN   TestM1RigDLegNeverMintedPathStillHits
    provenance_test.go:1085: R-3: the exemption must key on 'the host wrote THIS path', not on 'looks like an artifacts path'
--- FAIL: TestM1RigDLegNeverMintedPathStillHits (0.00s)
=== RUN   TestM1RigEPathOnlyMarkStillRecorded
    provenance_test.go:1096: row-2 failure mode: a mark whose whole content is P must still be RECORDED, just un-indexed there
--- FAIL: TestM1RigEPathOnlyMarkStillRecorded (0.01s)
=== RUN   TestM1RigFExemptionDiesWithScope
--- PASS: TestM1RigFExemptionDiesWithScope (0.00s)
=== RUN   TestFragmentMatchExactBoundary
--- PASS: TestFragmentMatchExactBoundary (0.00s)
=== RUN   TestFragmentIndexShortSourceNeverMatches
--- PASS: TestFragmentIndexShortSourceNeverMatches (0.00s)
=== RUN   TestFragmentHashCollisionCannotFakeHit
--- PASS: TestFragmentHashCollisionCannotFakeHit (0.00s)
FAIL
FAIL	github.com/CarlosShao/wisp/internal/risk	0.129s
FAIL
