$ go test -count=1 -overlay 'D:\tmp\wisp156\wisp156-ruler\m3-os-arm-always-dead\overlay.json' -v -run 'TestSLO149Exited|TestSLO156' ./cmd/wisp/
$ tree=D:/work/workspace/projects plans/Wisp  overlaid=['D:/work/workspace/projects plans/Wisp/cmd/wisp/slo_windows.go']
time=2026-09-26T13:18:02.942+08:00 level=INFO msg="winsec: sealing path resolver installed" resolver=risk.c26Pipeline probes_passed=2
=== RUN   TestSLO156FixtureChildrenDoWhatTheirNamesSay
--- PASS: TestSLO156FixtureChildrenDoWhatTheirNamesSay (0.08s)
=== RUN   TestSLO156ExitedAsksTheOSForAChildNobodyReaped
--- PASS: TestSLO156ExitedAsksTheOSForAChildNobodyReaped (0.05s)
=== RUN   TestSLO156LiveSubjectStaysAliveUntilTheOSDisagrees
    slo_exit_os_156_windows_test.go:191: exited() is true for a subject the OS reports running: give-up sentences would fire on a live child and stop() would skip its Kill
    slo_exit_os_156_windows_test.go:194: exitCode() is 259 for a live subject, want -1 (exitCodeUnknown)
    slo_exit_os_156_windows_test.go:206: Wait on a killed child reports the kill as an error (exit status 1); that is the fixture, not a failure
--- FAIL: TestSLO156LiveSubjectStaysAliveUntilTheOSDisagrees (0.01s)
=== RUN   TestSLO156ReportLoopNamesTheDeadSubjectItWasWaitingOn
--- PASS: TestSLO156ReportLoopNamesTheDeadSubjectItWasWaitingOn (0.04s)
=== RUN   TestSLO156WaitReadyNamesTheDeadSubjectToo
--- PASS: TestSLO156WaitReadyNamesTheDeadSubjectToo (0.05s)
=== RUN   TestSLO149ExitedGiveUpSentenceCarriesTheLastReading
--- PASS: TestSLO149ExitedGiveUpSentenceCarriesTheLastReading (0.05s)
FAIL
FAIL	github.com/CarlosShao/wisp/cmd/wisp	0.369s
FAIL
