time=2026-09-26T20:41:47.744+08:00 level=INFO msg="winsec: sealing path resolver installed" resolver=risk.c26Pipeline probes_passed=2
=== RUN   TestA18RealTaskkillLeavesTheTargetWholeAndTheNextWriteReclaimsTheStagingFile
=== RUN   TestA18RealTaskkillLeavesTheTargetWholeAndTheNextWriteReclaimsTheStagingFile/overwrite_branch_target_keeps_every_old_byte
=== RUN   TestA18RealTaskkillLeavesTheTargetWholeAndTheNextWriteReclaimsTheStagingFile/new_file_branch_target_never_appears
=== RUN   TestA18RealTaskkillLeavesTheTargetWholeAndTheNextWriteReclaimsTheStagingFile/the_next_write_reclaims_the_staging_residue
    bridge_a18_kill_windows_test.go:230: 残留暂存文件 .wisp-tmp-d6d7f9ee-39940-1540589049：4 字节（子进程被杀时已经写进暂存区的字节数）
--- PASS: TestA18RealTaskkillLeavesTheTargetWholeAndTheNextWriteReclaimsTheStagingFile (0.87s)
    --- PASS: TestA18RealTaskkillLeavesTheTargetWholeAndTheNextWriteReclaimsTheStagingFile/overwrite_branch_target_keeps_every_old_byte (0.47s)
    --- PASS: TestA18RealTaskkillLeavesTheTargetWholeAndTheNextWriteReclaimsTheStagingFile/new_file_branch_target_never_appears (0.38s)
    --- PASS: TestA18RealTaskkillLeavesTheTargetWholeAndTheNextWriteReclaimsTheStagingFile/the_next_write_reclaims_the_staging_residue (0.02s)
=== RUN   TestBridgeRefusesARealJunctionOnTheReadRoute
=== RUN   TestBridgeRefusesARealJunctionOnTheReadRoute/fs.read_through_a_real_junction
=== RUN   TestBridgeRefusesARealJunctionOnTheReadRoute/fs.list_through_a_real_junction
--- PASS: TestBridgeRefusesARealJunctionOnTheReadRoute (0.09s)
    --- PASS: TestBridgeRefusesARealJunctionOnTheReadRoute/fs.read_through_a_real_junction (0.00s)
    --- PASS: TestBridgeRefusesARealJunctionOnTheReadRoute/fs.list_through_a_real_junction (0.00s)
=== RUN   TestBridgeWritesNothingThroughARealJunction
=== RUN   TestBridgeWritesNothingThroughARealJunction/fs.write_over_the_junctioned_target
=== RUN   TestBridgeWritesNothingThroughARealJunction/fs.write_a_new_file_through_the_junction
=== RUN   TestBridgeWritesNothingThroughARealJunction/fs.trash_through_the_junction
=== RUN   TestBridgeWritesNothingThroughARealJunction/fs.move_through_the_junction
=== RUN   TestBridgeWritesNothingThroughARealJunction/fs.delete_through_the_junction
--- PASS: TestBridgeWritesNothingThroughARealJunction (0.55s)
    --- PASS: TestBridgeWritesNothingThroughARealJunction/fs.write_over_the_junctioned_target (0.07s)
    --- PASS: TestBridgeWritesNothingThroughARealJunction/fs.write_a_new_file_through_the_junction (0.19s)
    --- PASS: TestBridgeWritesNothingThroughARealJunction/fs.trash_through_the_junction (0.07s)
    --- PASS: TestBridgeWritesNothingThroughARealJunction/fs.move_through_the_junction (0.07s)
    --- PASS: TestBridgeWritesNothingThroughARealJunction/fs.delete_through_the_junction (0.16s)
=== RUN   TestJunctionInsideAnAllowedRootCannotReachAnAListFile
--- PASS: TestJunctionInsideAnAllowedRootCannotReachAnAListFile (0.06s)
=== RUN   TestBridgeRefusesTheRealShortNameOfAnAListFile
--- PASS: TestBridgeRefusesTheRealShortNameOfAnAListFile (0.01s)
=== RUN   TestShortNameSpellingGetsTheSameVerdictAsTheLongOne
=== RUN   TestShortNameSpellingGetsTheSameVerdictAsTheLongOne/an_approved_out_of_scope_short_name_reads_the_file_the_card_named
--- PASS: TestShortNameSpellingGetsTheSameVerdictAsTheLongOne (0.01s)
    --- PASS: TestShortNameSpellingGetsTheSameVerdictAsTheLongOne/an_approved_out_of_scope_short_name_reads_the_file_the_card_named (0.00s)
=== RUN   TestWavedThroughJunctionWriteBooksAnApprovedRowThatWroteNothing
time=2026-09-26T20:41:49.511+08:00 level=INFO msg="pre-migration backup written" component=memory backup=C:\Users\swq\AppData\Local\Temp\TestWavedThroughJunctionWriteBooksAnApprovedRowThatWroteNothing541008005\003\data\backup\wisp.db.bak-0-1 from=0 to=1
time=2026-09-26T20:41:49.518+08:00 level=INFO msg="schema migration step applied" component=memory from=0 to=1 started_at=2026-09-26T12:41:49Z duration_ms=7
time=2026-09-26T20:41:49.526+08:00 level=INFO msg="pre-migration backup written" component=memory backup=C:\Users\swq\AppData\Local\Temp\TestWavedThroughJunctionWriteBooksAnApprovedRowThatWroteNothing541008005\003\data\backup\wisp.db.bak-1-2 from=1 to=2
time=2026-09-26T20:41:49.531+08:00 level=INFO msg="schema migration step applied" component=memory from=1 to=2 started_at=2026-09-26T12:41:49Z duration_ms=4
time=2026-09-26T20:41:49.535+08:00 level=INFO msg="schema migration complete" component=memory schema_version=2
time=2026-09-26T20:41:49.536+08:00 level=INFO msg="startup WAL checkpoint (TRUNCATE) done" component=memory wal_pages_before=0 pages_moved=0
--- PASS: TestWavedThroughJunctionWriteBooksAnApprovedRowThatWroteNothing (0.22s)
=== RUN   TestRealToolCallWritesRewriteAccountIntoAudit
--- PASS: TestRealToolCallWritesRewriteAccountIntoAudit (0.01s)
=== RUN   TestUnusableRootIsVisibleInTheAuditRecord
--- PASS: TestUnusableRootIsVisibleInTheAuditRecord (0.01s)
=== RUN   TestAccountRecordIsWrittenEvenWithNothingToReport
--- PASS: TestAccountRecordIsWrittenEvenWithNothingToReport (0.01s)
=== RUN   TestSensitiveReadAcrossTheBridgeOpensItsTaskScope
--- PASS: TestSensitiveReadAcrossTheBridgeOpensItsTaskScope (0.01s)
=== RUN   TestC1ToolContract
--- PASS: TestC1ToolContract (0.00s)
=== RUN   TestToolConcurrencyCeilingIsFour
--- PASS: TestToolConcurrencyCeilingIsFour (0.05s)
=== RUN   TestPerToolTimeoutHonoredViaContext
--- PASS: TestPerToolTimeoutHonoredViaContext (0.04s)
=== RUN   TestCapabilitySetIsFrozen
--- PASS: TestCapabilitySetIsFrozen (0.00s)
=== RUN   TestUndeclaredCapabilityHardRejects
--- PASS: TestUndeclaredCapabilityHardRejects (0.00s)
=== RUN   TestC4SlotsWithoutAnImplementationAreNotSilent
--- PASS: TestC4SlotsWithoutAnImplementationAreNotSilent (0.00s)
=== RUN   TestC4RegistryRejectsBadDeclarations
--- PASS: TestC4RegistryRejectsBadDeclarations (0.00s)
=== RUN   TestRiskDecisionRoutesEachLevelToItsBranch
=== RUN   TestRiskDecisionRoutesEachLevelToItsBranch/L0_passes_and_no_gate_is_consulted
=== RUN   TestRiskDecisionRoutesEachLevelToItsBranch/L1_uses_the_pending-window_callback
=== RUN   TestRiskDecisionRoutesEachLevelToItsBranch/L1_window_timeout_means_execute
=== RUN   TestRiskDecisionRoutesEachLevelToItsBranch/L1_veto_returns_a_failure_to_the_model,_not_to_the_user
=== RUN   TestRiskDecisionRoutesEachLevelToItsBranch/L2_uses_the_pending-approval_callback
=== RUN   TestRiskDecisionRoutesEachLevelToItsBranch/L2_approval_timeout_auto-rejects
=== RUN   TestRiskDecisionRoutesEachLevelToItsBranch/NoGate_fails_closed_above_L0
--- PASS: TestRiskDecisionRoutesEachLevelToItsBranch (0.00s)
    --- PASS: TestRiskDecisionRoutesEachLevelToItsBranch/L0_passes_and_no_gate_is_consulted (0.00s)
    --- PASS: TestRiskDecisionRoutesEachLevelToItsBranch/L1_uses_the_pending-window_callback (0.00s)
    --- PASS: TestRiskDecisionRoutesEachLevelToItsBranch/L1_window_timeout_means_execute (0.00s)
    --- PASS: TestRiskDecisionRoutesEachLevelToItsBranch/L1_veto_returns_a_failure_to_the_model,_not_to_the_user (0.00s)
    --- PASS: TestRiskDecisionRoutesEachLevelToItsBranch/L2_uses_the_pending-approval_callback (0.00s)
    --- PASS: TestRiskDecisionRoutesEachLevelToItsBranch/L2_approval_timeout_auto-rejects (0.00s)
    --- PASS: TestRiskDecisionRoutesEachLevelToItsBranch/NoGate_fails_closed_above_L0 (0.00s)
=== RUN   TestDeclaredRiskIsOnlyAFloor
--- PASS: TestDeclaredRiskIsOnlyAFloor (0.01s)
=== RUN   TestToolCallRowsAreComplete
time=2026-09-26T20:41:49.701+08:00 level=INFO msg="pre-migration backup written" component=memory backup=C:\Users\swq\AppData\Local\Temp\TestToolCallRowsAreComplete3633534782\001\data\backup\wisp.db.bak-0-1 from=0 to=1
time=2026-09-26T20:41:49.706+08:00 level=INFO msg="schema migration step applied" component=memory from=0 to=1 started_at=2026-09-26T12:41:49Z duration_ms=5
time=2026-09-26T20:41:49.713+08:00 level=INFO msg="pre-migration backup written" component=memory backup=C:\Users\swq\AppData\Local\Temp\TestToolCallRowsAreComplete3633534782\001\data\backup\wisp.db.bak-1-2 from=1 to=2
time=2026-09-26T20:41:49.719+08:00 level=INFO msg="schema migration step applied" component=memory from=1 to=2 started_at=2026-09-26T12:41:49Z duration_ms=5
time=2026-09-26T20:41:49.724+08:00 level=INFO msg="schema migration complete" component=memory schema_version=2
time=2026-09-26T20:41:49.726+08:00 level=INFO msg="startup WAL checkpoint (TRUNCATE) done" component=memory wal_pages_before=0 pages_moved=0
--- PASS: TestToolCallRowsAreComplete (0.07s)
=== RUN   TestBridgeIsTheLoopToolProvider
--- PASS: TestBridgeIsTheLoopToolProvider (0.00s)
=== RUN   TestSweepReclaimsOnlyItsOwnStagingFiles
--- PASS: TestSweepReclaimsOnlyItsOwnStagingFiles (0.26s)
=== RUN   TestSweepNamingSchemeRejectsNearMisses
--- PASS: TestSweepNamingSchemeRejectsNearMisses (0.05s)
=== RUN   TestSweepNeverDeletesThroughARealJunction
--- PASS: TestSweepNeverDeletesThroughARealJunction (0.12s)
=== RUN   TestSweepSparesATempFileHeldByAnotherProcess
--- PASS: TestSweepSparesATempFileHeldByAnotherProcess (0.79s)
=== RUN   TestFSReadReturnsTheFileAndTaintsIt
--- PASS: TestFSReadReturnsTheFileAndTaintsIt (0.01s)
=== RUN   TestFSReadTaintFeedsR4
--- PASS: TestFSReadTaintFeedsR4 (0.01s)
=== RUN   TestFSListSummarizesADirectory
--- PASS: TestFSListSummarizesADirectory (0.01s)
=== RUN   TestFSListHonoursItsCap
--- PASS: TestFSListHonoursItsCap (0.01s)
=== RUN   TestEmptyAllowlistAuthorizesNothing
--- PASS: TestEmptyAllowlistAuthorizesNothing (0.00s)
=== RUN   TestSensitiveFileIsDeniedNotEscalated
--- PASS: TestSensitiveFileIsDeniedNotEscalated (0.01s)
=== RUN   TestFSRegistrationIsTheD34Roster
--- PASS: TestFSRegistrationIsTheD34Roster (0.00s)
=== RUN   TestDeleteEnabledAddsFSDelete
--- PASS: TestDeleteEnabledAddsFSDelete (0.00s)
=== RUN   TestToolsDirectoryShape
--- PASS: TestToolsDirectoryShape (0.00s)
=== RUN   TestD34WriteMatrix
=== RUN   TestD34WriteMatrix/read_inside_allowlist_is_L0
=== RUN   TestD34WriteMatrix/read_out_of_allowlist_is_L2_and_is_a_verdict_not_a_dormant_rule
=== RUN   TestD34WriteMatrix/list_out_of_allowlist_is_L2
=== RUN   TestD34WriteMatrix/write_new_file_is_L1
=== RUN   TestD34WriteMatrix/write_over_existing_is_L2_via_R8
=== RUN   TestD34WriteMatrix/write_out_of_allowlist_is_L2
=== RUN   TestD34WriteMatrix/trash_is_L1_because_the_bin_can_give_it_back
=== RUN   TestD34WriteMatrix/move_same_volume_new_destination_is_L1
=== RUN   TestD34WriteMatrix/move_over_existing_destination_is_L2
=== RUN   TestD34WriteMatrix/move_across_volumes_is_L2
=== RUN   TestD34WriteMatrix/delete_when_enabled_is_L2
--- PASS: TestD34WriteMatrix (0.05s)
    --- PASS: TestD34WriteMatrix/read_inside_allowlist_is_L0 (0.00s)
    --- PASS: TestD34WriteMatrix/read_out_of_allowlist_is_L2_and_is_a_verdict_not_a_dormant_rule (0.00s)
    --- PASS: TestD34WriteMatrix/list_out_of_allowlist_is_L2 (0.00s)
    --- PASS: TestD34WriteMatrix/write_new_file_is_L1 (0.00s)
    --- PASS: TestD34WriteMatrix/write_over_existing_is_L2_via_R8 (0.00s)
    --- PASS: TestD34WriteMatrix/write_out_of_allowlist_is_L2 (0.00s)
    --- PASS: TestD34WriteMatrix/trash_is_L1_because_the_bin_can_give_it_back (0.00s)
    --- PASS: TestD34WriteMatrix/move_same_volume_new_destination_is_L1 (0.01s)
    --- PASS: TestD34WriteMatrix/move_over_existing_destination_is_L2 (0.01s)
    --- PASS: TestD34WriteMatrix/move_across_volumes_is_L2 (0.00s)
    --- PASS: TestD34WriteMatrix/delete_when_enabled_is_L2 (0.00s)
=== RUN   TestCrossVolumeRuleIsR8
--- PASS: TestCrossVolumeRuleIsR8 (0.00s)
=== RUN   TestOverwriteDetectionFollowsTheCanonicalPath
--- PASS: TestOverwriteDetectionFollowsTheCanonicalPath (0.01s)
=== RUN   TestAtomicWriteKillsMidWrite
=== RUN   TestAtomicWriteKillsMidWrite/overwrite_target_keeps_its_old_bytes
=== RUN   TestAtomicWriteKillsMidWrite/new_file_target_does_not_appear_at_all
=== RUN   TestAtomicWriteKillsMidWrite/a_clean_write_lands_and_round_trips
--- PASS: TestAtomicWriteKillsMidWrite (0.03s)
    --- PASS: TestAtomicWriteKillsMidWrite/overwrite_target_keeps_its_old_bytes (0.01s)
    --- PASS: TestAtomicWriteKillsMidWrite/new_file_target_does_not_appear_at_all (0.01s)
    --- PASS: TestAtomicWriteKillsMidWrite/a_clean_write_lands_and_round_trips (0.01s)
=== RUN   TestWriteRefusesABodyOverTheCap
--- PASS: TestWriteRefusesABodyOverTheCap (0.01s)
=== RUN   TestFSTrashGoesToTheRecycleBin
--- PASS: TestFSTrashGoesToTheRecycleBin (0.15s)
=== RUN   TestFSTrashNeverFallsBackToAnUnlink
--- PASS: TestFSTrashNeverFallsBackToAnUnlink (0.01s)
=== RUN   TestDeleteIsAbsentFromTheRosterWhenTheFlagIsOff
--- PASS: TestDeleteIsAbsentFromTheRosterWhenTheFlagIsOff (0.00s)
=== RUN   TestDeleteEnabledRegistersItAsL2
=== RUN   TestDeleteEnabledRegistersItAsL2/refused_by_the_gate_it_writes_nothing
=== RUN   TestDeleteEnabledRegistersItAsL2/approved_it_deletes_and_says_it_is_permanent
--- PASS: TestDeleteEnabledRegistersItAsL2 (0.02s)
    --- PASS: TestDeleteEnabledRegistersItAsL2/refused_by_the_gate_it_writes_nothing (0.01s)
    --- PASS: TestDeleteEnabledRegistersItAsL2/approved_it_deletes_and_says_it_is_permanent (0.01s)
=== RUN   TestFSMoveSameVolume
--- PASS: TestFSMoveSameVolume (0.02s)
=== RUN   TestCrossVolumeMoveStopsWithTwoCopiesOnLateStop
--- PASS: TestCrossVolumeMoveStopsWithTwoCopiesOnLateStop (0.01s)
=== RUN   TestVetoAfterWorkStartedProducesAppliedSteps
--- PASS: TestVetoAfterWorkStartedProducesAppliedSteps (0.01s)
=== RUN   TestCancelBusIsNotWiredMeansNoVetoChannel
--- PASS: TestCancelBusIsNotWiredMeansNoVetoChannel (0.00s)
=== RUN   TestPathCanonicalizerAccountsForRewrittenRoots
--- PASS: TestPathCanonicalizerAccountsForRewrittenRoots (0.01s)
=== RUN   TestTicket107AllowlistJudgmentTwoShapes
    paths_ticket107_portable_test.go:57: shape R root="C:\\Users\\swq\\AppData\\Local\\Temp\\TestTicket107AllowlistJudgmentTwoShapes2114083392\\001\\proj" target="C:\\Users\\swq\\AppData\\Local\\Temp\\TestTicket107AllowlistJudgmentTwoShapes2114083392\\001\\proj\\a.txt" roots=[c:\users\swq\appdata\local\temp\testticket107allowlistjudgmenttwoshapes2114083392\001\proj] InAllowlist=true
    paths_ticket107_portable_test.go:58: shape E root="%WISP107_ROOT%\\proj" target="C:\\Users\\swq\\AppData\\Local\\Temp\\TestTicket107AllowlistJudgmentTwoShapes2114083392\\001\\proj\\a.txt" roots=[c:\users\swq\appdata\local\temp\testticket107allowlistjudgmenttwoshapes2114083392\001\proj] rewritten=["%WISP107_ROOT%\\proj" -> C:\Users\swq\AppData\Local\Temp\TestTicket107AllowlistJudgmentTwoShapes2114083392\001\proj (env)] unusable=[] InAllowlist=true
    paths_ticket107_portable_test.go:60: cross feed (root from shape R, canonical from shape E) InAllowlist=true
--- PASS: TestTicket107AllowlistJudgmentTwoShapes (0.01s)
=== RUN   TestTicket107AllowlistBoundaryIsComponentWise
--- PASS: TestTicket107AllowlistBoundaryIsComponentWise (0.01s)
=== RUN   TestTicket107bProbeASymlinkedRewrittenRootAuthorizesNothing
    paths_ticket107b_probes_test.go:108: mklink /J C:\Users\swq\AppData\Local\Temp\TestTicket107bProbeASymlinkedRewrittenRootAuthorizesNothing569048267\001\proj -> C:\Users\swq\AppData\Local\Temp\TestTicket107bProbeASymlinkedRewrittenRootAuthorizesNothing569048267\001\outside: Junction created for C:\Users\swq\AppData\Local\Temp\TestTicket107bProbeASymlinkedRewrittenRootAuthorizesNothing569048267\001\proj <<===>> C:\Users\swq\AppData\Local\Temp\TestTicket107bProbeASymlinkedRewrittenRootAuthorizesNothing569048267\001\outside
    paths_ticket107b_probes_test.go:109: premise signals for "C:\\Users\\swq\\AppData\\Local\\Temp\\TestTicket107bProbeASymlinkedRewrittenRootAuthorizesNothing569048267\\001\\proj" -> "C:\\Users\\swq\\AppData\\Local\\Temp\\TestTicket107bProbeASymlinkedRewrittenRootAuthorizesNothing569048267\\001\\outside": lstat(err=<nil>, modeLink=false) readlink("C:\\Users\\swq\\AppData\\Local\\Temp\\TestTicket107bProbeASymlinkedRewrittenRootAuthorizesNothing569048267\\001\\outside", err=<nil>) eval(link)="C:\\Users\\swq\\AppData\\Local\\Temp\\TestTicket107bProbeASymlinkedRewrittenRootAuthorizesNothing569048267\\001\\proj",<nil> eval(through)="",The system cannot find the path specified.
    paths_ticket107b_probes_test.go:120: Canonicalize("C:\\Users\\swq\\AppData\\Local\\Temp\\TestTicket107bProbeASymlinkedRewrittenRootAuthorizesNothing569048267\\001\\proj\\marker.txt") refused: risk: path traverses a reparse point (junction/symlink) not covered by reparse_point_exceptions (judging the lexical spelling instead)
    paths_ticket107b_probes_test.go:121: roots=[] rewritten=[] unusable=["%WISP107B_A_ROOT%\\proj": risk: path traverses a reparse point (junction/symlink) not covered by reparse_point_exceptions] judged="C:\\Users\\swq\\AppData\\Local\\Temp\\TestTicket107bProbeASymlinkedRewrittenRootAuthorizesNothing569048267\\001\\proj\\marker.txt" opened="C:\\Users\\swq\\AppData\\Local\\Temp\\TestTicket107bProbeASymlinkedRewrittenRootAuthorizesNothing569048267\\001\\proj\\marker.txt"
--- PASS: TestTicket107bProbeASymlinkedRewrittenRootAuthorizesNothing (0.09s)
=== RUN   TestTicket107bProbeCLinkInsideAllowedRootStaysOutside
    paths_ticket107b_probes_test.go:158: mklink /J C:\Users\swq\AppData\Local\Temp\TestTicket107bProbeCLinkInsideAllowedRootStaysOutside3562907659\001\proj\esc -> C:\Users\swq\AppData\Local\Temp\TestTicket107bProbeCLinkInsideAllowedRootStaysOutside3562907659\001\outside: Junction created for C:\Users\swq\AppData\Local\Temp\TestTicket107bProbeCLinkInsideAllowedRootStaysOutside3562907659\001\proj\esc <<===>> C:\Users\swq\AppData\Local\Temp\TestTicket107bProbeCLinkInsideAllowedRootStaysOutside3562907659\001\outside
    paths_ticket107b_probes_test.go:159: premise signals for "C:\\Users\\swq\\AppData\\Local\\Temp\\TestTicket107bProbeCLinkInsideAllowedRootStaysOutside3562907659\\001\\proj\\esc" -> "C:\\Users\\swq\\AppData\\Local\\Temp\\TestTicket107bProbeCLinkInsideAllowedRootStaysOutside3562907659\\001\\outside": lstat(err=<nil>, modeLink=false) readlink("C:\\Users\\swq\\AppData\\Local\\Temp\\TestTicket107bProbeCLinkInsideAllowedRootStaysOutside3562907659\\001\\outside", err=<nil>) eval(link)="C:\\Users\\swq\\AppData\\Local\\Temp\\TestTicket107bProbeCLinkInsideAllowedRootStaysOutside3562907659\\001\\proj\\esc",<nil> eval(through)="",The system cannot find the path specified.
    paths_ticket107b_probes_test.go:165: roots=[c:\users\swq\appdata\local\temp\testticket107bprobeclinkinsideallowedrootstaysoutside3562907659\001\proj] rewritten=["%WISP107B_C_ROOT%\\proj" -> C:\Users\swq\AppData\Local\Temp\TestTicket107bProbeCLinkInsideAllowedRootStaysOutside3562907659\001\proj (env)] unusable=[]
    paths_ticket107b_probes_test.go:178: Canonicalize("C:\\Users\\swq\\AppData\\Local\\Temp\\TestTicket107bProbeCLinkInsideAllowedRootStaysOutside3562907659\\001\\proj\\esc\\marker.txt") refused: risk: path traverses a reparse point (junction/symlink) not covered by reparse_point_exceptions (judging the lexical spelling instead)
--- PASS: TestTicket107bProbeCLinkInsideAllowedRootStaysOutside (0.07s)
=== RUN   TestTicket107bProbeBJudgedTreeIsTheOpenedTree
    paths_ticket107b_probes_test.go:201: mklink /J C:\Users\swq\AppData\Local\Temp\TestTicket107bProbeBJudgedTreeIsTheOpenedTree348592071\001\proj -> C:\Users\swq\AppData\Local\Temp\TestTicket107bProbeBJudgedTreeIsTheOpenedTree348592071\001\outside: Junction created for C:\Users\swq\AppData\Local\Temp\TestTicket107bProbeBJudgedTreeIsTheOpenedTree348592071\001\proj <<===>> C:\Users\swq\AppData\Local\Temp\TestTicket107bProbeBJudgedTreeIsTheOpenedTree348592071\001\outside
    paths_ticket107b_probes_test.go:202: premise signals for "C:\\Users\\swq\\AppData\\Local\\Temp\\TestTicket107bProbeBJudgedTreeIsTheOpenedTree348592071\\001\\proj" -> "C:\\Users\\swq\\AppData\\Local\\Temp\\TestTicket107bProbeBJudgedTreeIsTheOpenedTree348592071\\001\\outside": lstat(err=<nil>, modeLink=false) readlink("C:\\Users\\swq\\AppData\\Local\\Temp\\TestTicket107bProbeBJudgedTreeIsTheOpenedTree348592071\\001\\outside", err=<nil>) eval(link)="C:\\Users\\swq\\AppData\\Local\\Temp\\TestTicket107bProbeBJudgedTreeIsTheOpenedTree348592071\\001\\proj",<nil> eval(through)="",The system cannot find the path specified.
    paths_ticket107b_probes_test.go:209: Canonicalize("C:\\Users\\swq\\AppData\\Local\\Temp\\TestTicket107bProbeBJudgedTreeIsTheOpenedTree348592071\\001\\proj\\marker.txt") refused: risk: path traverses a reparse point (junction/symlink) not covered by reparse_point_exceptions (judging the lexical spelling instead)
    paths_ticket107b_probes_test.go:211: unexpanded link root: roots=[] unusable=["C:\\Users\\swq\\AppData\\Local\\Temp\\TestTicket107bProbeBJudgedTreeIsTheOpenedTree348592071\\001\\proj": risk: path traverses a reparse point (junction/symlink) not covered by reparse_point_exceptions] judged="C:\\Users\\swq\\AppData\\Local\\Temp\\TestTicket107bProbeBJudgedTreeIsTheOpenedTree348592071\\001\\proj\\marker.txt" opened="C:\\Users\\swq\\AppData\\Local\\Temp\\TestTicket107bProbeBJudgedTreeIsTheOpenedTree348592071\\001\\proj\\marker.txt" InAllowlist=false
--- PASS: TestTicket107bProbeBJudgedTreeIsTheOpenedTree (0.06s)
=== RUN   TestWorkspaceSwitchNarrowsWhatTheAssessorJudges
    paths_workspace_test.go:86: AC#3(i): C:\Users\swq\AppData\Local\Temp\TestWorkspaceSwitchNarrowsWhatTheAssessorJudges1192809633\001\beta write L1 -> L2 after switching to C:\Users\swq\AppData\Local\Temp\TestWorkspaceSwitchNarrowsWhatTheAssessorJudges1192809633\001\alpha; inside the workspace still L1
--- PASS: TestWorkspaceSwitchNarrowsWhatTheAssessorJudges (0.01s)
=== RUN   TestWorkspaceSwitchRefusesOutOfScopeAndMissingPaths
--- PASS: TestWorkspaceSwitchRefusesOutOfScopeAndMissingPaths (0.01s)
=== RUN   TestWorkspaceSwitchRefusesAnExpandedSpelling
=== RUN   TestWorkspaceSwitchRefusesAnExpandedSpelling/leading_tilde
    paths_workspace_test.go:155: expanded spelling refused as required: risk: expansion moved this path onto a tree the caller did not name: ~ expands to C:\Users\swq (home); act on the expanded tree only if you asked for it by name
=== RUN   TestWorkspaceSwitchRefusesAnExpandedSpelling/environment_variable
    paths_workspace_test.go:172: expanded spelling refused as required: risk: expansion moved this path onto a tree the caller did not name: %TEMP% expands to C:\Users\swq\AppData\Local\Temp (env); act on the expanded tree only if you asked for it by name
--- PASS: TestWorkspaceSwitchRefusesAnExpandedSpelling (0.00s)
    --- PASS: TestWorkspaceSwitchRefusesAnExpandedSpelling/leading_tilde (0.00s)
    --- PASS: TestWorkspaceSwitchRefusesAnExpandedSpelling/environment_variable (0.00s)
=== RUN   TestWorkspaceSwitchRefusesAJunctionToOutside
    paths_workspace_test.go:220: junction workspace refused with C26's reason: risk: path traverses a reparse point (junction/symlink) not covered by reparse_point_exceptions
--- PASS: TestWorkspaceSwitchRefusesAJunctionToOutside (0.07s)
=== RUN   TestCanonicalizeReturnsAPathTheOSCanOpen
--- PASS: TestCanonicalizeReturnsAPathTheOSCanOpen (0.01s)
=== RUN   TestCanonicalizeAgreesWithTheOSName
--- PASS: TestCanonicalizeAgreesWithTheOSName (0.00s)
=== RUN   TestFoldPathKeepsPosixBackslashesDistinct
--- PASS: TestFoldPathKeepsPosixBackslashesDistinct (0.00s)
=== RUN   TestDirOfBaseOfCutOnThePlatformSeparator
--- PASS: TestDirOfBaseOfCutOnThePlatformSeparator (0.00s)
=== RUN   TestRecycleBinStructLayoutMatchesWin32
--- PASS: TestRecycleBinStructLayoutMatchesWin32 (0.00s)
=== RUN   TestShellTrashLeavesARecycleBinEntryTheOSCanEnumerate
--- PASS: TestShellTrashLeavesARecycleBinEntryTheOSCanEnumerate (0.09s)
=== RUN   TestShellTrashRefusesAMissingPathWithoutDeletingAnything
--- PASS: TestShellTrashRefusesAMissingPathWithoutDeletingAnything (0.00s)
=== RUN   TestTicket90ModeReachesRoutingAsParameter
--- PASS: TestTicket90ModeReachesRoutingAsParameter (0.00s)
=== RUN   TestTicket90TwoBridgesDoNotShareOneMode
--- PASS: TestTicket90TwoBridgesDoNotShareOneMode (0.00s)
=== RUN   TestTicket90UnwiredModeSourceIsTheStrictestMode
--- PASS: TestTicket90UnwiredModeSourceIsTheStrictestMode (0.00s)
=== RUN   TestTicket90IrreversibleStillAsksInEveryMode
--- PASS: TestTicket90IrreversibleStillAsksInEveryMode (0.00s)
=== RUN   TestTicket90TaintEscalationNeverSilenced
--- PASS: TestTicket90TaintEscalationNeverSilenced (0.00s)
=== RUN   TestTicket90TierADenySurvivesEveryMode
--- PASS: TestTicket90TierADenySurvivesEveryMode (0.02s)
=== RUN   TestTicket90ModeCarriesNoAllowAuthority
--- PASS: TestTicket90ModeCarriesNoAllowAuthority (0.00s)
=== RUN   TestTicket90BlacklistGateIsCalledOnLivePath
--- PASS: TestTicket90BlacklistGateIsCalledOnLivePath (0.01s)
=== RUN   TestLoopPassesDeclaredL1WriteThroughTheGate
time=2026-09-26T20:41:51.822+08:00 level=INFO msg="pre-migration backup written" component=memory backup=C:\Users\swq\AppData\Local\Temp\TestLoopPassesDeclaredL1WriteThroughTheGate2933876402\001\db\backup\wisp.db.bak-0-1 from=0 to=1
time=2026-09-26T20:41:51.831+08:00 level=INFO msg="schema migration step applied" component=memory from=0 to=1 started_at=2026-09-26T12:41:51Z duration_ms=8
time=2026-09-26T20:41:51.841+08:00 level=INFO msg="pre-migration backup written" component=memory backup=C:\Users\swq\AppData\Local\Temp\TestLoopPassesDeclaredL1WriteThroughTheGate2933876402\001\db\backup\wisp.db.bak-1-2 from=1 to=2
time=2026-09-26T20:41:51.847+08:00 level=INFO msg="schema migration step applied" component=memory from=1 to=2 started_at=2026-09-26T12:41:51Z duration_ms=6
time=2026-09-26T20:41:51.852+08:00 level=INFO msg="schema migration complete" component=memory schema_version=2
time=2026-09-26T20:41:51.855+08:00 level=INFO msg="startup WAL checkpoint (TRUNCATE) done" component=memory wal_pages_before=0 pages_moved=0
--- PASS: TestLoopPassesDeclaredL1WriteThroughTheGate (3.09s)
=== RUN   TestLoopStillRefusesL1WhenNoGateIsRegistered
time=2026-09-26T20:41:54.912+08:00 level=INFO msg="pre-migration backup written" component=memory backup=C:\Users\swq\AppData\Local\Temp\TestLoopStillRefusesL1WhenNoGateIsRegistered2327608493\001\db\backup\wisp.db.bak-0-1 from=0 to=1
time=2026-09-26T20:41:54.920+08:00 level=INFO msg="schema migration step applied" component=memory from=0 to=1 started_at=2026-09-26T12:41:54Z duration_ms=8
time=2026-09-26T20:41:54.928+08:00 level=INFO msg="pre-migration backup written" component=memory backup=C:\Users\swq\AppData\Local\Temp\TestLoopStillRefusesL1WhenNoGateIsRegistered2327608493\001\db\backup\wisp.db.bak-1-2 from=1 to=2
time=2026-09-26T20:41:54.933+08:00 level=INFO msg="schema migration step applied" component=memory from=1 to=2 started_at=2026-09-26T12:41:54Z duration_ms=4
time=2026-09-26T20:41:54.938+08:00 level=INFO msg="schema migration complete" component=memory schema_version=2
time=2026-09-26T20:41:54.940+08:00 level=INFO msg="startup WAL checkpoint (TRUNCATE) done" component=memory wal_pages_before=0 pages_moved=0
--- PASS: TestLoopStillRefusesL1WhenNoGateIsRegistered (0.07s)
=== RUN   TestL1WriteGoesThroughTheRealBlockWindow
--- PASS: TestL1WriteGoesThroughTheRealBlockWindow (3.01s)
=== RUN   TestVetoInsideTheWindowWritesNothing
--- PASS: TestVetoInsideTheWindowWritesNothing (0.01s)
=== RUN   TestLateVetoRendersTheApprovalLayersAppliedStepsReport
--- PASS: TestLateVetoRendersTheApprovalLayersAppliedStepsReport (3.01s)
=== RUN   TestApprovedL2ThatStopsMidWriteIsNotRenderedAsNeverStarted
--- PASS: TestApprovedL2ThatStopsMidWriteIsNotRenderedAsNeverStarted (0.01s)
=== RUN   TestFSReadOnlyNeverOpensACard
--- PASS: TestFSReadOnlyNeverOpensACard (0.01s)
PASS
ok  	github.com/CarlosShao/wisp/internal/tools	13.312s
