$ go test -count=1 -overlay C:\Users\swq\AppData\Local\Temp\wisp149\mut\pre-B5-timeout-drops-summary\overlay.json -v -run TestSLO144|TestSLO147|TestSLO149 ./cmd/wisp/

time=2026-09-25T23:10:46.465+08:00 level=INFO msg="winsec: sealing path resolver installed" resolver=risk.c26Pipeline probes_passed=2
=== RUN   TestSLO144EveryPrefixOfARealReportIsUnwrittenNotCorrupt
--- PASS: TestSLO144EveryPrefixOfARealReportIsUnwrittenNotCorrupt (0.01s)
=== RUN   TestSLO144ReportsThatContradictThemselvesAreCorruptNow
=== RUN   TestSLO144ReportsThatContradictThemselvesAreCorruptNow/html-head
=== RUN   TestSLO144ReportsThatContradictThemselvesAreCorruptNow/stray-comma
=== RUN   TestSLO144ReportsThatContradictThemselvesAreCorruptNow/wrong-type
=== RUN   TestSLO144ReportsThatContradictThemselvesAreCorruptNow/trailing-garbage
=== RUN   TestSLO144ReportsThatContradictThemselvesAreCorruptNow/second-document
=== RUN   TestSLO144ReportsThatContradictThemselvesAreCorruptNow/complete-but-no-state-report
=== RUN   TestSLO144ReportsThatContradictThemselvesAreCorruptNow/empty-object-is-a-finished-lie
--- PASS: TestSLO144ReportsThatContradictThemselvesAreCorruptNow (0.00s)
    --- PASS: TestSLO144ReportsThatContradictThemselvesAreCorruptNow/html-head (0.00s)
    --- PASS: TestSLO144ReportsThatContradictThemselvesAreCorruptNow/stray-comma (0.00s)
    --- PASS: TestSLO144ReportsThatContradictThemselvesAreCorruptNow/wrong-type (0.00s)
    --- PASS: TestSLO144ReportsThatContradictThemselvesAreCorruptNow/trailing-garbage (0.00s)
    --- PASS: TestSLO144ReportsThatContradictThemselvesAreCorruptNow/second-document (0.00s)
    --- PASS: TestSLO144ReportsThatContradictThemselvesAreCorruptNow/complete-but-no-state-report (0.00s)
    --- PASS: TestSLO144ReportsThatContradictThemselvesAreCorruptNow/empty-object-is-a-finished-lie (0.00s)
=== RUN   TestSLO144LoopRetriesAnUnfinishedFileAndReadsTheWholeReport
--- PASS: TestSLO144LoopRetriesAnUnfinishedFileAndReadsTheWholeReport (0.02s)
=== RUN   TestSLO144LoopGiveUpSentencesOnRealFiles
    slo_report_144_windows_test.go:232: unfinished give-up "wisp slo: subject 4243 never wrote a complete report within 50ms" does not name "44 bytes"
    slo_report_144_windows_test.go:232: unfinished give-up "wisp slo: subject 4243 never wrote a complete report within 50ms" does not name "tail had not arrived"
--- FAIL: TestSLO144LoopGiveUpSentencesOnRealFiles (0.05s)
=== RUN   TestSLO144CorruptReportIsJudgedOnTheFirstRead
--- PASS: TestSLO144CorruptReportIsJudgedOnTheFirstRead (0.00s)
=== RUN   TestSLO144UnfinishedReportKeepsPollingThenNamesBudgetAndBytes
    slo_report_144_windows_test.go:327: give-up error "wisp slo: subject 4246 never wrote a complete report within 60ms" does not name "8 bytes"
    slo_report_144_windows_test.go:327: give-up error "wisp slo: subject 4246 never wrote a complete report within 60ms" does not name "tail had not arrived"
--- FAIL: TestSLO144UnfinishedReportKeepsPollingThenNamesBudgetAndBytes (0.06s)
=== RUN   TestSLO144ReportThatArrivesAfterMissingReadingsIsCollected
--- PASS: TestSLO144ReportThatArrivesAfterMissingReadingsIsCollected (0.01s)
=== RUN   TestSLO147UnwrittenSentenceNamesTheOffsetTheDocumentStoppedAt
--- PASS: TestSLO147UnwrittenSentenceNamesTheOffsetTheDocumentStoppedAt (0.01s)
=== RUN   TestSLO147LoopGiveUpSentenceAgreesWithTheBytesItRead
    slo_report_144_windows_test.go:467: give-up error "wisp slo: subject 4248 never wrote a complete report within 60ms" does not read as bytes-then-offset
--- FAIL: TestSLO147LoopGiveUpSentenceAgreesWithTheBytesItRead (0.06s)
=== RUN   TestSLO147OffsetSemanticsRenderThreeDifferentSentences
--- PASS: TestSLO147OffsetSemanticsRenderThreeDifferentSentences (0.04s)
FAIL
FAIL	github.com/CarlosShao/wisp/cmd/wisp	0.346s
FAIL
