time=2026-10-05T11:41:19.373+08:00 level=INFO msg="winsec: sealing path resolver installed" resolver=risk.c26Pipeline probes_passed=2
=== RUN   TestPanelHostRealWindowHopAndLifecycle
    panel_host_windows_test.go:660: cold bring-up measured on this box: 1031.424 ms (HEAD 51ea6998 at read time, 2026-10-05T11:41:20+08:00)
    panel_host_windows_test.go:713: AC#1 pre-hide tree settle: reading held after 1 extra sample(s) at our tree webview=8 (machine-wide 20)
    panel_host_windows_test.go:749: AC#1 re-show tree settle: reading held after 1 extra sample(s) at our tree webview=8 (machine-wide 20)
    panel_host_windows_test.go:779: AC#1 denominators (head 51ea6998): our tree webview=8 direct-children=1 tree-pids=8 | browser hosts pre=[20980] mine=[20980] post=[20980] added=[] mine-died=[] | machine-wide msedgewebview2=20 | same HWND 0x46b0322 across hide->re-show=true
    panel_host_windows_test.go:787: hot re-show measured on this box: 79.983 ms
    panel_host_windows_test.go:814: AC#3 listening-socket ruler (head 51ea6998): IPv4 rows=412 LISTEN-owned-by-tree=0 ; IPv6 rows=85 LISTEN-owned-by-tree=0 err=<nil>
    panel_host_windows_test.go:840: AC#1 after Destroy (head 51ea6998), ONE sample and no timing claim: our tree webview baseline 0 -> now 8, machine-wide 12 -> 20. The bounded 'children exit within 2s' clause moved to the winlive tier by 33-r5 (orchestrator ruling 10-01 12:22, form B) - see panel_host_windows_live_test.go and the cost named there: winlive has no CI job
--- PASS: TestPanelHostRealWindowHopAndLifecycle (1.72s)
=== RUN   TestPanelHostLatencyPercentilesAC2
    panel_host_windows_test.go:987: AC#2 appendix (head 51ea6998, n=1, same-process consecutive runs):
    panel_host_windows_test.go:993:   sample  1: cold=1031.424 ms hot=79.983 ms at 2026-10-05T11:41:21+08:00
    panel_host_windows_test.go:999: AC#2 percentiles over 1 runs (nearest-rank): cold P50=1031.424 P95=1031.424 (budget 1500) | hot P50=79.983 P95=79.983 (budget 200)
    panel_host_windows_test.go:1003: AC#2 P11 line (cold > 2000 ms) - max cold observed over these runs: 1031.424 ms
--- PASS: TestPanelHostLatencyPercentilesAC2 (0.00s)
=== RUN   TestPanelHostRealWindowHopAndLifecycle
    panel_host_windows_test.go:660: cold bring-up measured on this box: 2107.868 ms (HEAD 51ea6998 at read time, 2026-10-05T11:41:24+08:00)
    panel_host_windows_test.go:665: cold bring-up 2107.9 ms exceeds D32 panel cold budget 1500 ms
    panel_host_windows_test.go:713: AC#1 pre-hide tree settle: reading held after 1 extra sample(s) at our tree webview=7 (machine-wide 19)
    panel_host_windows_test.go:749: AC#1 re-show tree settle: reading held after 1 extra sample(s) at our tree webview=7 (machine-wide 19)
    panel_host_windows_test.go:779: AC#1 denominators (head 51ea6998): our tree webview=7 direct-children=1 tree-pids=7 | browser hosts pre=[20368] mine=[20368] post=[20368] added=[] mine-died=[] | machine-wide msedgewebview2=19 | same HWND 0xeb809e0 across hide->re-show=true
    panel_host_windows_test.go:787: hot re-show measured on this box: 51.446 ms
    panel_host_windows_test.go:814: AC#3 listening-socket ruler (head 51ea6998): IPv4 rows=411 LISTEN-owned-by-tree=0 ; IPv6 rows=85 LISTEN-owned-by-tree=0 err=<nil>
    panel_host_windows_test.go:840: AC#1 after Destroy (head 51ea6998), ONE sample and no timing claim: our tree webview baseline 7 -> now 7, machine-wide 19 -> 19. The bounded 'children exit within 2s' clause moved to the winlive tier by 33-r5 (orchestrator ruling 10-01 12:22, form B) - see panel_host_windows_live_test.go and the cost named there: winlive has no CI job
--- FAIL: TestPanelHostRealWindowHopAndLifecycle (3.42s)
=== RUN   TestPanelHostLatencyPercentilesAC2
    panel_host_windows_test.go:987: AC#2 appendix (head 51ea6998, n=2, same-process consecutive runs):
    panel_host_windows_test.go:993:   sample  1: cold=1031.424 ms hot=79.983 ms at 2026-10-05T11:41:21+08:00
    panel_host_windows_test.go:993:   sample  2: cold=2107.868 ms hot=51.446 ms at 2026-10-05T11:41:24+08:00
    panel_host_windows_test.go:999: AC#2 percentiles over 2 runs (nearest-rank): cold P50=1031.424 P95=2107.868 (budget 1500) | hot P50=51.446 P95=79.983 (budget 200)
    panel_host_windows_test.go:1003: AC#2 P11 line (cold > 2000 ms) - max cold observed over these runs: 2107.868 ms
    panel_host_windows_test.go:1005: cold P95 2107.868 ms over 2 runs exceeds the D32 panel cold budget 1500 ms (the single-run assertion is not the only gate: the tail is what AC#2 asks for)
--- FAIL: TestPanelHostLatencyPercentilesAC2 (0.00s)
=== RUN   TestPanelHostRealWindowHopAndLifecycle
    panel_host_windows_test.go:660: cold bring-up measured on this box: 1909.678 ms (HEAD 51ea6998 at read time, 2026-10-05T11:41:27+08:00)
    panel_host_windows_test.go:665: cold bring-up 1909.7 ms exceeds D32 panel cold budget 1500 ms
    panel_host_windows_test.go:713: AC#1 pre-hide tree settle: reading held after 1 extra sample(s) at our tree webview=7 (machine-wide 19)
    panel_host_windows_test.go:749: AC#1 re-show tree settle: reading held after 1 extra sample(s) at our tree webview=7 (machine-wide 19)
    panel_host_windows_test.go:779: AC#1 denominators (head 51ea6998): our tree webview=7 direct-children=1 tree-pids=7 | browser hosts pre=[25484] mine=[25484] post=[25484] added=[] mine-died=[] | machine-wide msedgewebview2=19 | same HWND 0x4f206c2 across hide->re-show=true
    panel_host_windows_test.go:787: hot re-show measured on this box: 73.756 ms
    panel_host_windows_test.go:814: AC#3 listening-socket ruler (head 51ea6998): IPv4 rows=457 LISTEN-owned-by-tree=0 ; IPv6 rows=83 LISTEN-owned-by-tree=0 err=<nil>
    panel_host_windows_test.go:840: AC#1 after Destroy (head 51ea6998), ONE sample and no timing claim: our tree webview baseline 7 -> now 7, machine-wide 19 -> 19. The bounded 'children exit within 2s' clause moved to the winlive tier by 33-r5 (orchestrator ruling 10-01 12:22, form B) - see panel_host_windows_live_test.go and the cost named there: winlive has no CI job
--- FAIL: TestPanelHostRealWindowHopAndLifecycle (2.39s)
=== RUN   TestPanelHostLatencyPercentilesAC2
    panel_host_windows_test.go:987: AC#2 appendix (head 51ea6998, n=3, same-process consecutive runs):
    panel_host_windows_test.go:993:   sample  1: cold=1031.424 ms hot=79.983 ms at 2026-10-05T11:41:21+08:00
    panel_host_windows_test.go:993:   sample  2: cold=2107.868 ms hot=51.446 ms at 2026-10-05T11:41:24+08:00
    panel_host_windows_test.go:993:   sample  3: cold=1909.678 ms hot=73.756 ms at 2026-10-05T11:41:27+08:00
    panel_host_windows_test.go:999: AC#2 percentiles over 3 runs (nearest-rank): cold P50=1909.678 P95=2107.868 (budget 1500) | hot P50=73.756 P95=79.983 (budget 200)
    panel_host_windows_test.go:1003: AC#2 P11 line (cold > 2000 ms) - max cold observed over these runs: 2107.868 ms
    panel_host_windows_test.go:1005: cold P95 2107.868 ms over 3 runs exceeds the D32 panel cold budget 1500 ms (the single-run assertion is not the only gate: the tail is what AC#2 asks for)
--- FAIL: TestPanelHostLatencyPercentilesAC2 (0.00s)
FAIL
FAIL	github.com/CarlosShao/wisp/cmd/wisp	8.601s
FAIL
