$ go test -count=1 -overlay C:\Users\swq\AppData\Local\Temp\wisp149\mut\p7-exited-drops-summary\overlay.json -v -run TestSLO144|TestSLO147|TestSLO149 ./cmd/wisp/

time=2026-09-25T23:37:48.471+08:00 level=INFO msg="winsec: sealing path resolver installed" resolver=risk.c26Pipeline probes_passed=2
=== RUN   TestSLO144EveryPrefixOfARealReportIsUnwrittenNotCorrupt
--- PASS: TestSLO144EveryPrefixOfARealReportIsUnwrittenNotCorrupt (0.02s)
=== RUN   TestSLO144ReportsThatContradictThemselvesAreCorruptNow
=== RUN   TestSLO144ReportsThatContradictThemselvesAreCorruptNow/html-head
=== RUN   TestSLO144ReportsThatContradictThemselvesAreCorruptNow/stray-comma
=== RUN   TestSLO144ReportsThatContradictThemselvesAreCorruptNow/wrong-type
=== RUN   TestSLO144ReportsThatContradictThemselvesAreCorruptNow/trailing-garbage
=== RUN   TestSLO144ReportsThatContradictThemselvesAreCorruptNow/second-document
=== RUN   TestSLO144ReportsThatContradictThemselvesAreCorruptNow/complete-but-no-state-report
=== RUN   TestSLO144ReportsThatContradictThemselvesAreCorruptNow/empty-object-is-a-finished-lie
--- PASS: TestSLO144ReportsThatContradictThemselvesAreCorruptNow (0.00s)
    --- PASS: TestSLO144ReportsThatContradictThemselvesAreCorruptNow/html-head (0.00s)
    --- PASS: TestSLO144ReportsThatContradictThemselvesAreCorruptNow/stray-comma (0.00s)
    --- PASS: TestSLO144ReportsThatContradictThemselvesAreCorruptNow/wrong-type (0.00s)
    --- PASS: TestSLO144ReportsThatContradictThemselvesAreCorruptNow/trailing-garbage (0.00s)
    --- PASS: TestSLO144ReportsThatContradictThemselvesAreCorruptNow/second-document (0.00s)
    --- PASS: TestSLO144ReportsThatContradictThemselvesAreCorruptNow/complete-but-no-state-report (0.00s)
    --- PASS: TestSLO144ReportsThatContradictThemselvesAreCorruptNow/empty-object-is-a-finished-lie (0.00s)
=== RUN   TestSLO144LoopRetriesAnUnfinishedFileAndReadsTheWholeReport
--- PASS: TestSLO144LoopRetriesAnUnfinishedFileAndReadsTheWholeReport (0.03s)
=== RUN   TestSLO144LoopGiveUpSentencesOnRealFiles
--- PASS: TestSLO144LoopGiveUpSentencesOnRealFiles (0.06s)
=== RUN   TestSLO144CorruptReportIsJudgedOnTheFirstRead
--- PASS: TestSLO144CorruptReportIsJudgedOnTheFirstRead (0.00s)
=== RUN   TestSLO144UnfinishedReportKeepsPollingThenNamesBudgetAndBytes
--- PASS: TestSLO144UnfinishedReportKeepsPollingThenNamesBudgetAndBytes (0.06s)
=== RUN   TestSLO144ReportThatArrivesAfterMissingReadingsIsCollected
--- PASS: TestSLO144ReportThatArrivesAfterMissingReadingsIsCollected (0.00s)
=== RUN   TestSLO147UnwrittenSentenceNamesTheOffsetTheDocumentStoppedAt
--- PASS: TestSLO147UnwrittenSentenceNamesTheOffsetTheDocumentStoppedAt (0.02s)
=== RUN   TestSLO147LoopGiveUpSentenceAgreesWithTheBytesItRead
--- PASS: TestSLO147LoopGiveUpSentenceAgreesWithTheBytesItRead (0.06s)
=== RUN   TestSLO147OffsetSemanticsRenderThreeDifferentSentences
--- PASS: TestSLO147OffsetSemanticsRenderThreeDifferentSentences (0.04s)
=== RUN   TestSLO149CorruptSentenceNamesThePositionTheDecoderObjectedAt
--- PASS: TestSLO149CorruptSentenceNamesThePositionTheDecoderObjectedAt (0.00s)
=== RUN   TestSLO149CorruptLegsWithoutADecoderErrorKeepTheirOwnEnd
--- PASS: TestSLO149CorruptLegsWithoutADecoderErrorKeepTheirOwnEnd (0.00s)
=== RUN   TestSLO149ExitedGiveUpSentenceCarriesTheLastReading
    slo_report_144_windows_test.go:747: exited give-up "wisp slo: subject 3804 exited (code 7) without writing its report" does not carry the last reading "8 bytes read, document still open at offset 8: the tail had not arrived"
    slo_report_144_windows_test.go:769: exited give-up "wisp slo: subject 3804 exited (code 7) without writing its report" does not carry the note-bearing last reading "0 bytes read, no report file yet"
    slo_report_144_windows_test.go:780: the two exited shapes render the same sentence: "wisp slo: subject 3804 exited (code 7) without writing its report"
    slo_report_144_windows_test.go:783: the exited sentences no longer separate position from note: "wisp slo: subject 3804 exited (code 7) without writing its report" / "wisp slo: subject 3804 exited (code 7) without writing its report"
--- FAIL: TestSLO149ExitedGiveUpSentenceCarriesTheLastReading (0.05s)
FAIL
FAIL	github.com/CarlosShao/wisp/cmd/wisp	0.420s
FAIL
