time=2026-10-05T09:27:21.901+08:00 level=INFO msg="winsec: sealing path resolver installed" resolver=risk.c26Pipeline probes_passed=2
=== RUN   TestValidateRiskConfirmTimeoutRange
=== RUN   TestValidateRiskConfirmTimeoutRange/reject_30
    validate_test.go:196: risk.confirm_timeout_sec=30 must be rejected (out of range [31, 3600])
=== RUN   TestValidateRiskConfirmTimeoutRange/reject_10
    validate_test.go:196: risk.confirm_timeout_sec=10 must be rejected (out of range [31, 3600])
=== RUN   TestValidateRiskConfirmTimeoutRange/reject_3601
    validate_test.go:196: risk.confirm_timeout_sec=3601 must be rejected (out of range [31, 3600])
=== RUN   TestValidateRiskConfirmTimeoutRange/reject_99999
    validate_test.go:196: risk.confirm_timeout_sec=99999 must be rejected (out of range [31, 3600])
=== RUN   TestValidateRiskConfirmTimeoutRange/reject_0
    validate_test.go:196: risk.confirm_timeout_sec=0 must be rejected (out of range [31, 3600])
=== RUN   TestValidateRiskConfirmTimeoutRange/reject_-1
    validate_test.go:196: risk.confirm_timeout_sec=-1 must be rejected (out of range [31, 3600])
=== RUN   TestValidateRiskConfirmTimeoutRange/accept_31
=== RUN   TestValidateRiskConfirmTimeoutRange/accept_300
=== RUN   TestValidateRiskConfirmTimeoutRange/accept_3600
--- FAIL: TestValidateRiskConfirmTimeoutRange (0.00s)
    --- FAIL: TestValidateRiskConfirmTimeoutRange/reject_30 (0.00s)
    --- FAIL: TestValidateRiskConfirmTimeoutRange/reject_10 (0.00s)
    --- FAIL: TestValidateRiskConfirmTimeoutRange/reject_3601 (0.00s)
    --- FAIL: TestValidateRiskConfirmTimeoutRange/reject_99999 (0.00s)
    --- FAIL: TestValidateRiskConfirmTimeoutRange/reject_0 (0.00s)
    --- FAIL: TestValidateRiskConfirmTimeoutRange/reject_-1 (0.00s)
    --- PASS: TestValidateRiskConfirmTimeoutRange/accept_31 (0.00s)
    --- PASS: TestValidateRiskConfirmTimeoutRange/accept_300 (0.00s)
    --- PASS: TestValidateRiskConfirmTimeoutRange/accept_3600 (0.00s)
=== RUN   TestConfirmTimeoutIsBandedOnTheLoadPath
=== RUN   TestConfirmTimeoutIsBandedOnTheLoadPath/reject_30
    validate_267_test.go:94: confirm_timeout_sec = 30 must be refused at load
=== RUN   TestConfirmTimeoutIsBandedOnTheLoadPath/reject_10
    validate_267_test.go:94: confirm_timeout_sec = 10 must be refused at load
=== RUN   TestConfirmTimeoutIsBandedOnTheLoadPath/reject_3601
    validate_267_test.go:94: confirm_timeout_sec = 3601 must be refused at load
=== RUN   TestConfirmTimeoutIsBandedOnTheLoadPath/reject_99999
    validate_267_test.go:94: confirm_timeout_sec = 99999 must be refused at load
=== RUN   TestConfirmTimeoutIsBandedOnTheLoadPath/reject_0
    validate_267_test.go:94: confirm_timeout_sec = 0 must be refused at load
=== RUN   TestConfirmTimeoutIsBandedOnTheLoadPath/reject_-1
    validate_267_test.go:94: confirm_timeout_sec = -1 must be refused at load
=== RUN   TestConfirmTimeoutIsBandedOnTheLoadPath/accept_31
=== RUN   TestConfirmTimeoutIsBandedOnTheLoadPath/accept_300
=== RUN   TestConfirmTimeoutIsBandedOnTheLoadPath/accept_3600
--- FAIL: TestConfirmTimeoutIsBandedOnTheLoadPath (0.03s)
    --- FAIL: TestConfirmTimeoutIsBandedOnTheLoadPath/reject_30 (0.00s)
    --- FAIL: TestConfirmTimeoutIsBandedOnTheLoadPath/reject_10 (0.00s)
    --- FAIL: TestConfirmTimeoutIsBandedOnTheLoadPath/reject_3601 (0.00s)
    --- FAIL: TestConfirmTimeoutIsBandedOnTheLoadPath/reject_99999 (0.00s)
    --- FAIL: TestConfirmTimeoutIsBandedOnTheLoadPath/reject_0 (0.00s)
    --- FAIL: TestConfirmTimeoutIsBandedOnTheLoadPath/reject_-1 (0.00s)
    --- PASS: TestConfirmTimeoutIsBandedOnTheLoadPath/accept_31 (0.00s)
    --- PASS: TestConfirmTimeoutIsBandedOnTheLoadPath/accept_300 (0.00s)
    --- PASS: TestConfirmTimeoutIsBandedOnTheLoadPath/accept_3600 (0.00s)
FAIL
FAIL	github.com/CarlosShao/wisp/internal/config	0.085s
FAIL
