time=2026-10-05T09:31:09.747+08:00 level=INFO msg="winsec: sealing path resolver installed" resolver=risk.c26Pipeline probes_passed=2
=== RUN   TestValidateRiskConfirmTimeoutRange
=== RUN   TestValidateRiskConfirmTimeoutRange/reject_30
    validate_test.go:200: risk.confirm_timeout_sec=30 must be rejected (out of range [31, 3600])
=== RUN   TestValidateRiskConfirmTimeoutRange/reject_10
    validate_test.go:200: risk.confirm_timeout_sec=10 must be rejected (out of range [31, 3600])
=== RUN   TestValidateRiskConfirmTimeoutRange/reject_3601
    validate_test.go:206: error "config: config.toml: risk.confirm_timeout_sec 3601 out of range [1, 3600]" must state the band "out of range [31, 3600]"
=== RUN   TestValidateRiskConfirmTimeoutRange/reject_99999
    validate_test.go:206: error "config: config.toml: risk.confirm_timeout_sec 99999 out of range [1, 3600]" must state the band "out of range [31, 3600]"
=== RUN   TestValidateRiskConfirmTimeoutRange/reject_0
    validate_test.go:206: error "config: config.toml: risk.confirm_timeout_sec 0 out of range [1, 3600]" must state the band "out of range [31, 3600]"
=== RUN   TestValidateRiskConfirmTimeoutRange/reject_-1
    validate_test.go:206: error "config: config.toml: risk.confirm_timeout_sec -1 out of range [1, 3600]" must state the band "out of range [31, 3600]"
=== RUN   TestValidateRiskConfirmTimeoutRange/accept_31
=== RUN   TestValidateRiskConfirmTimeoutRange/accept_300
=== RUN   TestValidateRiskConfirmTimeoutRange/accept_3600
--- FAIL: TestValidateRiskConfirmTimeoutRange (0.00s)
    --- FAIL: TestValidateRiskConfirmTimeoutRange/reject_30 (0.00s)
    --- FAIL: TestValidateRiskConfirmTimeoutRange/reject_10 (0.00s)
    --- FAIL: TestValidateRiskConfirmTimeoutRange/reject_3601 (0.00s)
    --- FAIL: TestValidateRiskConfirmTimeoutRange/reject_99999 (0.00s)
    --- FAIL: TestValidateRiskConfirmTimeoutRange/reject_0 (0.00s)
    --- FAIL: TestValidateRiskConfirmTimeoutRange/reject_-1 (0.00s)
    --- PASS: TestValidateRiskConfirmTimeoutRange/accept_31 (0.00s)
    --- PASS: TestValidateRiskConfirmTimeoutRange/accept_300 (0.00s)
    --- PASS: TestValidateRiskConfirmTimeoutRange/accept_3600 (0.00s)
=== RUN   TestConfirmTimeoutFloorSitsAboveApprovalWarningLead
    validate_267_test.go:68: confirm_timeout_sec = 30 must be refused: it equals approval.DefaultApprovalWarning (30s), so gate.go's `lead := Timeout() - WarningLead()` is <= 0 and the C18 warning never arms
--- FAIL: TestConfirmTimeoutFloorSitsAboveApprovalWarningLead (0.00s)
=== RUN   TestConfirmTimeoutIsBandedOnTheLoadPath
=== RUN   TestConfirmTimeoutIsBandedOnTheLoadPath/reject_30
    validate_267_test.go:94: confirm_timeout_sec = 30 must be refused at load
=== RUN   TestConfirmTimeoutIsBandedOnTheLoadPath/reject_10
    validate_267_test.go:94: confirm_timeout_sec = 10 must be refused at load
=== RUN   TestConfirmTimeoutIsBandedOnTheLoadPath/reject_3601
=== RUN   TestConfirmTimeoutIsBandedOnTheLoadPath/reject_99999
=== RUN   TestConfirmTimeoutIsBandedOnTheLoadPath/reject_0
=== RUN   TestConfirmTimeoutIsBandedOnTheLoadPath/reject_-1
=== RUN   TestConfirmTimeoutIsBandedOnTheLoadPath/accept_31
=== RUN   TestConfirmTimeoutIsBandedOnTheLoadPath/accept_300
=== RUN   TestConfirmTimeoutIsBandedOnTheLoadPath/accept_3600
--- FAIL: TestConfirmTimeoutIsBandedOnTheLoadPath (0.02s)
    --- FAIL: TestConfirmTimeoutIsBandedOnTheLoadPath/reject_30 (0.00s)
    --- FAIL: TestConfirmTimeoutIsBandedOnTheLoadPath/reject_10 (0.00s)
    --- PASS: TestConfirmTimeoutIsBandedOnTheLoadPath/reject_3601 (0.00s)
    --- PASS: TestConfirmTimeoutIsBandedOnTheLoadPath/reject_99999 (0.00s)
    --- PASS: TestConfirmTimeoutIsBandedOnTheLoadPath/reject_0 (0.00s)
    --- PASS: TestConfirmTimeoutIsBandedOnTheLoadPath/reject_-1 (0.00s)
    --- PASS: TestConfirmTimeoutIsBandedOnTheLoadPath/accept_31 (0.00s)
    --- PASS: TestConfirmTimeoutIsBandedOnTheLoadPath/accept_300 (0.00s)
    --- PASS: TestConfirmTimeoutIsBandedOnTheLoadPath/accept_3600 (0.00s)
=== RUN   TestMinimumLegalConfirmTimeoutKeepsC18Warning
    validate_267_test.go:131: smallest legal timeout 31s, warning lead 30s, arming lead 1s > 0
--- PASS: TestMinimumLegalConfirmTimeoutKeepsC18Warning (0.00s)
FAIL
FAIL	github.com/CarlosShao/wisp/internal/config	0.071s
FAIL
