$ go test -count=1 -overlay C:\Users\swq\AppData\Local\Temp\wisp149\mut\x-p12-d11c\overlay.json -v -run TestSLO144|TestSLO147|TestSLO149 ./cmd/wisp/

time=2026-09-25T23:14:05.636+08:00 level=INFO msg="winsec: sealing path resolver installed" resolver=risk.c26Pipeline probes_passed=2
=== RUN   TestSLO144EveryPrefixOfARealReportIsUnwrittenNotCorrupt
--- PASS: TestSLO144EveryPrefixOfARealReportIsUnwrittenNotCorrupt (0.01s)
=== RUN   TestSLO144ReportsThatContradictThemselvesAreCorruptNow
=== RUN   TestSLO144ReportsThatContradictThemselvesAreCorruptNow/html-head
    slo_report_144_windows_test.go:159: error "1 bytes contradict a subject report at offset 1: invalid character '<' looking for beginning of value" does not name the 43 bytes it read
=== RUN   TestSLO144ReportsThatContradictThemselvesAreCorruptNow/stray-comma
    slo_report_144_windows_test.go:159: error "27 bytes contradict a subject report at offset 27: invalid character ',' looking for beginning of object key string" does not name the 39 bytes it read
=== RUN   TestSLO144ReportsThatContradictThemselvesAreCorruptNow/wrong-type
    slo_report_144_windows_test.go:159: error "12 bytes contradict a subject report at offset 12: json: cannot unmarshal number into Go struct field sloRun.mode of type string" does not name the 13 bytes it read
=== RUN   TestSLO144ReportsThatContradictThemselvesAreCorruptNow/trailing-garbage
=== RUN   TestSLO144ReportsThatContradictThemselvesAreCorruptNow/second-document
=== RUN   TestSLO144ReportsThatContradictThemselvesAreCorruptNow/complete-but-no-state-report
=== RUN   TestSLO144ReportsThatContradictThemselvesAreCorruptNow/empty-object-is-a-finished-lie
--- FAIL: TestSLO144ReportsThatContradictThemselvesAreCorruptNow (0.00s)
    --- FAIL: TestSLO144ReportsThatContradictThemselvesAreCorruptNow/html-head (0.00s)
    --- FAIL: TestSLO144ReportsThatContradictThemselvesAreCorruptNow/stray-comma (0.00s)
    --- FAIL: TestSLO144ReportsThatContradictThemselvesAreCorruptNow/wrong-type (0.00s)
    --- PASS: TestSLO144ReportsThatContradictThemselvesAreCorruptNow/trailing-garbage (0.00s)
    --- PASS: TestSLO144ReportsThatContradictThemselvesAreCorruptNow/second-document (0.00s)
    --- PASS: TestSLO144ReportsThatContradictThemselvesAreCorruptNow/complete-but-no-state-report (0.00s)
    --- PASS: TestSLO144ReportsThatContradictThemselvesAreCorruptNow/empty-object-is-a-finished-lie (0.00s)
=== RUN   TestSLO144LoopRetriesAnUnfinishedFileAndReadsTheWholeReport
--- PASS: TestSLO144LoopRetriesAnUnfinishedFileAndReadsTheWholeReport (0.03s)
=== RUN   TestSLO144LoopGiveUpSentencesOnRealFiles
    slo_report_144_windows_test.go:249: corrupt give-up "wisp slo: subject report is corrupt (failing closed on the first read, not a partial write): 1 bytes contradict a subject report at offset 1: invalid character '<' looking for beginning of value" does not name "25 bytes"
--- FAIL: TestSLO144LoopGiveUpSentencesOnRealFiles (0.05s)
=== RUN   TestSLO144CorruptReportIsJudgedOnTheFirstRead
--- PASS: TestSLO144CorruptReportIsJudgedOnTheFirstRead (0.00s)
=== RUN   TestSLO144UnfinishedReportKeepsPollingThenNamesBudgetAndBytes
--- PASS: TestSLO144UnfinishedReportKeepsPollingThenNamesBudgetAndBytes (0.06s)
=== RUN   TestSLO144ReportThatArrivesAfterMissingReadingsIsCollected
--- PASS: TestSLO144ReportThatArrivesAfterMissingReadingsIsCollected (0.00s)
=== RUN   TestSLO147UnwrittenSentenceNamesTheOffsetTheDocumentStoppedAt
--- PASS: TestSLO147UnwrittenSentenceNamesTheOffsetTheDocumentStoppedAt (0.01s)
=== RUN   TestSLO147LoopGiveUpSentenceAgreesWithTheBytesItRead
--- PASS: TestSLO147LoopGiveUpSentenceAgreesWithTheBytesItRead (0.06s)
=== RUN   TestSLO147OffsetSemanticsRenderThreeDifferentSentences
--- PASS: TestSLO147OffsetSemanticsRenderThreeDifferentSentences (0.04s)
=== RUN   TestSLO149CorruptSentenceNamesThePositionTheDecoderObjectedAt
    slo_report_144_windows_test.go:646: 7 of 8 corrupt shapes do not name the byte position the decoder objected at; first: second-comma-at-26: sentence reads 39 bytes then contradicts 27 bytes
--- FAIL: TestSLO149CorruptSentenceNamesThePositionTheDecoderObjectedAt (0.00s)
=== RUN   TestSLO149CorruptLegsWithoutADecoderErrorKeepTheirOwnEnd
--- PASS: TestSLO149CorruptLegsWithoutADecoderErrorKeepTheirOwnEnd (0.00s)
=== RUN   TestSLO149ExitedGiveUpSentenceCarriesTheLastReading
--- PASS: TestSLO149ExitedGiveUpSentenceCarriesTheLastReading (0.16s)
FAIL
FAIL	github.com/CarlosShao/wisp/cmd/wisp	0.562s
FAIL
